ARM Linker, 5.03 [Build 76] [MDK-ARM Professional]

==============================================================================

Section Cross References

    startup_stm32f10x_md.o(STACK) refers (Special) to heapauxi.o(.text) for __use_two_region_memory
    startup_stm32f10x_md.o(HEAP) refers (Special) to heapauxi.o(.text) for __use_two_region_memory
    startup_stm32f10x_md.o(RESET) refers (Special) to heapauxi.o(.text) for __use_two_region_memory
    startup_stm32f10x_md.o(RESET) refers to startup_stm32f10x_md.o(STACK) for __initial_sp
    startup_stm32f10x_md.o(RESET) refers to startup_stm32f10x_md.o(.text) for Reset_Handler
    startup_stm32f10x_md.o(RESET) refers to stm32f10x_it.o(i.NMI_Handler) for NMI_Handler
    startup_stm32f10x_md.o(RESET) refers to stm32f10x_it.o(i.HardFault_Handler) for HardFault_Handler
    startup_stm32f10x_md.o(RESET) refers to stm32f10x_it.o(i.MemManage_Handler) for MemManage_Handler
    startup_stm32f10x_md.o(RESET) refers to stm32f10x_it.o(i.BusFault_Handler) for BusFault_Handler
    startup_stm32f10x_md.o(RESET) refers to stm32f10x_it.o(i.UsageFault_Handler) for UsageFault_Handler
    startup_stm32f10x_md.o(RESET) refers to stm32f10x_it.o(i.SVC_Handler) for SVC_Handler
    startup_stm32f10x_md.o(RESET) refers to stm32f10x_it.o(i.DebugMon_Handler) for DebugMon_Handler
    startup_stm32f10x_md.o(RESET) refers to stm32f10x_it.o(i.PendSV_Handler) for PendSV_Handler
    startup_stm32f10x_md.o(RESET) refers to stm32f10x_it.o(i.SysTick_Handler) for SysTick_Handler
    startup_stm32f10x_md.o(RESET) refers to stm32f10x_it.o(i.EXTI1_IRQHandler) for EXTI1_IRQHandler
    startup_stm32f10x_md.o(RESET) refers to stm32f10x_it.o(i.EXTI9_5_IRQHandler) for EXTI9_5_IRQHandler
    startup_stm32f10x_md.o(RESET) refers to stm32f10x_it.o(i.TIM3_IRQHandler) for TIM3_IRQHandler
    startup_stm32f10x_md.o(RESET) refers to uart.o(i.USART1_IRQHandler) for USART1_IRQHandler
    startup_stm32f10x_md.o(RESET) refers to stm32f10x_it.o(i.EXTI15_10_IRQHandler) for EXTI15_10_IRQHandler
    startup_stm32f10x_md.o(.text) refers (Special) to heapauxi.o(.text) for __use_two_region_memory
    startup_stm32f10x_md.o(.text) refers to system_stm32f10x.o(i.SystemInit) for SystemInit
    startup_stm32f10x_md.o(.text) refers to __main.o(!!!main) for __main
    startup_stm32f10x_md.o(.text) refers to startup_stm32f10x_md.o(HEAP) for Heap_Mem
    startup_stm32f10x_md.o(.text) refers to startup_stm32f10x_md.o(STACK) for Stack_Mem
    main.o(i.main) refers to tasks.o(i.BSP_Int) for BSP_Int
    main.o(i.main) refers to protocol.o(i.Uart_Check) for Uart_Check
    main.o(i.main) refers to tasks.o(i.Task_500HZ) for Task_500HZ
    main.o(i.main) refers to tasks.o(i.Task_100HZ) for Task_100HZ
    main.o(i.main) refers to tasks.o(i.Task_25HZ) for Task_25HZ
    main.o(i.main) refers to tasks.o(i.Task_4HZ) for Task_4HZ
    main.o(i.main) refers to stm32f10x_it.o(.data) for Count_2ms
    stm32f10x_it.o(i.EXTI15_10_IRQHandler) refers to stm32f10x_exti.o(i.EXTI_GetITStatus) for EXTI_GetITStatus
    stm32f10x_it.o(i.EXTI15_10_IRQHandler) refers to stm32f10x_exti.o(i.EXTI_ClearITPendingBit) for EXTI_ClearITPendingBit
    stm32f10x_it.o(i.EXTI15_10_IRQHandler) refers to spi_nrf24l01.o(i.NRF24L01_IRQ) for NRF24L01_IRQ
    stm32f10x_it.o(i.EXTI1_IRQHandler) refers to stm32f10x_exti.o(i.EXTI_GetITStatus) for EXTI_GetITStatus
    stm32f10x_it.o(i.EXTI1_IRQHandler) refers to stm32f10x_exti.o(i.EXTI_ClearITPendingBit) for EXTI_ClearITPendingBit
    stm32f10x_it.o(i.EXTI1_IRQHandler) refers to timer3.o(.data) for Timer3_Count
    stm32f10x_it.o(i.EXTI1_IRQHandler) refers to stm32f10x_it.o(.data) for Key_Delay
    stm32f10x_it.o(i.EXTI1_IRQHandler) refers to key.o(.data) for Mode
    stm32f10x_it.o(i.EXTI9_5_IRQHandler) refers to stm32f10x_exti.o(i.EXTI_GetITStatus) for EXTI_GetITStatus
    stm32f10x_it.o(i.EXTI9_5_IRQHandler) refers to stm32f10x_exti.o(i.EXTI_ClearITPendingBit) for EXTI_ClearITPendingBit
    stm32f10x_it.o(i.EXTI9_5_IRQHandler) refers to timer3.o(.data) for Timer3_Count
    stm32f10x_it.o(i.EXTI9_5_IRQHandler) refers to stm32f10x_it.o(.data) for Key_Delay
    stm32f10x_it.o(i.EXTI9_5_IRQHandler) refers to key.o(.data) for Fun
    stm32f10x_it.o(i.TIM3_IRQHandler) refers to struct_all.o(.data) for Bsp_Int_Ok
    stm32f10x_it.o(i.TIM3_IRQHandler) refers to timer3.o(.data) for Timer3_Count
    stm32f10x_it.o(i.TIM3_IRQHandler) refers to stm32f10x_it.o(.data) for Count_2ms
    system_stm32f10x.o(i.SetSysClock) refers to system_stm32f10x.o(i.SetSysClockTo72) for SetSysClockTo72
    system_stm32f10x.o(i.SystemCoreClockUpdate) refers to system_stm32f10x.o(.data) for SystemCoreClock
    system_stm32f10x.o(i.SystemInit) refers to system_stm32f10x.o(i.SetSysClock) for SetSysClock
    key.o(i.Do_Offset) refers to key.o(.data) for offset
    key.o(i.Do_Offset) refers to struct_all.o(.bss) for Rc
    key.o(i.KEY_Init) refers to stm32f10x_rcc.o(i.RCC_APB2PeriphClockCmd) for RCC_APB2PeriphClockCmd
[...]
    Removing stm32f10x_tim.o(i.TIM_ForcedOC1Config), (18 bytes).
    Removing stm32f10x_tim.o(i.TIM_ForcedOC2Config), (26 bytes).
    Removing stm32f10x_tim.o(i.TIM_ForcedOC3Config), (18 bytes).
    Removing stm32f10x_tim.o(i.TIM_ForcedOC4Config), (26 bytes).
    Removing stm32f10x_tim.o(i.TIM_GenerateEvent), (4 bytes).
    Removing stm32f10x_tim.o(i.TIM_GetCapture1), (6 bytes).
    Removing stm32f10x_tim.o(i.TIM_GetCapture2), (6 bytes).
    Removing stm32f10x_tim.o(i.TIM_GetCapture3), (6 bytes).
    Removing stm32f10x_tim.o(i.TIM_GetCapture4), (8 bytes).
    Removing stm32f10x_tim.o(i.TIM_GetCounter), (6 bytes).
    Removing stm32f10x_tim.o(i.TIM_GetFlagStatus), (18 bytes).
    Removing stm32f10x_tim.o(i.TIM_GetITStatus), (34 bytes).
    Removing stm32f10x_tim.o(i.TIM_GetPrescaler), (6 bytes).
    Removing stm32f10x_tim.o(i.TIM_ICInit), (172 bytes).
    Removing stm32f10x_tim.o(i.TIM_ICStructInit), (18 bytes).
    Removing stm32f10x_tim.o(i.TIM_ITRxExternalClockConfig), (24 bytes).
    Removing stm32f10x_tim.o(i.TIM_InternalClockConfig), (12 bytes).
    Removing stm32f10x_tim.o(i.TIM_OC1FastConfig), (18 bytes).
    Removing stm32f10x_tim.o(i.TIM_OC1Init), (152 bytes).
    Removing stm32f10x_tim.o(i.TIM_OC1NPolarityConfig), (18 bytes).
    Removing stm32f10x_tim.o(i.TIM_OC1PolarityConfig), (18 bytes).
    Removing stm32f10x_tim.o(i.TIM_OC1PreloadConfig), (18 bytes).
    Removing stm32f10x_tim.o(i.TIM_OC2FastConfig), (26 bytes).
    Removing stm32f10x_tim.o(i.TIM_OC2Init), (164 bytes).
    Removing stm32f10x_tim.o(i.TIM_OC2NPolarityConfig), (26 bytes).
    Removing stm32f10x_tim.o(i.TIM_OC2PolarityConfig), (26 bytes).
    Removing stm32f10x_tim.o(i.TIM_OC2PreloadConfig), (26 bytes).
    Removing stm32f10x_tim.o(i.TIM_OC3FastConfig), (18 bytes).
    Removing stm32f10x_tim.o(i.TIM_OC3Init), (160 bytes).
    Removing stm32f10x_tim.o(i.TIM_OC3NPolarityConfig), (26 bytes).
    Removing stm32f10x_tim.o(i.TIM_OC3PolarityConfig), (26 bytes).
    Removing stm32f10x_tim.o(i.TIM_OC3PreloadConfig), (18 bytes).
    Removing stm32f10x_tim.o(i.TIM_OC4FastConfig), (26 bytes).
    Removing stm32f10x_tim.o(i.TIM_OC4Init), (124 bytes).
    Removing stm32f10x_tim.o(i.TIM_OC4PolarityConfig), (26 bytes).
    Removing stm32f10x_tim.o(i.TIM_OC4PreloadConfig), (26 bytes).
    Removing stm32f10x_tim.o(i.TIM_OCStructInit), (20 bytes).
    Removing stm32f10x_tim.o(i.TIM_PWMIConfig), (124 bytes).
    Removing stm32f10x_tim.o(i.TIM_PrescalerConfig), (6 bytes).
    Removing stm32f10x_tim.o(i.TIM_SelectCCDMA), (24 bytes).
    Removing stm32f10x_tim.o(i.TIM_SelectCOM), (24 bytes).
    Removing stm32f10x_tim.o(i.TIM_SelectHallSensor), (24 bytes).
    Removing stm32f10x_tim.o(i.TIM_SelectInputTrigger), (18 bytes).
    Removing stm32f10x_tim.o(i.TIM_SelectMasterSlaveMode), (18 bytes).
    Removing stm32f10x_tim.o(i.TIM_SelectOCxM), (82 bytes).
    Removing stm32f10x_tim.o(i.TIM_SelectOnePulseMode), (18 bytes).
    Removing stm32f10x_tim.o(i.TIM_SelectOutputTrigger), (18 bytes).
    Removing stm32f10x_tim.o(i.TIM_SelectSlaveMode), (18 bytes).
    Removing stm32f10x_tim.o(i.TIM_SetAutoreload), (4 bytes).
    Removing stm32f10x_tim.o(i.TIM_SetClockDivision), (18 bytes).
    Removing stm32f10x_tim.o(i.TIM_SetCompare1), (4 bytes).
    Removing stm32f10x_tim.o(i.TIM_SetCompare2), (4 bytes).
    Removing stm32f10x_tim.o(i.TIM_SetCompare3), (4 bytes).
    Removing stm32f10x_tim.o(i.TIM_SetCompare4), (6 bytes).
    Removing stm32f10x_tim.o(i.TIM_SetCounter), (4 bytes).
    Removing stm32f10x_tim.o(i.TIM_SetIC1Prescaler), (18 bytes).
    Removing stm32f10x_tim.o(i.TIM_SetIC2Prescaler), (26 bytes).
    Removing stm32f10x_tim.o(i.TIM_SetIC3Prescaler), (18 bytes).
    Removing stm32f10x_tim.o(i.TIM_SetIC4Prescaler), (26 bytes).
    Removing stm32f10x_tim.o(i.TIM_TIxExternalClockConfig), (62 bytes).
    Removing stm32f10x_tim.o(i.TIM_TimeBaseStructInit), (18 bytes).
    Removing stm32f10x_tim.o(i.TIM_UpdateDisableConfig), (24 bytes).
    Removing stm32f10x_tim.o(i.TIM_UpdateRequestConfig), (24 bytes).
    Removing stm32f10x_usart.o(i.USART_ClearITPendingBit), (30 bytes).
    Removing stm32f10x_usart.o(i.USART_ClockInit), (34 bytes).
    Removing stm32f10x_usart.o(i.USART_ClockStructInit), (12 bytes).
    Removing stm32f10x_usart.o(i.USART_DMACmd), (18 bytes).
    Removing stm32f10x_usart.o(i.USART_DeInit), (156 bytes).
    Removing stm32f10x_usart.o(i.USART_GetITStatus), (84 bytes).
    Removing stm32f10x_usart.o(i.USART_HalfDuplexCmd), (24 bytes).
    Removing stm32f10x_usart.o(i.USART_IrDACmd), (24 bytes).
    Removing stm32f10x_usart.o(i.USART_IrDAConfig), (18 bytes).
    Removing stm32f10x_usart.o(i.USART_LINBreakDetectLengthConfig), (18 bytes).
    Removing stm32f10x_usart.o(i.USART_LINCmd), (24 bytes).
    Removing stm32f10x_usart.o(i.USART_OneBitMethodCmd), (24 bytes).
    Removing stm32f10x_usart.o(i.USART_OverSampling8Cmd), (22 bytes).
    Removing stm32f10x_usart.o(i.USART_ReceiverWakeUpCmd), (24 bytes).
    Removing stm32f10x_usart.o(i.USART_SendBreak), (10 bytes).
    Removing stm32f10x_usart.o(i.USART_SendData), (8 bytes).
    Removing stm32f10x_usart.o(i.USART_SetAddress), (18 bytes).
    Removing stm32f10x_usart.o(i.USART_SetGuardTime), (16 bytes).
    Removing stm32f10x_usart.o(i.USART_SetPrescaler), (16 bytes).
    Removing stm32f10x_usart.o(i.USART_SmartCardCmd), (24 bytes).
    Removing stm32f10x_usart.o(i.USART_SmartCardNACKCmd), (24 bytes).
    Removing stm32f10x_usart.o(i.USART_StructInit), (24 bytes).
    Removing stm32f10x_usart.o(i.USART_WakeUpConfig), (18 bytes).
    Removing stm32f10x_wwdg.o(i.WWDG_ClearFlag), (12 bytes).
    Removing stm32f10x_wwdg.o(i.WWDG_DeInit), (22 bytes).
    Removing stm32f10x_wwdg.o(i.WWDG_Enable), (16 bytes).
    Removing stm32f10x_wwdg.o(i.WWDG_EnableIT), (12 bytes).
    Removing stm32f10x_wwdg.o(i.WWDG_GetFlagStatus), (12 bytes).
    Removing stm32f10x_wwdg.o(i.WWDG_SetCounter), (16 bytes).
    Removing stm32f10x_wwdg.o(i.WWDG_SetPrescaler), (24 bytes).
    Removing stm32f10x_wwdg.o(i.WWDG_SetWindowValue), (40 bytes).

450 unused section(s) (total 18536 bytes) removed from the image.

==============================================================================

Image Symbol Table

    Local Symbols

    Symbol Name                              Value     Ov Type        Size  Object(Section)

    ../clib/angel/boardlib.s                 0x00000000   Number         0  boardshut.o ABSOLUTE
    ../clib/angel/boardlib.s                 0x00000000   Number         0  boardinit1.o ABSOLUTE
    ../clib/angel/boardlib.s                 0x00000000   Number         0  boardinit3.o ABSOLUTE
    ../clib/angel/boardlib.s                 0x00000000   Number         0  boardinit2.o ABSOLUTE
    ../clib/angel/handlers.s                 0x00000000   Number         0  __scatter_copy.o ABSOLUTE
    ../clib/angel/handlers.s                 0x00000000   Number         0  __scatter_zi.o ABSOLUTE
    ../clib/angel/kernel.s                   0x00000000   Number         0  rtexit2.o ABSOLUTE
    ../clib/angel/kernel.s                   0x00000000   Number         0  rtentry4.o ABSOLUTE
    ../clib/angel/kernel.s                   0x00000000   Number         0  rtentry2.o ABSOLUTE
    ../clib/angel/kernel.s                   0x00000000   Number         0  rtentry.o ABSOLUTE
    ../clib/angel/kernel.s                   0x00000000   Number         0  rtexit.o ABSOLUTE
    ../clib/angel/rt.s                       0x00000000   Number         0  rt_raise.o ABSOLUTE
    ../clib/angel/scatter.s                  0x00000000   Number         0  __scatter.o ABSOLUTE
    ../clib/angel/startup.s                  0x00000000   Number         0  __main.o ABSOLUTE
    ../clib/angel/sys.s                      0x00000000   Number         0  sys_stackheap_outer.o ABSOLUTE
    ../clib/angel/sys.s                      0x00000000   Number         0  indicate_semi.o ABSOLUTE
    ../clib/angel/sys.s                      0x00000000   Number         0  use_no_semi.o ABSOLUTE
    ../clib/angel/sys.s                      0x00000000   Number         0  libspace.o ABSOLUTE
    ../clib/angel/sysapp.c                   0x00000000   Number         0  sys_command.o ABSOLUTE
    ../clib/angel/sysapp.c                   0x00000000   Number         0  sys_wrch.o ABSOLUTE
    ../clib/angel/sysapp.c                   0x00000000   Number         0  sys_exit.o ABSOLUTE
    ../clib/armsys.c                         0x00000000   Number         0  argv_veneer.o ABSOLUTE
    ../clib/armsys.c                         0x00000000   Number         0  argv_veneer.o ABSOLUTE
    ../clib/armsys.c                         0x00000000   Number         0  no_argv.o ABSOLUTE
    ../clib/armsys.c                         0x00000000   Number         0  _get_argv_nomalloc.o ABSOLUTE
    ../clib/heapalloc.c                      0x00000000   Number         0  hrguard.o ABSOLUTE
    ../clib/heapaux.c                        0x00000000   Number         0  heapauxi.o ABSOLUTE
    ../clib/libinit.s                        0x00000000   Number         0  libshutdown.o ABSOLUTE
    ../clib/libinit.s                        0x00000000   Number         0  libinit2.o ABSOLUTE
    ../clib/libinit.s                        0x00000000   Number         0  libinit.o ABSOLUTE
    ../clib/libinit.s                        0x00000000   Number         0  libshutdown2.o ABSOLUTE
    ../clib/signal.c                         0x00000000   Number         0  __raise.o ABSOLUTE
    ../clib/signal.c                         0x00000000   Number         0  defsig_other.o ABSOLUTE
    ../clib/signal.c                         0x00000000   Number         0  defsig_segv_inner.o ABSOLUTE
    ../clib/signal.c                         0x00000000   Number         0  defsig_cppl_inner.o ABSOLUTE
    ../clib/signal.c                         0x00000000   Number         0  defsig_rtmem_inner.o ABSOLUTE
    ../clib/signal.c                         0x00000000   Number         0  defsig_exit.o ABSOLUTE
    ../clib/signal.c                         0x00000000   Number         0  defsig_rtmem_formal.o ABSOLUTE
    ../clib/signal.c                         0x00000000   Number         0  defsig_pvfn_inner.o ABSOLUTE
    ../clib/signal.c                         0x00000000   Number         0  defsig_rtmem_outer.o ABSOLUTE
    ../clib/signal.c                         0x00000000   Number         0  defsig_stak_inner.o ABSOLUTE
    ../clib/signal.c                         0x00000000   Number         0  defsig_rtred_inner.o ABSOLUTE
    ../clib/signal.c                         0x00000000   Number         0  defsig_fpe_inner.o ABSOLUTE
    ../clib/signal.c                         0x00000000   Number         0  defsig_abrt_inner.o ABSOLUTE
    ../clib/signal.c                         0x00000000   Number         0  defsig_general.o ABSOLUTE
    ../clib/signal.s                         0x00000000   Number         0  defsig.o ABSOLUTE
    ../clib/stdlib.c                         0x00000000   Number         0  exit.o ABSOLUTE
    ../fplib/fdiv.s                          0x00000000   Number         0  fdiv.o ABSOLUTE
    ../fplib/ffixu.s                         0x00000000   Number         0  ffixu.o ABSOLUTE
    ../fplib/fflt.s                          0x00000000   Number         0  fflt_clz.o ABSOLUTE
    ../fplib/fmul.s                          0x00000000   Number         0  fmul.o ABSOLUTE
    ../fplib/fnaninf.s                       0x00000000   Number         0  fnaninf.o ABSOLUTE
    ../fplib/fpinit.s                        0x00000000   Number         0  fpinit.o ABSOLUTE
    ../fplib/fretinf.s                       0x00000000   Number         0  fretinf.o ABSOLUTE
    ../fplib/usenofp.s                       0x00000000   Number         0  usenofp.o ABSOLUTE
    ..\Library\CMSIS\CM3\CoreSupport\core_cm3.c 0x00000000   Number         0  core_cm3.o ABSOLUTE
    ..\Library\CMSIS\CM3\DeviceSupport\ST\STM32F10x\startup\arm\startup_stm32f10x_md.s 0x00000000   Number         0  startup_stm32f10x_md.o ABSOLUTE
    ..\Library\STM32F10x_StdPeriph_Driver\src\misc.c 0x00000000   Number         0  misc.o ABSOLUTE
    ..\Library\STM32F10x_StdPeriph_Driver\src\stm32f10x_adc.c 0x00000000   Number         0  stm32f10x_adc.o ABSOLUTE
    ..\Library\STM32F10x_StdPeriph_Driver\src\stm32f10x_bkp.c 0x00000000   Number         0  stm32f10x_bkp.o ABSOLUTE
    ..\Library\STM32F10x_StdPeriph_Driver\src\stm32f10x_can.c 0x00000000   Number         0  stm32f10x_can.o ABSOLUTE
    ..\Library\STM32F10x_StdPeriph_Driver\src\stm32f10x_cec.c 0x00000000   Number         0  stm32f10x_cec.o ABSOLUTE
    ..\Library\STM32F10x_StdPeriph_Driver\src\stm32f10x_crc.c 0x00000000   Number         0  stm32f10x_crc.o ABSOLUTE
    ..\Library\STM32F10x_StdPeriph_Driver\src\stm32f10x_dac.c 0x00000000   Number         0  stm32f10x_dac.o ABSOLUTE
    ..\Library\STM32F10x_StdPeriph_Driver\src\stm32f10x_dbgmcu.c 0x00000000   Number         0  stm32f10x_dbgmcu.o ABSOLUTE
    ..\Library\STM32F10x_StdPeriph_Driver\src\stm32f10x_dma.c 0x00000000   Number         0  stm32f10x_dma.o ABSOLUTE
    ..\Library\STM32F10x_StdPeriph_Driver\src\stm32f10x_exti.c 0x00000000   Number         0  stm32f10x_exti.o ABSOLUTE
    ..\Library\STM32F10x_StdPeriph_Driver\src\stm32f10x_flash.c 0x00000000   Number         0  stm32f10x_flash.o ABSOLUTE
    ..\Library\STM32F10x_StdPeriph_Driver\src\stm32f10x_fsmc.c 0x00000000   Number         0  stm32f10x_fsmc.o ABSOLUTE
    ..\Library\STM32F10x_StdPeriph_Driver\src\stm32f10x_gpio.c 0x00000000   Number         0  stm32f10x_gpio.o ABSOLUTE
    ..\Library\STM32F10x_StdPeriph_Driver\src\stm32f10x_i2c.c 0x00000000   Number         0  stm32f10x_i2c.o ABSOLUTE
    ..\Library\STM32F10x_StdPeriph_Driver\src\stm32f10x_iwdg.c 0x00000000   Number         0  stm32f10x_iwdg.o ABSOLUTE
    ..\Library\STM32F10x_StdPeriph_Driver\src\stm32f10x_pwr.c 0x00000000   Number         0  stm32f10x_pwr.o ABSOLUTE
    ..\Library\STM32F10x_StdPeriph_Driver\src\stm32f10x_rcc.c 0x00000000   Number         0  stm32f10x_rcc.o ABSOLUTE
    ..\Library\STM32F10x_StdPeriph_Driver\src\stm32f10x_rtc.c 0x00000000   Number         0  stm32f10x_rtc.o ABSOLUTE
    ..\Library\STM32F10x_StdPeriph_Driver\src\stm32f10x_sdio.c 0x00000000   Number         0  stm32f10x_sdio.o ABSOLUTE
    ..\Library\STM32F10x_StdPeriph_Driver\src\stm32f10x_spi.c 0x00000000   Number         0  stm32f10x_spi.o ABSOLUTE
    ..\Library\STM32F10x_StdPeriph_Driver\src\stm32f10x_tim.c 0x00000000   Number         0  stm32f10x_tim.o ABSOLUTE
    ..\Library\STM32F10x_StdPeriph_Driver\src\stm32f10x_usart.c 0x00000000   Number         0  stm32f10x_usart.o ABSOLUTE
    ..\Library\STM32F10x_StdPeriph_Driver\src\stm32f10x_wwdg.c 0x00000000   Number         0  stm32f10x_wwdg.o ABSOLUTE
    ..\User\APP\Filter.c                     0x00000000   Number         0  filter.o ABSOLUTE
    ..\User\APP\Key.c                        0x00000000   Number         0  key.o ABSOLUTE
    ..\User\APP\Maths.c                      0x00000000   Number         0  maths.o ABSOLUTE
    ..\User\APP\Protocol.c                   0x00000000   Number         0  protocol.o ABSOLUTE
    ..\User\APP\Tasks.c                      0x00000000   Number         0  tasks.o ABSOLUTE
    ..\User\APP\main.c                       0x00000000   Number         0  main.o ABSOLUTE
    ..\User\APP\stm32f10x_it.c               0x00000000   Number         0  stm32f10x_it.o ABSOLUTE
    ..\User\APP\system_stm32f10x.c           0x00000000   Number         0  system_stm32f10x.o ABSOLUTE
    ..\User\BSP\DMA_ADC.c                    0x00000000   Number         0  dma_adc.o ABSOLUTE
    ..\User\BSP\EEPROM.c                     0x00000000   Number         0  eeprom.o ABSOLUTE
    ..\User\BSP\Led.c                        0x00000000   Number         0  led.o ABSOLUTE
    ..\User\BSP\SPI_NRF24L01.c               0x00000000   Number         0  spi_nrf24l01.o ABSOLUTE
    ..\User\BSP\Struct_All.c                 0x00000000   Number         0  struct_all.o ABSOLUTE
    ..\User\BSP\Timer3.c                     0x00000000   Number         0  timer3.o ABSOLUTE
    ..\User\BSP\Uart.c                       0x00000000   Number         0  uart.o ABSOLUTE
    ..\\Library\\CMSIS\\CM3\\CoreSupport\\core_cm3.c 0x00000000   Number         0  core_cm3.o ABSOLUTE
    dc.s                                     0x00000000   Number         0  dc.o ABSOLUTE
    RESET                                    0x08000000   Section      236  startup_stm32f10x_md.o(RESET)
    !!!main                                  0x080000ec   Section        8  __main.o(!!!main)
    !!!scatter                               0x080000f4   Section       52  __scatter.o(!!!scatter)
    !!handler_copy                           0x08000128   Section       26  __scatter_copy.o(!!handler_copy)
    !!handler_zi                             0x08000144   Section       28  __scatter_zi.o(!!handler_zi)
    .ARM.Collect$$libinit$$00000000          0x08000160   Section        2  libinit.o(.ARM.Collect$$libinit$$00000000)
    .ARM.Collect$$libinit$$00000002          0x08000162   Section        0  libinit2.o(.ARM.Collect$$libinit$$00000002)
    .ARM.Collect$$libinit$$00000008          0x08000162   Section        0  libinit2.o(.ARM.Collect$$libinit$$00000008)
    .ARM.Collect$$libinit$$0000000A          0x08000162   Section        0  libinit2.o(.ARM.Collect$$libinit$$0000000A)
    .ARM.Collect$$libinit$$0000000C          0x08000162   Section        0  libinit2.o(.ARM.Collect$$libinit$$0000000C)
    .ARM.Collect$$libinit$$0000000F          0x08000162   Section        0  libinit2.o(.ARM.Collect$$libinit$$0000000F)
    .ARM.Collect$$libinit$$00000011          0x08000162   Section        0  libinit2.o(.ARM.Collect$$libinit$$00000011)
    .ARM.Collect$$libinit$$00000013          0x08000162   Section        0  libinit2.o(.ARM.Collect$$libinit$$00000013)
    .ARM.Collect$$libinit$$00000015          0x08000162   Section        0  libinit2.o(.ARM.Collect$$libinit$$00000015)
    .ARM.Collect$$libinit$$00000017          0x08000162   Section        0  libinit2.o(.ARM.Collect$$libinit$$00000017)
    .ARM.Collect$$libinit$$00000019          0x08000162   Section        0  libinit2.o(.ARM.Collect$$libinit$$00000019)
    .ARM.Collect$$libinit$$0000001B          0x08000162   Section        0  libinit2.o(.ARM.Collect$$libinit$$0000001B)
    .ARM.Collect$$libinit$$0000001D          0x08000162   Section        0  libinit2.o(.ARM.Collect$$libinit$$0000001D)
    .ARM.Collect$$libinit$$0000001F          0x08000162   Section        0  libinit2.o(.ARM.Collect$$libinit$$0000001F)
    .ARM.Collect$$libinit$$00000021          0x08000162   Section        0  libinit2.o(.ARM.Collect$$libinit$$00000021)
    .ARM.Collect$$libinit$$00000023          0x08000162   Section        0  libinit2.o(.ARM.Collect$$libinit$$00000023)
    .ARM.Collect$$libinit$$0000002A          0x08000162   Section        0  libinit2.o(.ARM.Collect$$libinit$$0000002A)
    .ARM.Collect$$libinit$$0000002C          0x08000162   Section        0  libinit2.o(.ARM.Collect$$libinit$$0000002C)
    .ARM.Collect$$libinit$$0000002E          0x08000162   Section        0  libinit2.o(.ARM.Collect$$libinit$$0000002E)
    .ARM.Collect$$libinit$$00000030          0x08000162   Section        0  libinit2.o(.ARM.Collect$$libinit$$00000030)
    .ARM.Collect$$libinit$$00000031          0x08000162   Section        2  libinit2.o(.ARM.Collect$$libinit$$00000031)
    .ARM.Collect$$libshutdown$$00000000      0x08000164   Section        2  libshutdown.o(.ARM.Collect$$libshutdown$$00000000)
    .ARM.Collect$$libshutdown$$00000003      0x08000166   Section        0  libshutdown2.o(.ARM.Collect$$libshutdown$$00000003)
    .ARM.Collect$$libshutdown$$00000006      0x08000166   Section        0  libshutdown2.o(.ARM.Collect$$libshutdown$$00000006)
    .ARM.Collect$$libshutdown$$00000009      0x08000166   Section        0  libshutdown2.o(.ARM.Collect$$libshutdown$$00000009)
    .ARM.Collect$$libshutdown$$0000000B      0x08000166   Section        0  libshutdown2.o(.ARM.Collect$$libshutdown$$0000000B)
    .ARM.Collect$$libshutdown$$0000000E      0x08000166   Section        0  libshutdown2.o(.ARM.Collect$$libshutdown$$0000000E)
    .ARM.Collect$$libshutdown$$0000000F      0x08000166   Section        2  libshutdown2.o(.ARM.Collect$$libshutdown$$0000000F)
    .ARM.Collect$$rtentry$$00000000          0x08000168   Section        0  rtentry.o(.ARM.Collect$$rtentry$$00000000)
    .ARM.Collect$$rtentry$$00000002          0x08000168   Section        0  rtentry2.o(.ARM.Collect$$rtentry$$00000002)
    .ARM.Collect$$rtentry$$00000004          0x08000168   Section        6  rtentry4.o(.ARM.Collect$$rtentry$$00000004)
    .ARM.Collect$$rtentry$$00000009          0x0800016e   Section        0  rtentry2.o(.ARM.Collect$$rtentry$$00000009)
    .ARM.Collect$$rtentry$$0000000A          0x0800016e   Section        4  rtentry2.o(.ARM.Collect$$rtentry$$0000000A)
    .ARM.Collect$$rtentry$$0000000C          0x08000172   Section        0  rtentry2.o(.ARM.Collect$$rtentry$$0000000C)
    .ARM.Collect$$rtentry$$0000000D          0x08000172   Section        8  rtentry2.o(.ARM.Collect$$rtentry$$0000000D)
    .ARM.Collect$$rtexit$$00000000           0x0800017a   Section        2  rtexit.o(.ARM.Collect$$rtexit$$00000000)
    .ARM.Collect$$rtexit$$00000002           0x0800017c   Section        0  rtexit2.o(.ARM.Collect$$rtexit$$00000002)
    .ARM.Collect$$rtexit$$00000003           0x0800017c   Section        4  rtexit2.o(.ARM.Collect$$rtexit$$00000003)
    .ARM.Collect$$rtexit$$00000004           0x08000180   Section        6  rtexit2.o(.ARM.Collect$$rtexit$$00000004)
    .text                                    0x08000188   Section       64  startup_stm32f10x_md.o(.text)
    .text                                    0x080001c8   Section        0  heapauxi.o(.text)
    .text                                    0x080001ce   Section       74  sys_stackheap_outer.o(.text)
    .text                                    0x08000218   Section        0  exit.o(.text)
    .text                                    0x08000224   Section        8  libspace.o(.text)
    .text                                    0x0800022c   Section        0  sys_exit.o(.text)
    .text                                    0x08000238   Section        2  use_no_semi.o(.text)
    .text                                    0x0800023a   Section        0  indicate_semi.o(.text)
    i.ADC1_GPIO_Config                       0x0800023c   Section        0  dma_adc.o(i.ADC1_GPIO_Config)
    ADC1_GPIO_Config                         0x0800023d   Thumb Code    56  dma_adc.o(i.ADC1_GPIO_Config)
    i.ADC1_Init                              0x08000278   Section        0  dma_adc.o(i.ADC1_Init)
    i.ADC1_Mode_Config                       0x08000284   Section        0  dma_adc.o(i.ADC1_Mode_Config)
    ADC1_Mode_Config                         0x08000285   Thumb Code   328  dma_adc.o(i.ADC1_Mode_Config)
    i.ADC_Cmd                                0x080003d8   Section        0  stm32f10x_adc.o(i.ADC_Cmd)
    i.ADC_DMACmd                             0x080003ee   Section        0  stm32f10x_adc.o(i.ADC_DMACmd)
    i.ADC_DeInit                             0x08000404   Section        0  stm32f10x_adc.o(i.ADC_DeInit)
    i.ADC_GetCalibrationStatus               0x08000460   Section        0  stm32f10x_adc.o(i.ADC_GetCalibrationStatus)
    i.ADC_GetResetCalibrationStatus          0x08000474   Section        0  stm32f10x_adc.o(i.ADC_GetResetCalibrationStatus)
    i.ADC_Init                               0x08000488   Section        0  stm32f10x_adc.o(i.ADC_Init)
    i.ADC_RegularChannelConfig               0x080004d8   Section        0  stm32f10x_adc.o(i.ADC_RegularChannelConfig)
    i.ADC_ResetCalibration                   0x08000590   Section        0  stm32f10x_adc.o(i.ADC_ResetCalibration)
    i.ADC_SoftwareStartConvCmd               0x0800059a   Section        0  stm32f10x_adc.o(i.ADC_SoftwareStartConvCmd)
    i.ADC_StartCalibration                   0x080005b0   Section        0  stm32f10x_adc.o(i.ADC_StartCalibration)
    i.ADC_TempSensorVrefintCmd               0x080005bc   Section        0  stm32f10x_adc.o(i.ADC_TempSensorVrefintCmd)
    i.BSP_Int                                0x080005e0   Section        0  tasks.o(i.BSP_Int)
    i.BusFault_Handler                       0x08000644   Section        0  stm32f10x_it.o(i.BusFault_Handler)
    i.DMA_Cmd                                0x08000648   Section        0  stm32f10x_dma.o(i.DMA_Cmd)
    i.DMA_DeInit                             0x08000660   Section        0  stm32f10x_dma.o(i.DMA_DeInit)
    i.DMA_Init                               0x080007ac   Section        0  stm32f10x_dma.o(i.DMA_Init)
    i.DebugMon_Handler                       0x080007e8   Section        0  stm32f10x_it.o(i.DebugMon_Handler)
    i.Delay_led                              0x080007ea   Section        0  led.o(i.Delay_led)
    Delay_led                                0x080007eb   Thumb Code    30  led.o(i.Delay_led)
    i.Do_Offset                              0x08000808   Section        0  key.o(i.Do_Offset)
    i.EXTI15_10_IRQHandler                   0x080009d0   Section        0  stm32f10x_it.o(i.EXTI15_10_IRQHandler)
    i.EXTI1_IRQHandler                       0x080009ec   Section        0  stm32f10x_it.o(i.EXTI1_IRQHandler)
    i.EXTI9_5_IRQHandler                     0x08000a34   Section        0  stm32f10x_it.o(i.EXTI9_5_IRQHandler)
    i.EXTI_ClearITPendingBit                 0x08000a80   Section        0  stm32f10x_exti.o(i.EXTI_ClearITPendingBit)
    i.EXTI_GetITStatus                       0x08000a8c   Section        0  stm32f10x_exti.o(i.EXTI_GetITStatus)
    i.EXTI_Init                              0x08000ab4   Section        0  stm32f10x_exti.o(i.EXTI_Init)
    i.GPIO_EXTILineConfig                    0x08000b48   Section        0  stm32f10x_gpio.o(i.GPIO_EXTILineConfig)
    i.GPIO_Init                              0x08000b88   Section        0  stm32f10x_gpio.o(i.GPIO_Init)
    i.Get_Checksum                           0x08000c9a   Section        0  maths.o(i.Get_Checksum)
    i.HardFault_Handler                      0x08000cb8   Section        0  stm32f10x_it.o(i.HardFault_Handler)
    i.KEY_Init                               0x08000cbc   Section        0  key.o(i.KEY_Init)
    i.LED3_ON_Frequency                      0x08000d24   Section        0  led.o(i.LED3_ON_Frequency)
    i.LED_Init                               0x08000dbc   Section        0  led.o(i.LED_Init)
    i.LED_ON_OFF                             0x08000e20   Section        0  led.o(i.LED_ON_OFF)
    i.LED_Show                               0x08000e80   Section        0  led.o(i.LED_Show)
    i.MemManage_Handler                      0x08000ef0   Section        0  stm32f10x_it.o(i.MemManage_Handler)
    i.NMI_Handler                            0x08000ef4   Section        0  stm32f10x_it.o(i.NMI_Handler)
    i.NRF24L01_Analyse                       0x08000ef8   Section        0  spi_nrf24l01.o(i.NRF24L01_Analyse)
    NRF24L01_Analyse                         0x08000ef9   Thumb Code   302  spi_nrf24l01.o(i.NRF24L01_Analyse)
    i.NRF24L01_Check                         0x08001048   Section        0  spi_nrf24l01.o(i.NRF24L01_Check)
    i.NRF24L01_IRQ                           0x080010cc   Section        0  spi_nrf24l01.o(i.NRF24L01_IRQ)
    i.NRF24L01_Init                          0x08001130   Section        0  spi_nrf24l01.o(i.NRF24L01_Init)
    i.NRF24L01_Set_RX                        0x080011c4   Section        0  spi_nrf24l01.o(i.NRF24L01_Set_RX)
    NRF24L01_Set_RX                          0x080011c5   Thumb Code    28  spi_nrf24l01.o(i.NRF24L01_Set_RX)
    i.NRF24L01_Set_TX                        0x080011e4   Section        0  spi_nrf24l01.o(i.NRF24L01_Set_TX)
    NRF24L01_Set_TX                          0x080011e5   Thumb Code    28  spi_nrf24l01.o(i.NRF24L01_Set_TX)
    i.NRF_Read_Buff                          0x08001204   Section        0  spi_nrf24l01.o(i.NRF_Read_Buff)
    i.NRF_Read_Reg                           0x08001244   Section        0  spi_nrf24l01.o(i.NRF_Read_Reg)
    i.NRF_Send_TX                            0x08001270   Section        0  spi_nrf24l01.o(i.NRF_Send_TX)
    i.NRF_Write_Buf                          0x0800129c   Section        0  spi_nrf24l01.o(i.NRF_Write_Buf)
    i.NRF_Write_Reg                          0x080012dc   Section        0  spi_nrf24l01.o(i.NRF_Write_Reg)
    i.NVIC_Init                              0x08001308   Section        0  misc.o(i.NVIC_Init)
    i.NVIC_PriorityGroupConfig               0x0800137c   Section        0  misc.o(i.NVIC_PriorityGroupConfig)
    i.Nrf_Connect                            0x08001390   Section        0  spi_nrf24l01.o(i.Nrf_Connect)
    i.Nvic_Init                              0x080013e8   Section        0  tasks.o(i.Nvic_Init)
    Nvic_Init                                0x080013e9   Thumb Code   160  tasks.o(i.Nvic_Init)
    i.PendSV_Handler                         0x08001488   Section        0  stm32f10x_it.o(i.PendSV_Handler)
    i.PrintHexU8                             0x0800148c   Section        0  uart.o(i.PrintHexU8)
    i.PrintString                            0x080014c8   Section        0  uart.o(i.PrintString)
    i.Print_MSP_ANALOG                       0x080014e0   Section        0  protocol.o(i.Print_MSP_ANALOG)
    i.Print_MSP_IDENT                        0x08001560   Section        0  protocol.o(i.Print_MSP_IDENT)
    i.Print_MSP_MOTOR                        0x080015c4   Section        0  protocol.o(i.Print_MSP_MOTOR)
    i.Print_MSP_MOTOR_PINS                   0x08001684   Section        0  protocol.o(i.Print_MSP_MOTOR_PINS)
    i.Print_MSP_PID                          0x080016ec   Section        0  protocol.o(i.Print_MSP_PID)
    i.Print_MSP_RC                           0x0800180c   Section        0  protocol.o(i.Print_MSP_RC)
    i.Print_MSP_SET_PID                      0x08001958   Section        0  protocol.o(i.Print_MSP_SET_PID)
    i.RCC_ADCCLKConfig                       0x080019dc   Section        0  stm32f10x_rcc.o(i.RCC_ADCCLKConfig)
    i.RCC_AHBPeriphClockCmd                  0x080019f4   Section        0  stm32f10x_rcc.o(i.RCC_AHBPeriphClockCmd)
    i.RCC_APB1PeriphClockCmd                 0x08001a14   Section        0  stm32f10x_rcc.o(i.RCC_APB1PeriphClockCmd)
    i.RCC_APB1PeriphResetCmd                 0x08001a34   Section        0  stm32f10x_rcc.o(i.RCC_APB1PeriphResetCmd)
    i.RCC_APB2PeriphClockCmd                 0x08001a54   Section        0  stm32f10x_rcc.o(i.RCC_APB2PeriphClockCmd)
    i.RCC_APB2PeriphResetCmd                 0x08001a74   Section        0  stm32f10x_rcc.o(i.RCC_APB2PeriphResetCmd)
    i.RCC_GetClocksFreq                      0x08001a94   Section        0  stm32f10x_rcc.o(i.RCC_GetClocksFreq)
    i.RC_Limit                               0x08001b68   Section        0  filter.o(i.RC_Limit)
    i.Rc_Filter                              0x08001c68   Section        0  filter.o(i.Rc_Filter)
    i.SPI2_Init                              0x08001e98   Section        0  spi_nrf24l01.o(i.SPI2_Init)
    i.SPI_Cmd                                0x08001fc0   Section        0  stm32f10x_spi.o(i.SPI_Cmd)
    i.SPI_I2S_GetFlagStatus                  0x08001fd8   Section        0  stm32f10x_spi.o(i.SPI_I2S_GetFlagStatus)
    i.SPI_I2S_ReceiveData                    0x08001fea   Section        0  stm32f10x_spi.o(i.SPI_I2S_ReceiveData)
    i.SPI_I2S_SendData                       0x08001ff0   Section        0  stm32f10x_spi.o(i.SPI_I2S_SendData)
    i.SPI_Init                               0x08001ff4   Section        0  stm32f10x_spi.o(i.SPI_Init)
    i.SPI_RW                                 0x08002030   Section        0  spi_nrf24l01.o(i.SPI_RW)
    i.SVC_Handler                            0x08002068   Section        0  stm32f10x_it.o(i.SVC_Handler)
    i.SetSysClock                            0x0800206a   Section        0  system_stm32f10x.o(i.SetSysClock)
    SetSysClock                              0x0800206b   Thumb Code     8  system_stm32f10x.o(i.SetSysClock)
    i.SetSysClockTo72                        0x08002074   Section        0  system_stm32f10x.o(i.SetSysClockTo72)
    SetSysClockTo72                          0x08002075   Thumb Code   212  system_stm32f10x.o(i.SetSysClockTo72)
    i.SysTick_Handler                        0x08002150   Section        0  stm32f10x_it.o(i.SysTick_Handler)
    i.SystemInit                             0x08002154   Section        0  system_stm32f10x.o(i.SystemInit)
    i.TIM3_IRQHandler                        0x080021b4   Section        0  stm32f10x_it.o(i.TIM3_IRQHandler)
    i.TIM_ClearFlag                          0x08002220   Section        0  stm32f10x_tim.o(i.TIM_ClearFlag)
    i.TIM_Cmd                                0x08002226   Section        0  stm32f10x_tim.o(i.TIM_Cmd)
    i.TIM_DeInit                             0x08002240   Section        0  stm32f10x_tim.o(i.TIM_DeInit)
    i.TIM_ITConfig                           0x08002428   Section        0  stm32f10x_tim.o(i.TIM_ITConfig)
    i.TIM_TimeBaseInit                       0x0800243c   Section        0  stm32f10x_tim.o(i.TIM_TimeBaseInit)
    i.Task_100HZ                             0x080024e0   Section        0  tasks.o(i.Task_100HZ)
    i.Task_25HZ                              0x080024ea   Section        0  tasks.o(i.Task_25HZ)
    i.Task_4HZ                               0x080024fc   Section        0  tasks.o(i.Task_4HZ)
    i.Task_500HZ                             0x08002544   Section        0  tasks.o(i.Task_500HZ)
    i.Timer3_Init                            0x0800255c   Section        0  timer3.o(i.Timer3_Init)
    i.USART1_IRQHandler                      0x080025c0   Section        0  uart.o(i.USART1_IRQHandler)
    i.USART_ClearFlag                        0x08002740   Section        0  stm32f10x_usart.o(i.USART_ClearFlag)
    i.USART_Cmd                              0x08002752   Section        0  stm32f10x_usart.o(i.USART_Cmd)
    i.USART_GetFlagStatus                    0x0800276a   Section        0  stm32f10x_usart.o(i.USART_GetFlagStatus)
    i.USART_ITConfig                         0x08002784   Section        0  stm32f10x_usart.o(i.USART_ITConfig)
    i.USART_Init                             0x080027d0   Section        0  stm32f10x_usart.o(i.USART_Init)
    i.USART_ReceiveData                      0x080028a8   Section        0  stm32f10x_usart.o(i.USART_ReceiveData)
    i.Uart1_Init                             0x080028b4   Section        0  uart.o(i.Uart1_Init)
    i.Uart_Check                             0x0800294c   Section        0  protocol.o(i.Uart_Check)
    i.Uart_Send                              0x08002ac0   Section        0  uart.o(i.Uart_Send)
    i.UsageFault_Handler                     0x08002ada   Section        0  stm32f10x_it.o(i.UsageFault_Handler)
    i.main                                   0x08002ae0   Section        0  main.o(i.main)
    x$fpl$fdiv                               0x08002b44   Section      388  fdiv.o(x$fpl$fdiv)
    _fdiv1                                   0x08002b45   Thumb Code     0  fdiv.o(x$fpl$fdiv)
    x$fpl$ffixu                              0x08002cc8   Section       62  ffixu.o(x$fpl$ffixu)
    x$fpl$ffltu                              0x08002d08   Section       38  fflt_clz.o(x$fpl$ffltu)
    x$fpl$fmul                               0x08002d30   Section      258  fmul.o(x$fpl$fmul)
    x$fpl$fnaninf                            0x08002e32   Section      140  fnaninf.o(x$fpl$fnaninf)
    x$fpl$fretinf                            0x08002ebe   Section       10  fretinf.o(x$fpl$fretinf)
    x$fpl$usenofp                            0x08002ec8   Section        0  usenofp.o(x$fpl$usenofp)
    .data                                    0x20000000   Section       12  stm32f10x_it.o(.data)
    Key_Delay                                0x20000000   Data           4  stm32f10x_it.o(.data)
    Key_Delay                                0x20000004   Data           4  stm32f10x_it.o(.data)
    .data                                    0x2000000c   Section       46  key.o(.data)
    count                                    0x2000000f   Data           1  key.o(.data)
    count0                                   0x20000010   Data           4  key.o(.data)
    count1                                   0x20000014   Data           4  key.o(.data)
    count2                                   0x20000018   Data           4  key.o(.data)
    count3                                   0x2000001c   Data           4  key.o(.data)
    count4                                   0x20000020   Data           4  key.o(.data)
    count5                                   0x20000024   Data           4  key.o(.data)
    count6                                   0x20000028   Data           4  key.o(.data)
    .data                                    0x2000003a   Section        1  filter.o(.data)
    Filter_count                             0x2000003a   Data           1  filter.o(.data)
    .data                                    0x2000003b   Section        1  tasks.o(.data)
    turn_count                               0x2000003b   Data           1  tasks.o(.data)
    .data                                    0x2000003c   Section        8  protocol.o(.data)
    .data                                    0x20000044   Section       12  led.o(.data)
    Light_On                                 0x20000044   Data           1  led.o(.data)
    Last_time                                0x20000048   Data           4  led.o(.data)
    Now_time                                 0x2000004c   Data           4  led.o(.data)
    .data                                    0x20000050   Section        6  uart.o(.data)
    TxCount                                  0x20000050   Data           1  uart.o(.data)
    Count                                    0x20000051   Data           1  uart.o(.data)
    Head                                     0x20000052   Data           1  uart.o(.data)
    Line                                     0x20000053   Data           1  uart.o(.data)
    .data                                    0x20000058   Section        6  timer3.o(.data)
    .data                                    0x2000005e   Section       24  struct_all.o(.data)
    .data                                    0x20000076   Section        4  dma_adc.o(.data)
    .data                                    0x2000007a   Section       12  spi_nrf24l01.o(.data)
    TX_ADDRESS                               0x2000007a   Data           5  spi_nrf24l01.o(.data)
    RX_ADDRESS                               0x2000007f   Data           5  spi_nrf24l01.o(.data)
    Nrf_Erro                                 0x20000084   Data           2  spi_nrf24l01.o(.data)
    .data                                    0x20000086   Section       20  stm32f10x_rcc.o(.data)
    APBAHBPrescTable                         0x20000086   Data          16  stm32f10x_rcc.o(.data)
    ADCPrescTable                            0x20000096   Data           4  stm32f10x_rcc.o(.data)
    .bss                                     0x2000009c   Section       40  filter.o(.bss)
    Filter_A                                 0x2000009c   Data          10  filter.o(.bss)
    Filter_B                                 0x200000a6   Data          10  filter.o(.bss)
    Filter_C                                 0x200000b0   Data          10  filter.o(.bss)
    Filter_D                                 0x200000ba   Data          10  filter.o(.bss)
    .bss                                     0x200000c4   Section      356  uart.o(.bss)
    TxBuff                                   0x200000c4   Data         256  uart.o(.bss)
    .bss                                     0x20000228   Section       60  struct_all.o(.bss)
    .bss                                     0x20000264   Section       18  dma_adc.o(.bss)
    .bss                                     0x20000276   Section       64  spi_nrf24l01.o(.bss)
    .bss                                     0x200002b8   Section       96  libspace.o(.bss)
    HEAP                                     0x20000318   Section      512  startup_stm32f10x_md.o(HEAP)
    Heap_Mem                                 0x20000318   Data         512  startup_stm32f10x_md.o(HEAP)
    STACK                                    0x20000518   Section     1024  startup_stm32f10x_md.o(STACK)
    Stack_Mem                                0x20000518   Data        1024  startup_stm32f10x_md.o(STACK)
    __initial_sp                             0x20000918   Data           0  startup_stm32f10x_md.o(STACK)

    Global Symbols

    Symbol Name                              Value     Ov Type        Size  Object(Section)

    BuildAttributes$$THM_ISAv4$P$D$K$B$S$PE$A:L22UL41UL21$X:L11$S22US41US21$IEEE1$IW$USESV6$~STKCKD$USESV7$~SHL$OSPACE$ROPI$EBA8$UX$STANDARDLIB$REQ8$PRES8$EABIv2 0x00000000   Number         0  anon$$obj.o ABSOLUTE
    __ARM_use_no_argv                        0x00000000   Number         0  main.o ABSOLUTE
    __ARM_exceptions_init                     - Undefined Weak Reference
    __alloca_initialize                       - Undefined Weak Reference
    __cpp_initialize__aeabi_                  - Undefined Weak Reference
    __cxa_finalize                            - Undefined Weak Reference
    __rt_locale                               - Undefined Weak Reference
    __sigvec_lookup                           - Undefined Weak Reference
    _atexit_init                              - Undefined Weak Reference
    _call_atexit_fns                          - Undefined Weak Reference
    _clock_init                               - Undefined Weak Reference
    _fp_trap_init                             - Undefined Weak Reference
    _fp_trap_shutdown                         - Undefined Weak Reference
    _get_lc_collate                           - Undefined Weak Reference
    _get_lc_ctype                             - Undefined Weak Reference
    _get_lc_monetary                          - Undefined Weak Reference
    _get_lc_numeric                           - Undefined Weak Reference
    _get_lc_time                              - Undefined Weak Reference
    _getenv_init                              - Undefined Weak Reference
    _handle_redirection                       - Undefined Weak Reference
    _init_alloc                               - Undefined Weak Reference
    _init_user_alloc                          - Undefined Weak Reference
    _initio                                   - Undefined Weak Reference
    _rand_init                                - Undefined Weak Reference
    _signal_finish                            - Undefined Weak Reference
    _signal_init                              - Undefined Weak Reference
    _terminate_alloc                          - Undefined Weak Reference
    _terminate_user_alloc                     - Undefined Weak Reference
    _terminateio                              - Undefined Weak Reference
    __Vectors_Size                           0x000000ec   Number         0  startup_stm32f10x_md.o ABSOLUTE
    __Vectors                                0x08000000   Data           4  startup_stm32f10x_md.o(RESET)
    __Vectors_End                            0x080000ec   Data           0  startup_stm32f10x_md.o(RESET)
    __main                                   0x080000ed   Thumb Code     8  __main.o(!!!main)
    __scatterload                            0x080000f5   Thumb Code     0  __scatter.o(!!!scatter)
    __scatterload_rt2                        0x080000f5   Thumb Code    44  __scatter.o(!!!scatter)
    __scatterload_rt2_thumb_only             0x080000f5   Thumb Code     0  __scatter.o(!!!scatter)
    __scatterload_null                       0x08000103   Thumb Code     0  __scatter.o(!!!scatter)
    __scatterload_copy                       0x08000129   Thumb Code    26  __scatter_copy.o(!!handler_copy)
    __scatterload_zeroinit                   0x08000145   Thumb Code    28  __scatter_zi.o(!!handler_zi)
    __rt_lib_init                            0x08000161   Thumb Code     0  libinit.o(.ARM.Collect$$libinit$$00000000)
    __rt_lib_init_alloca_1                   0x08000163   Thumb Code     0  libinit2.o(.ARM.Collect$$libinit$$0000002C)
    __rt_lib_init_argv_1                     0x08000163   Thumb Code     0  libinit2.o(.ARM.Collect$$libinit$$0000002A)
    __rt_lib_init_atexit_1                   0x08000163   Thumb Code     0  libinit2.o(.ARM.Collect$$libinit$$00000019)
    __rt_lib_init_clock_1                    0x08000163   Thumb Code     0  libinit2.o(.ARM.Collect$$libinit$$0000001F)
    __rt_lib_init_cpp_1                      0x08000163   Thumb Code     0  libinit2.o(.ARM.Collect$$libinit$$00000030)
    __rt_lib_init_exceptions_1               0x08000163   Thumb Code     0  libinit2.o(.ARM.Collect$$libinit$$0000002E)
    __rt_lib_init_fp_1                       0x08000163   Thumb Code     0  libinit2.o(.ARM.Collect$$libinit$$00000002)
    __rt_lib_init_fp_trap_1                  0x08000163   Thumb Code     0  libinit2.o(.ARM.Collect$$libinit$$0000001D)
    __rt_lib_init_getenv_1                   0x08000163   Thumb Code     0  libinit2.o(.ARM.Collect$$libinit$$00000021)
    __rt_lib_init_heap_1                     0x08000163   Thumb Code     0  libinit2.o(.ARM.Collect$$libinit$$00000008)
    __rt_lib_init_lc_collate_1               0x08000163   Thumb Code     0  libinit2.o(.ARM.Collect$$libinit$$0000000F)
    __rt_lib_init_lc_ctype_1                 0x08000163   Thumb Code     0  libinit2.o(.ARM.Collect$$libinit$$00000011)
    __rt_lib_init_lc_monetary_1              0x08000163   Thumb Code     0  libinit2.o(.ARM.Collect$$libinit$$00000013)
    __rt_lib_init_lc_numeric_1               0x08000163   Thumb Code     0  libinit2.o(.ARM.Collect$$libinit$$00000015)
    __rt_lib_init_lc_time_1                  0x08000163   Thumb Code     0  libinit2.o(.ARM.Collect$$libinit$$00000017)
    __rt_lib_init_rand_1                     0x08000163   Thumb Code     0  libinit2.o(.ARM.Collect$$libinit$$0000000C)
    __rt_lib_init_return                     0x08000163   Thumb Code     0  libinit2.o(.ARM.Collect$$libinit$$00000031)
    __rt_lib_init_signal_1                   0x08000163   Thumb Code     0  libinit2.o(.ARM.Collect$$libinit$$0000001B)
    __rt_lib_init_stdio_1                    0x08000163   Thumb Code     0  libinit2.o(.ARM.Collect$$libinit$$00000023)
    __rt_lib_init_user_alloc_1               0x08000163   Thumb Code     0  libinit2.o(.ARM.Collect$$libinit$$0000000A)
    __rt_lib_shutdown                        0x08000165   Thumb Code     0  libshutdown.o(.ARM.Collect$$libshutdown$$00000000)
    __rt_lib_shutdown_fp_trap_1              0x08000167   Thumb Code     0  libshutdown2.o(.ARM.Collect$$libshutdown$$00000006)
    __rt_lib_shutdown_heap_1                 0x08000167   Thumb Code     0  libshutdown2.o(.ARM.Collect$$libshutdown$$0000000E)
    __rt_lib_shutdown_return                 0x08000167   Thumb Code     0  libshutdown2.o(.ARM.Collect$$libshutdown$$0000000F)
    __rt_lib_shutdown_signal_1               0x08000167   Thumb Code     0  libshutdown2.o(.ARM.Collect$$libshutdown$$00000009)
    __rt_lib_shutdown_stdio_1                0x08000167   Thumb Code     0  libshutdown2.o(.ARM.Collect$$libshutdown$$00000003)
    __rt_lib_shutdown_user_alloc_1           0x08000167   Thumb Code     0  libshutdown2.o(.ARM.Collect$$libshutdown$$0000000B)
    __rt_entry                               0x08000169   Thumb Code     0  rtentry.o(.ARM.Collect$$rtentry$$00000000)
    __rt_entry_presh_1                       0x08000169   Thumb Code     0  rtentry2.o(.ARM.Collect$$rtentry$$00000002)
    __rt_entry_sh                            0x08000169   Thumb Code     0  rtentry4.o(.ARM.Collect$$rtentry$$00000004)
    __rt_entry_li                            0x0800016f   Thumb Code     0  rtentry2.o(.ARM.Collect$$rtentry$$0000000A)
    __rt_entry_postsh_1                      0x0800016f   Thumb Code     0  rtentry2.o(.ARM.Collect$$rtentry$$00000009)
    __rt_entry_main                          0x08000173   Thumb Code     0  rtentry2.o(.ARM.Collect$$rtentry$$0000000D)
    __rt_entry_postli_1                      0x08000173   Thumb Code     0  rtentry2.o(.ARM.Collect$$rtentry$$0000000C)
    __rt_exit                                0x0800017b   Thumb Code     0  rtexit.o(.ARM.Collect$$rtexit$$00000000)
    __rt_exit_ls                             0x0800017d   Thumb Code     0  rtexit2.o(.ARM.Collect$$rtexit$$00000003)
    __rt_exit_prels_1                        0x0800017d   Thumb Code     0  rtexit2.o(.ARM.Collect$$rtexit$$00000002)
    __rt_exit_exit                           0x08000181   Thumb Code     0  rtexit2.o(.ARM.Collect$$rtexit$$00000004)
    Reset_Handler                            0x08000189   Thumb Code     8  startup_stm32f10x_md.o(.text)
    ADC1_2_IRQHandler                        0x080001a3   Thumb Code     0  startup_stm32f10x_md.o(.text)
    CAN1_RX1_IRQHandler                      0x080001a3   Thumb Code     0  startup_stm32f10x_md.o(.text)
    CAN1_SCE_IRQHandler                      0x080001a3   Thumb Code     0  startup_stm32f10x_md.o(.text)
    DMA1_Channel1_IRQHandler                 0x080001a3   Thumb Code     0  startup_stm32f10x_md.o(.text)
    DMA1_Channel2_IRQHandler                 0x080001a3   Thumb Code     0  startup_stm32f10x_md.o(.text)
    DMA1_Channel3_IRQHandler                 0x080001a3   Thumb Code     0  startup_stm32f10x_md.o(.text)
    DMA1_Channel4_IRQHandler                 0x080001a3   Thumb Code     0  startup_stm32f10x_md.o(.text)
    DMA1_Channel5_IRQHandler                 0x080001a3   Thumb Code     0  startup_stm32f10x_md.o(.text)
    DMA1_Channel6_IRQHandler                 0x080001a3   Thumb Code     0  startup_stm32f10x_md.o(.text)
    DMA1_Channel7_IRQHandler                 0x080001a3   Thumb Code     0  startup_stm32f10x_md.o(.text)
    EXTI0_IRQHandler                         0x080001a3   Thumb Code     0  startup_stm32f10x_md.o(.text)
    EXTI2_IRQHandler                         0x080001a3   Thumb Code     0  startup_stm32f10x_md.o(.text)
    EXTI3_IRQHandler                         0x080001a3   Thumb Code     0  startup_stm32f10x_md.o(.text)
    EXTI4_IRQHandler                         0x080001a3   Thumb Code     0  startup_stm32f10x_md.o(.text)
    FLASH_IRQHandler                         0x080001a3   Thumb Code     0  startup_stm32f10x_md.o(.text)
    I2C1_ER_IRQHandler                       0x080001a3   Thumb Code     0  startup_stm32f10x_md.o(.text)
    I2C1_EV_IRQHandler                       0x080001a3   Thumb Code     0  startup_stm32f10x_md.o(.text)
    I2C2_ER_IRQHandler                       0x080001a3   Thumb Code     0  startup_stm32f10x_md.o(.text)
    I2C2_EV_IRQHandler                       0x080001a3   Thumb Code     0  startup_stm32f10x_md.o(.text)
    PVD_IRQHandler                           0x080001a3   Thumb Code     0  startup_stm32f10x_md.o(.text)
    RCC_IRQHandler                           0x080001a3   Thumb Code     0  startup_stm32f10x_md.o(.text)
    RTCAlarm_IRQHandler                      0x080001a3   Thumb Code     0  startup_stm32f10x_md.o(.text)
    RTC_IRQHandler                           0x080001a3   Thumb Code     0  startup_stm32f10x_md.o(.text)
    SPI1_IRQHandler                          0x080001a3   Thumb Code     0  startup_stm32f10x_md.o(.text)
    SPI2_IRQHandler                          0x080001a3   Thumb Code     0  startup_stm32f10x_md.o(.text)
    TAMPER_IRQHandler                        0x080001a3   Thumb Code     0  startup_stm32f10x_md.o(.text)
    TIM1_BRK_IRQHandler                      0x080001a3   Thumb Code     0  startup_stm32f10x_md.o(.text)
    TIM1_CC_IRQHandler                       0x080001a3   Thumb Code     0  startup_stm32f10x_md.o(.text)
    TIM1_TRG_COM_IRQHandler                  0x080001a3   Thumb Code     0  startup_stm32f10x_md.o(.text)
    TIM1_UP_IRQHandler                       0x080001a3   Thumb Code     0  startup_stm32f10x_md.o(.text)
    TIM2_IRQHandler                          0x080001a3   Thumb Code     0  startup_stm32f10x_md.o(.text)
    TIM4_IRQHandler                          0x080001a3   Thumb Code     0  startup_stm32f10x_md.o(.text)
    USART2_IRQHandler                        0x080001a3   Thumb Code     0  startup_stm32f10x_md.o(.text)
    USART3_IRQHandler                        0x080001a3   Thumb Code     0  startup_stm32f10x_md.o(.text)
    USBWakeUp_IRQHandler                     0x080001a3   Thumb Code     0  startup_stm32f10x_md.o(.text)
    USB_HP_CAN1_TX_IRQHandler                0x080001a3   Thumb Code     0  startup_stm32f10x_md.o(.text)
    USB_LP_CAN1_RX0_IRQHandler               0x080001a3   Thumb Code     0  startup_stm32f10x_md.o(.text)
    WWDG_IRQHandler                          0x080001a3   Thumb Code     0  startup_stm32f10x_md.o(.text)
    __user_initial_stackheap                 0x080001a5   Thumb Code     0  startup_stm32f10x_md.o(.text)
    __use_two_region_memory                  0x080001c9   Thumb Code     2  heapauxi.o(.text)
    __rt_heap_escrow$2region                 0x080001cb   Thumb Code     2  heapauxi.o(.text)
    __rt_heap_expand$2region                 0x080001cd   Thumb Code     2  heapauxi.o(.text)
    __user_setup_stackheap                   0x080001cf   Thumb Code    74  sys_stackheap_outer.o(.text)
    exit                                     0x08000219   Thumb Code    12  exit.o(.text)
    __user_libspace                          0x08000225   Thumb Code     8  libspace.o(.text)
    __user_perproc_libspace                  0x08000225   Thumb Code     0  libspace.o(.text)
    __user_perthread_libspace                0x08000225   Thumb Code     0  libspace.o(.text)
    _sys_exit                                0x0800022d   Thumb Code     8  sys_exit.o(.text)
    __I$use$semihosting                      0x08000239   Thumb Code     0  use_no_semi.o(.text)
    __use_no_semihosting_swi                 0x08000239   Thumb Code     2  use_no_semi.o(.text)
    __semihosting_library_function           0x0800023b   Thumb Code     0  indicate_semi.o(.text)
    ADC1_Init                                0x08000279   Thumb Code    12  dma_adc.o(i.ADC1_Init)
    ADC_Cmd                                  0x080003d9   Thumb Code    22  stm32f10x_adc.o(i.ADC_Cmd)
    ADC_DMACmd                               0x080003ef   Thumb Code    22  stm32f10x_adc.o(i.ADC_DMACmd)
    ADC_DeInit                               0x08000405   Thumb Code    78  stm32f10x_adc.o(i.ADC_DeInit)
    ADC_GetCalibrationStatus                 0x08000461   Thumb Code    20  stm32f10x_adc.o(i.ADC_GetCalibrationStatus)
    ADC_GetResetCalibrationStatus            0x08000475   Thumb Code    20  stm32f10x_adc.o(i.ADC_GetResetCalibrationStatus)
    ADC_Init                                 0x08000489   Thumb Code    70  stm32f10x_adc.o(i.ADC_Init)
    ADC_RegularChannelConfig                 0x080004d9   Thumb Code   184  stm32f10x_adc.o(i.ADC_RegularChannelConfig)
    ADC_ResetCalibration                     0x08000591   Thumb Code    10  stm32f10x_adc.o(i.ADC_ResetCalibration)
    ADC_SoftwareStartConvCmd                 0x0800059b   Thumb Code    22  stm32f10x_adc.o(i.ADC_SoftwareStartConvCmd)
    ADC_StartCalibration                     0x080005b1   Thumb Code    10  stm32f10x_adc.o(i.ADC_StartCalibration)
    ADC_TempSensorVrefintCmd                 0x080005bd   Thumb Code    30  stm32f10x_adc.o(i.ADC_TempSensorVrefintCmd)
    BSP_Int                                  0x080005e1   Thumb Code    68  tasks.o(i.BSP_Int)
    BusFault_Handler                         0x08000645   Thumb Code     4  stm32f10x_it.o(i.BusFault_Handler)
    DMA_Cmd                                  0x08000649   Thumb Code    24  stm32f10x_dma.o(i.DMA_Cmd)
    DMA_DeInit                               0x08000661   Thumb Code   324  stm32f10x_dma.o(i.DMA_DeInit)
    DMA_Init                                 0x080007ad   Thumb Code    60  stm32f10x_dma.o(i.DMA_Init)
    DebugMon_Handler                         0x080007e9   Thumb Code     2  stm32f10x_it.o(i.DebugMon_Handler)
    Do_Offset                                0x08000809   Thumb Code   384  key.o(i.Do_Offset)
    EXTI15_10_IRQHandler                     0x080009d1   Thumb Code    26  stm32f10x_it.o(i.EXTI15_10_IRQHandler)
    EXTI1_IRQHandler                         0x080009ed   Thumb Code    60  stm32f10x_it.o(i.EXTI1_IRQHandler)
    EXTI9_5_IRQHandler                       0x08000a35   Thumb Code    64  stm32f10x_it.o(i.EXTI9_5_IRQHandler)
    EXTI_ClearITPendingBit                   0x08000a81   Thumb Code     6  stm32f10x_exti.o(i.EXTI_ClearITPendingBit)
    EXTI_GetITStatus                         0x08000a8d   Thumb Code    34  stm32f10x_exti.o(i.EXTI_GetITStatus)
    EXTI_Init                                0x08000ab5   Thumb Code   142  stm32f10x_exti.o(i.EXTI_Init)
    GPIO_EXTILineConfig                      0x08000b49   Thumb Code    60  stm32f10x_gpio.o(i.GPIO_EXTILineConfig)
    GPIO_Init                                0x08000b89   Thumb Code   274  stm32f10x_gpio.o(i.GPIO_Init)
    Get_Checksum                             0x08000c9b   Thumb Code    30  maths.o(i.Get_Checksum)
    HardFault_Handler                        0x08000cb9   Thumb Code     4  stm32f10x_it.o(i.HardFault_Handler)
    KEY_Init                                 0x08000cbd   Thumb Code   100  key.o(i.KEY_Init)
    LED3_ON_Frequency                        0x08000d25   Thumb Code   126  led.o(i.LED3_ON_Frequency)
    LED_Init                                 0x08000dbd   Thumb Code    96  led.o(i.LED_Init)
    LED_ON_OFF                               0x08000e21   Thumb Code    90  led.o(i.LED_ON_OFF)
    LED_Show                                 0x08000e81   Thumb Code    96  led.o(i.LED_Show)
    MemManage_Handler                        0x08000ef1   Thumb Code     4  stm32f10x_it.o(i.MemManage_Handler)
    NMI_Handler                              0x08000ef5   Thumb Code     2  stm32f10x_it.o(i.NMI_Handler)
    NRF24L01_Check                           0x08001049   Thumb Code    70  spi_nrf24l01.o(i.NRF24L01_Check)
    NRF24L01_IRQ                             0x080010cd   Thumb Code    90  spi_nrf24l01.o(i.NRF24L01_IRQ)
    NRF24L01_Init                            0x08001131   Thumb Code   134  spi_nrf24l01.o(i.NRF24L01_Init)
    NRF_Read_Buff                            0x08001205   Thumb Code    60  spi_nrf24l01.o(i.NRF_Read_Buff)
    NRF_Read_Reg                             0x08001245   Thumb Code    38  spi_nrf24l01.o(i.NRF_Read_Reg)
    NRF_Send_TX                              0x08001271   Thumb Code    38  spi_nrf24l01.o(i.NRF_Send_TX)
    NRF_Write_Buf                            0x0800129d   Thumb Code    58  spi_nrf24l01.o(i.NRF_Write_Buf)
    NRF_Write_Reg                            0x080012dd   Thumb Code    40  spi_nrf24l01.o(i.NRF_Write_Reg)
    NVIC_Init                                0x08001309   Thumb Code   102  misc.o(i.NVIC_Init)
    NVIC_PriorityGroupConfig                 0x0800137d   Thumb Code    10  misc.o(i.NVIC_PriorityGroupConfig)
    Nrf_Connect                              0x08001391   Thumb Code    76  spi_nrf24l01.o(i.Nrf_Connect)
    PendSV_Handler                           0x08001489   Thumb Code     2  stm32f10x_it.o(i.PendSV_Handler)
    PrintHexU8                               0x0800148d   Thumb Code    46  uart.o(i.PrintHexU8)
    PrintString                              0x080014c9   Thumb Code    24  uart.o(i.PrintString)
    Print_MSP_ANALOG                         0x080014e1   Thumb Code   118  protocol.o(i.Print_MSP_ANALOG)
    Print_MSP_IDENT                          0x08001561   Thumb Code   100  protocol.o(i.Print_MSP_IDENT)
    Print_MSP_MOTOR                          0x080015c5   Thumb Code   174  protocol.o(i.Print_MSP_MOTOR)
    Print_MSP_MOTOR_PINS                     0x08001685   Thumb Code   104  protocol.o(i.Print_MSP_MOTOR_PINS)
    Print_MSP_PID                            0x080016ed   Thumb Code   284  protocol.o(i.Print_MSP_PID)
    Print_MSP_RC                             0x0800180d   Thumb Code   310  protocol.o(i.Print_MSP_RC)
    Print_MSP_SET_PID                        0x08001959   Thumb Code   128  protocol.o(i.Print_MSP_SET_PID)
    RCC_ADCCLKConfig                         0x080019dd   Thumb Code    18  stm32f10x_rcc.o(i.RCC_ADCCLKConfig)
    RCC_AHBPeriphClockCmd                    0x080019f5   Thumb Code    26  stm32f10x_rcc.o(i.RCC_AHBPeriphClockCmd)
    RCC_APB1PeriphClockCmd                   0x08001a15   Thumb Code    26  stm32f10x_rcc.o(i.RCC_APB1PeriphClockCmd)
    RCC_APB1PeriphResetCmd                   0x08001a35   Thumb Code    26  stm32f10x_rcc.o(i.RCC_APB1PeriphResetCmd)
    RCC_APB2PeriphClockCmd                   0x08001a55   Thumb Code    26  stm32f10x_rcc.o(i.RCC_APB2PeriphClockCmd)
    RCC_APB2PeriphResetCmd                   0x08001a75   Thumb Code    26  stm32f10x_rcc.o(i.RCC_APB2PeriphResetCmd)
    RCC_GetClocksFreq                        0x08001a95   Thumb Code   192  stm32f10x_rcc.o(i.RCC_GetClocksFreq)
    RC_Limit                                 0x08001b69   Thumb Code   254  filter.o(i.RC_Limit)
    Rc_Filter                                0x08001c69   Thumb Code   496  filter.o(i.Rc_Filter)
    SPI2_Init                                0x08001e99   Thumb Code   256  spi_nrf24l01.o(i.SPI2_Init)
    SPI_Cmd                                  0x08001fc1   Thumb Code    24  stm32f10x_spi.o(i.SPI_Cmd)
    SPI_I2S_GetFlagStatus                    0x08001fd9   Thumb Code    18  stm32f10x_spi.o(i.SPI_I2S_GetFlagStatus)
    SPI_I2S_ReceiveData                      0x08001feb   Thumb Code     6  stm32f10x_spi.o(i.SPI_I2S_ReceiveData)
    SPI_I2S_SendData                         0x08001ff1   Thumb Code     4  stm32f10x_spi.o(i.SPI_I2S_SendData)
    SPI_Init                                 0x08001ff5   Thumb Code    60  stm32f10x_spi.o(i.SPI_Init)
    SPI_RW                                   0x08002031   Thumb Code    50  spi_nrf24l01.o(i.SPI_RW)
    SVC_Handler                              0x08002069   Thumb Code     2  stm32f10x_it.o(i.SVC_Handler)
    SysTick_Handler                          0x08002151   Thumb Code     2  stm32f10x_it.o(i.SysTick_Handler)
    SystemInit                               0x08002155   Thumb Code    78  system_stm32f10x.o(i.SystemInit)
    TIM3_IRQHandler                          0x080021b5   Thumb Code    80  stm32f10x_it.o(i.TIM3_IRQHandler)
    TIM_ClearFlag                            0x08002221   Thumb Code     6  stm32f10x_tim.o(i.TIM_ClearFlag)
    TIM_Cmd                                  0x08002227   Thumb Code    24  stm32f10x_tim.o(i.TIM_Cmd)
    TIM_DeInit                               0x08002241   Thumb Code   424  stm32f10x_tim.o(i.TIM_DeInit)
    TIM_ITConfig                             0x08002429   Thumb Code    18  stm32f10x_tim.o(i.TIM_ITConfig)
    TIM_TimeBaseInit                         0x0800243d   Thumb Code   122  stm32f10x_tim.o(i.TIM_TimeBaseInit)
    Task_100HZ                               0x080024e1   Thumb Code    10  tasks.o(i.Task_100HZ)
    Task_25HZ                                0x080024eb   Thumb Code    18  tasks.o(i.Task_25HZ)
    Task_4HZ                                 0x080024fd   Thumb Code    68  tasks.o(i.Task_4HZ)
    Task_500HZ                               0x08002545   Thumb Code    16  tasks.o(i.Task_500HZ)
    Timer3_Init                              0x0800255d   Thumb Code    86  timer3.o(i.Timer3_Init)
    USART1_IRQHandler                        0x080025c1   Thumb Code   346  uart.o(i.USART1_IRQHandler)
    USART_ClearFlag                          0x08002741   Thumb Code    18  stm32f10x_usart.o(i.USART_ClearFlag)
    USART_Cmd                                0x08002753   Thumb Code    24  stm32f10x_usart.o(i.USART_Cmd)
    USART_GetFlagStatus                      0x0800276b   Thumb Code    26  stm32f10x_usart.o(i.USART_GetFlagStatus)
    USART_ITConfig                           0x08002785   Thumb Code    74  stm32f10x_usart.o(i.USART_ITConfig)
    USART_Init                               0x080027d1   Thumb Code   210  stm32f10x_usart.o(i.USART_Init)
    USART_ReceiveData                        0x080028a9   Thumb Code    10  stm32f10x_usart.o(i.USART_ReceiveData)
    Uart1_Init                               0x080028b5   Thumb Code   144  uart.o(i.Uart1_Init)
    Uart_Check                               0x0800294d   Thumb Code   354  protocol.o(i.Uart_Check)
    Uart_Send                                0x08002ac1   Thumb Code    26  uart.o(i.Uart_Send)
    UsageFault_Handler                       0x08002adb   Thumb Code     4  stm32f10x_it.o(i.UsageFault_Handler)
    main                                     0x08002ae1   Thumb Code    84  main.o(i.main)
    __aeabi_fdiv                             0x08002b45   Thumb Code     0  fdiv.o(x$fpl$fdiv)
    _fdiv                                    0x08002b45   Thumb Code   384  fdiv.o(x$fpl$fdiv)
    __aeabi_f2uiz                            0x08002cc9   Thumb Code     0  ffixu.o(x$fpl$ffixu)
    _ffixu                                   0x08002cc9   Thumb Code    62  ffixu.o(x$fpl$ffixu)
    __aeabi_ui2f                             0x08002d09   Thumb Code     0  fflt_clz.o(x$fpl$ffltu)
    _ffltu                                   0x08002d09   Thumb Code    38  fflt_clz.o(x$fpl$ffltu)
    __aeabi_fmul                             0x08002d31   Thumb Code     0  fmul.o(x$fpl$fmul)
    _fmul                                    0x08002d31   Thumb Code   258  fmul.o(x$fpl$fmul)
    __fpl_fnaninf                            0x08002e33   Thumb Code   140  fnaninf.o(x$fpl$fnaninf)
    __fpl_fretinf                            0x08002ebf   Thumb Code    10  fretinf.o(x$fpl$fretinf)
    Region$$Table$$Base                      0x08002ec8   Number         0  anon$$obj.o(Region$$Table)
    __I$use$fp                               0x08002ec8   Number         0  usenofp.o(x$fpl$usenofp)
    Region$$Table$$Limit                     0x08002ee8   Number         0  anon$$obj.o(Region$$Table)
    Count_2ms                                0x20000008   Data           1  stm32f10x_it.o(.data)
    Count_10ms                               0x20000009   Data           1  stm32f10x_it.o(.data)
    Count_40ms                               0x2000000a   Data           1  stm32f10x_it.o(.data)
    Count_250ms                              0x2000000b   Data           1  stm32f10x_it.o(.data)
    offset                                   0x2000000c   Data           1  key.o(.data)
    Mode                                     0x2000000d   Data           1  key.o(.data)
    Fun                                      0x2000000e   Data           1  key.o(.data)
    offset0                                  0x2000002c   Data           2  key.o(.data)
    offset1                                  0x2000002e   Data           2  key.o(.data)
    offset2                                  0x20000030   Data           2  key.o(.data)
    offset3                                  0x20000032   Data           2  key.o(.data)
    offset4                                  0x20000034   Data           2  key.o(.data)
    offset5                                  0x20000036   Data           2  key.o(.data)
    offset6                                  0x20000038   Data           2  key.o(.data)
    THROTTLE1                                0x2000003c   Data           2  protocol.o(.data)
    THROTTLE2                                0x2000003e   Data           2  protocol.o(.data)
    THROTTLE3                                0x20000040   Data           2  protocol.o(.data)
    THROTTLE4                                0x20000042   Data           2  protocol.o(.data)
    Line0                                    0x20000054   Data           1  uart.o(.data)
    Line1                                    0x20000055   Data           1  uart.o(.data)
    Timer3_Count                             0x20000058   Data           4  timer3.o(.data)
    Timer3_Frequency                         0x2000005c   Data           2  timer3.o(.data)
    Bsp_Int_Ok                               0x2000005e   Data           1  struct_all.o(.data)
    VirtAddVarTab                            0x20000060   Data          14  struct_all.o(.data)
    data_0                                   0x2000006e   Data           2  struct_all.o(.data)
    data_1                                   0x20000070   Data           2  struct_all.o(.data)
    data_2                                   0x20000072   Data           2  struct_all.o(.data)
    data_3                                   0x20000074   Data           2  struct_all.o(.data)
    Battery_Fly                              0x20000076   Data           2  dma_adc.o(.data)
    Battery_Rc                               0x20000078   Data           2  dma_adc.o(.data)
    RxBuff                                   0x200001c4   Data         100  uart.o(.bss)
    pid                                      0x20000228   Data          27  struct_all.o(.bss)
    Rc                                       0x20000244   Data          16  struct_all.o(.bss)
    Filter_Rc                                0x20000254   Data          16  struct_all.o(.bss)
    ADC_Value                                0x20000264   Data          18  dma_adc.o(.bss)
    NRF24L01_RXDATA                          0x20000276   Data          32  spi_nrf24l01.o(.bss)
    NRF24L01_TXDATA                          0x20000296   Data          32  spi_nrf24l01.o(.bss)
    __libspace_start                         0x200002b8   Data          96  libspace.o(.bss)
    __temporary_stack_top$libspace           0x20000318   Data           0  libspace.o(.bss)



==============================================================================

Memory Map of the image

  Image Entry point : 0x080000ed

  Load Region LR_IROM1 (Base: 0x08000000, Size: 0x00002f84, Max: 0x00010000, ABSOLUTE)

    Execution Region ER_IROM1 (Base: 0x08000000, Size: 0x00002ee8, Max: 0x00010000, ABSOLUTE)

    Base Addr    Size         Type   Attr      Idx    E Section Name        Object

    0x08000000   0x000000ec   Data   RO            3    RESET               startup_stm32f10x_md.o
    0x080000ec   0x00000008   Code   RO         3771  * !!!main             c_w.l(__main.o)
    0x080000f4   0x00000034   Code   RO         3946    !!!scatter          c_w.l(__scatter.o)
    0x08000128   0x0000001a   Code   RO         3948    !!handler_copy      c_w.l(__scatter_copy.o)
    0x08000142   0x00000002   PAD
    0x08000144   0x0000001c   Code   RO         3950    !!handler_zi        c_w.l(__scatter_zi.o)
    0x08000160   0x00000002   Code   RO         3819    .ARM.Collect$$libinit$$00000000  c_w.l(libinit.o)
    0x08000162   0x00000000   Code   RO         3826    .ARM.Collect$$libinit$$00000002  c_w.l(libinit2.o)
    0x08000162   0x00000000   Code   RO         3829    .ARM.Collect$$libinit$$00000008  c_w.l(libinit2.o)
    0x08000162   0x00000000   Code   RO         3831    .ARM.Collect$$libinit$$0000000A  c_w.l(libinit2.o)
    0x08000162   0x00000000   Code   RO         3833    .ARM.Collect$$libinit$$0000000C  c_w.l(libinit2.o)
    0x08000162   0x00000000   Code   RO         3836    .ARM.Collect$$libinit$$0000000F  c_w.l(libinit2.o)
    0x08000162   0x00000000   Code   RO         3838    .ARM.Collect$$libinit$$00000011  c_w.l(libinit2.o)
    0x08000162   0x00000000   Code   RO         3840    .ARM.Collect$$libinit$$00000013  c_w.l(libinit2.o)
    0x08000162   0x00000000   Code   RO         3842    .ARM.Collect$$libinit$$00000015  c_w.l(libinit2.o)
    0x08000162   0x00000000   Code   RO         3844    .ARM.Collect$$libinit$$00000017  c_w.l(libinit2.o)
    0x08000162   0x00000000   Code   RO         3846    .ARM.Collect$$libinit$$00000019  c_w.l(libinit2.o)
    0x08000162   0x00000000   Code   RO         3848    .ARM.Collect$$libinit$$0000001B  c_w.l(libinit2.o)
    0x08000162   0x00000000   Code   RO         3850    .ARM.Collect$$libinit$$0000001D  c_w.l(libinit2.o)
    0x08000162   0x00000000   Code   RO         3852    .ARM.Collect$$libinit$$0000001F  c_w.l(libinit2.o)
    0x08000162   0x00000000   Code   RO         3854    .ARM.Collect$$libinit$$00000021  c_w.l(libinit2.o)
    0x08000162   0x00000000   Code   RO         3856    .ARM.Collect$$libinit$$00000023  c_w.l(libinit2.o)
    0x08000162   0x00000000   Code   RO         3860    .ARM.Collect$$libinit$$0000002A  c_w.l(libinit2.o)
    0x08000162   0x00000000   Code   RO         3862    .ARM.Collect$$libinit$$0000002C  c_w.l(libinit2.o)
    0x08000162   0x00000000   Code   RO         3864    .ARM.Collect$$libinit$$0000002E  c_w.l(libinit2.o)
    0x08000162   0x00000000   Code   RO         3866    .ARM.Collect$$libinit$$00000030  c_w.l(libinit2.o)
    0x08000162   0x00000002   Code   RO         3867    .ARM.Collect$$libinit$$00000031  c_w.l(libinit2.o)
    0x08000164   0x00000002   Code   RO         3887    .ARM.Collect$$libshutdown$$00000000  c_w.l(libshutdown.o)
    0x08000166   0x00000000   Code   RO         3901    .ARM.Collect$$libshutdown$$00000003  c_w.l(libshutdown2.o)
    0x08000166   0x00000000   Code   RO         3904    .ARM.Collect$$libshutdown$$00000006  c_w.l(libshutdown2.o)
    0x08000166   0x00000000   Code   RO         3907    .ARM.Collect$$libshutdown$$00000009  c_w.l(libshutdown2.o)
    0x08000166   0x00000000   Code   RO         3909    .ARM.Collect$$libshutdown$$0000000B  c_w.l(libshutdown2.o)
    0x08000166   0x00000000   Code   RO         3912    .ARM.Collect$$libshutdown$$0000000E  c_w.l(libshutdown2.o)
    0x08000166   0x00000002   Code   RO         3913    .ARM.Collect$$libshutdown$$0000000F  c_w.l(libshutdown2.o)
    0x08000168   0x00000000   Code   RO         3789    .ARM.Collect$$rtentry$$00000000  c_w.l(rtentry.o)
    0x08000168   0x00000000   Code   RO         3796    .ARM.Collect$$rtentry$$00000002  c_w.l(rtentry2.o)
    0x08000168   0x00000006   Code   RO         3808    .ARM.Collect$$rtentry$$00000004  c_w.l(rtentry4.o)
    0x0800016e   0x00000000   Code   RO         3798    .ARM.Collect$$rtentry$$00000009  c_w.l(rtentry2.o)
    0x0800016e   0x00000004   Code   RO         3799    .ARM.Collect$$rtentry$$0000000A  c_w.l(rtentry2.o)
    0x08000172   0x00000000   Code   RO         3801    .ARM.Collect$$rtentry$$0000000C  c_w.l(rtentry2.o)
    0x08000172   0x00000008   Code   RO         3802    .ARM.Collect$$rtentry$$0000000D  c_w.l(rtentry2.o)
    0x0800017a   0x00000002   Code   RO         3823    .ARM.Collect$$rtexit$$00000000  c_w.l(rtexit.o)
    0x0800017c   0x00000000   Code   RO         3869    .ARM.Collect$$rtexit$$00000002  c_w.l(rtexit2.o)
    0x0800017c   0x00000004   Code   RO         3870    .ARM.Collect$$rtexit$$00000003  c_w.l(rtexit2.o)
    0x08000180   0x00000006   Code   RO         3871    .ARM.Collect$$rtexit$$00000004  c_w.l(rtexit2.o)
    0x08000186   0x00000002   PAD
    0x08000188   0x00000040   Code   RO            4    .text               startup_stm32f10x_md.o
    0x080001c8   0x00000006   Code   RO         3769    .text               c_w.l(heapauxi.o)
    0x080001ce   0x0000004a   Code   RO         3810    .text               c_w.l(sys_stackheap_outer.o)
    0x08000218   0x0000000c   Code   RO         3812    .text               c_w.l(exit.o)
    0x08000224   0x00000008   Code   RO         3820    .text               c_w.l(libspace.o)
    0x0800022c   0x0000000c   Code   RO         3879    .text               c_w.l(sys_exit.o)
    0x08000238   0x00000002   Code   RO         3890    .text               c_w.l(use_no_semi.o)
    0x0800023a   0x00000000   Code   RO         3892    .text               c_w.l(indicate_semi.o)
    0x0800023a   0x00000002   PAD
    0x0800023c   0x0000003c   Code   RO          661    i.ADC1_GPIO_Config  dma_adc.o
    0x08000278   0x0000000c   Code   RO          662    i.ADC1_Init         dma_adc.o
    0x08000284   0x00000154   Code   RO          663    i.ADC1_Mode_Config  dma_adc.o
    0x080003d8   0x00000016   Code   RO          842    i.ADC_Cmd           stm32f10x_adc.o
    0x080003ee   0x00000016   Code   RO          843    i.ADC_DMACmd        stm32f10x_adc.o
    0x08000404   0x0000005c   Code   RO          844    i.ADC_DeInit        stm32f10x_adc.o
    0x08000460   0x00000014   Code   RO          850    i.ADC_GetCalibrationStatus  stm32f10x_adc.o
    0x08000474   0x00000014   Code   RO          856    i.ADC_GetResetCalibrationStatus  stm32f10x_adc.o
    0x08000488   0x00000050   Code   RO          860    i.ADC_Init          stm32f10x_adc.o
    0x080004d8   0x000000b8   Code   RO          864    i.ADC_RegularChannelConfig  stm32f10x_adc.o
    0x08000590   0x0000000a   Code   RO          865    i.ADC_ResetCalibration  stm32f10x_adc.o
    0x0800059a   0x00000016   Code   RO          867    i.ADC_SoftwareStartConvCmd  stm32f10x_adc.o
    0x080005b0   0x0000000a   Code   RO          869    i.ADC_StartCalibration  stm32f10x_adc.o
    0x080005ba   0x00000002   PAD
    0x080005bc   0x00000024   Code   RO          871    i.ADC_TempSensorVrefintCmd  stm32f10x_adc.o
    0x080005e0   0x00000064   Code   RO          322    i.BSP_Int           tasks.o
    0x08000644   0x00000004   Code   RO          150    i.BusFault_Handler  stm32f10x_it.o
    0x08000648   0x00000018   Code   RO         1527    i.DMA_Cmd           stm32f10x_dma.o
    0x08000660   0x0000014c   Code   RO         1528    i.DMA_DeInit        stm32f10x_dma.o
    0x080007ac   0x0000003c   Code   RO         1533    i.DMA_Init          stm32f10x_dma.o
    0x080007e8   0x00000002   Code   RO          151    i.DebugMon_Handler  stm32f10x_it.o
    0x080007ea   0x0000001e   Code   RO          436    i.Delay_led         led.o
    0x08000808   0x000001c8   Code   RO          278    i.Do_Offset         key.o
    0x080009d0   0x0000001a   Code   RO          152    i.EXTI15_10_IRQHandler  stm32f10x_it.o
    0x080009ea   0x00000002   PAD
    0x080009ec   0x00000048   Code   RO          153    i.EXTI1_IRQHandler  stm32f10x_it.o
    0x08000a34   0x0000004c   Code   RO          154    i.EXTI9_5_IRQHandler  stm32f10x_it.o
    0x08000a80   0x0000000c   Code   RO         1598    i.EXTI_ClearITPendingBit  stm32f10x_exti.o
    0x08000a8c   0x00000028   Code   RO         1602    i.EXTI_GetITStatus  stm32f10x_exti.o
    0x08000ab4   0x00000094   Code   RO         1603    i.EXTI_Init         stm32f10x_exti.o
    0x08000b48   0x00000040   Code   RO         1948    i.GPIO_EXTILineConfig  stm32f10x_gpio.o
    0x08000b88   0x00000112   Code   RO         1951    i.GPIO_Init         stm32f10x_gpio.o
    0x08000c9a   0x0000001e   Code   RO          364    i.Get_Checksum      maths.o
    0x08000cb8   0x00000004   Code   RO          155    i.HardFault_Handler  stm32f10x_it.o
    0x08000cbc   0x00000068   Code   RO          279    i.KEY_Init          key.o
    0x08000d24   0x00000098   Code   RO          437    i.LED3_ON_Frequency  led.o
    0x08000dbc   0x00000064   Code   RO          438    i.LED_Init          led.o
    0x08000e20   0x00000060   Code   RO          439    i.LED_ON_OFF        led.o
    0x08000e80   0x00000070   Code   RO          440    i.LED_Show          led.o
    0x08000ef0   0x00000004   Code   RO          156    i.MemManage_Handler  stm32f10x_it.o
    0x08000ef4   0x00000002   Code   RO          157    i.NMI_Handler       stm32f10x_it.o
    0x08000ef6   0x00000002   PAD
    0x08000ef8   0x00000150   Code   RO          696    i.NRF24L01_Analyse  spi_nrf24l01.o
    0x08001048   0x00000084   Code   RO          697    i.NRF24L01_Check    spi_nrf24l01.o
    0x080010cc   0x00000064   Code   RO          698    i.NRF24L01_IRQ      spi_nrf24l01.o
    0x08001130   0x00000094   Code   RO          699    i.NRF24L01_Init     spi_nrf24l01.o
    0x080011c4   0x00000020   Code   RO          700    i.NRF24L01_Set_RX   spi_nrf24l01.o
    0x080011e4   0x00000020   Code   RO          701    i.NRF24L01_Set_TX   spi_nrf24l01.o
    0x08001204   0x00000040   Code   RO          702    i.NRF_Read_Buff     spi_nrf24l01.o
    0x08001244   0x0000002c   Code   RO          703    i.NRF_Read_Reg      spi_nrf24l01.o
    0x08001270   0x0000002c   Code   RO          704    i.NRF_Send_TX       spi_nrf24l01.o
    0x0800129c   0x00000040   Code   RO          705    i.NRF_Write_Buf     spi_nrf24l01.o
    0x080012dc   0x0000002c   Code   RO          706    i.NRF_Write_Reg     spi_nrf24l01.o
    0x08001308   0x00000074   Code   RO          800    i.NVIC_Init         misc.o
    0x0800137c   0x00000014   Code   RO          801    i.NVIC_PriorityGroupConfig  misc.o
    0x08001390   0x00000058   Code   RO          707    i.Nrf_Connect       spi_nrf24l01.o
    0x080013e8   0x000000a0   Code   RO          323    i.Nvic_Init         tasks.o
    0x08001488   0x00000002   Code   RO          158    i.PendSV_Handler    stm32f10x_it.o
    0x0800148a   0x00000002   PAD
    0x0800148c   0x0000003c   Code   RO          473    i.PrintHexU8        uart.o
    0x080014c8   0x00000018   Code   RO          476    i.PrintString       uart.o
    0x080014e0   0x00000080   Code   RO          376    i.Print_MSP_ANALOG  protocol.o
    0x08001560   0x00000064   Code   RO          377    i.Print_MSP_IDENT   protocol.o
    0x080015c4   0x000000c0   Code   RO          378    i.Print_MSP_MOTOR   protocol.o
    0x08001684   0x00000068   Code   RO          379    i.Print_MSP_MOTOR_PINS  protocol.o
    0x080016ec   0x00000120   Code   RO          380    i.Print_MSP_PID     protocol.o
    0x0800180c   0x0000014c   Code   RO          381    i.Print_MSP_RC      protocol.o
    0x08001958   0x00000084   Code   RO          382    i.Print_MSP_SET_PID  protocol.o
    0x080019dc   0x00000018   Code   RO         2365    i.RCC_ADCCLKConfig  stm32f10x_rcc.o
    0x080019f4   0x00000020   Code   RO         2366    i.RCC_AHBPeriphClockCmd  stm32f10x_rcc.o
    0x08001a14   0x00000020   Code   RO         2367    i.RCC_APB1PeriphClockCmd  stm32f10x_rcc.o
    0x08001a34   0x00000020   Code   RO         2368    i.RCC_APB1PeriphResetCmd  stm32f10x_rcc.o
    0x08001a54   0x00000020   Code   RO         2369    i.RCC_APB2PeriphClockCmd  stm32f10x_rcc.o
    0x08001a74   0x00000020   Code   RO         2370    i.RCC_APB2PeriphResetCmd  stm32f10x_rcc.o
    0x08001a94   0x000000d4   Code   RO         2377    i.RCC_GetClocksFreq  stm32f10x_rcc.o
    0x08001b68   0x000000fe   Code   RO          302    i.RC_Limit          filter.o
    0x08001c66   0x00000002   PAD
    0x08001c68   0x00000230   Code   RO          303    i.Rc_Filter         filter.o
    0x08001e98   0x00000128   Code   RO          708    i.SPI2_Init         spi_nrf24l01.o
    0x08001fc0   0x00000018   Code   RO         2846    i.SPI_Cmd           stm32f10x_spi.o
    0x08001fd8   0x00000012   Code   RO         2854    i.SPI_I2S_GetFlagStatus  stm32f10x_spi.o
    0x08001fea   0x00000006   Code   RO         2857    i.SPI_I2S_ReceiveData  stm32f10x_spi.o
    0x08001ff0   0x00000004   Code   RO         2858    i.SPI_I2S_SendData  stm32f10x_spi.o
    0x08001ff4   0x0000003c   Code   RO         2859    i.SPI_Init          stm32f10x_spi.o
    0x08002030   0x00000038   Code   RO          709    i.SPI_RW            spi_nrf24l01.o
    0x08002068   0x00000002   Code   RO          159    i.SVC_Handler       stm32f10x_it.o
    0x0800206a   0x00000008   Code   RO          244    i.SetSysClock       system_stm32f10x.o
    0x08002072   0x00000002   PAD
    0x08002074   0x000000dc   Code   RO          245    i.SetSysClockTo72   system_stm32f10x.o
    0x08002150   0x00000002   Code   RO          160    i.SysTick_Handler   stm32f10x_it.o
    0x08002152   0x00000002   PAD
    0x08002154   0x00000060   Code   RO          247    i.SystemInit        system_stm32f10x.o
    0x080021b4   0x0000006c   Code   RO          161    i.TIM3_IRQHandler   stm32f10x_it.o
    0x08002220   0x00000006   Code   RO         2995    i.TIM_ClearFlag     stm32f10x_tim.o
    0x08002226   0x00000018   Code   RO         3001    i.TIM_Cmd           stm32f10x_tim.o
    0x0800223e   0x00000002   PAD
    0x08002240   0x000001e8   Code   RO         3006    i.TIM_DeInit        stm32f10x_tim.o
    0x08002428   0x00000012   Code   RO         3026    i.TIM_ITConfig      stm32f10x_tim.o
    0x0800243a   0x00000002   PAD
    0x0800243c   0x000000a4   Code   RO         3072    i.TIM_TimeBaseInit  stm32f10x_tim.o
    0x080024e0   0x0000000a   Code   RO          324    i.Task_100HZ        tasks.o
    0x080024ea   0x00000012   Code   RO          325    i.Task_25HZ         tasks.o
    0x080024fc   0x00000048   Code   RO          326    i.Task_4HZ          tasks.o
    0x08002544   0x00000018   Code   RO          327    i.Task_500HZ        tasks.o
    0x0800255c   0x00000064   Code   RO          545    i.Timer3_Init       timer3.o
    0x080025c0   0x00000180   Code   RO          479    i.USART1_IRQHandler  uart.o
    0x08002740   0x00000012   Code   RO         3533    i.USART_ClearFlag   stm32f10x_usart.o
    0x08002752   0x00000018   Code   RO         3537    i.USART_Cmd         stm32f10x_usart.o
    0x0800276a   0x0000001a   Code   RO         3540    i.USART_GetFlagStatus  stm32f10x_usart.o
    0x08002784   0x0000004a   Code   RO         3543    i.USART_ITConfig    stm32f10x_usart.o
    0x080027ce   0x00000002   PAD
    0x080027d0   0x000000d8   Code   RO         3544    i.USART_Init        stm32f10x_usart.o
    0x080028a8   0x0000000a   Code   RO         3551    i.USART_ReceiveData  stm32f10x_usart.o
    0x080028b2   0x00000002   PAD
    0x080028b4   0x00000098   Code   RO          480    i.Uart1_Init        uart.o
    0x0800294c   0x00000174   Code   RO          383    i.Uart_Check        protocol.o
    0x08002ac0   0x0000001a   Code   RO          481    i.Uart_Send         uart.o
    0x08002ada   0x00000004   Code   RO          162    i.UsageFault_Handler  stm32f10x_it.o
    0x08002ade   0x00000002   PAD
    0x08002ae0   0x00000064   Code   RO           10    i.main              main.o
    0x08002b44   0x00000184   Code   RO         3774    x$fpl$fdiv          fz_ws.l(fdiv.o)
    0x08002cc8   0x0000003e   Code   RO         3777    x$fpl$ffixu         fz_ws.l(ffixu.o)
    0x08002d06   0x00000002   PAD
    0x08002d08   0x00000026   Code   RO         3781    x$fpl$ffltu         fz_ws.l(fflt_clz.o)
    0x08002d2e   0x00000002   PAD
    0x08002d30   0x00000102   Code   RO         3787    x$fpl$fmul          fz_ws.l(fmul.o)
    0x08002e32   0x0000008c   Code   RO         3790    x$fpl$fnaninf       fz_ws.l(fnaninf.o)
    0x08002ebe   0x0000000a   Code   RO         3792    x$fpl$fretinf       fz_ws.l(fretinf.o)
    0x08002ec8   0x00000000   Code   RO         3794    x$fpl$usenofp       fz_ws.l(usenofp.o)
    0x08002ec8   0x00000020   Data   RO         3944    Region$$Table       anon$$obj.o


    Execution Region RW_IRAM1 (Base: 0x20000000, Size: 0x00000918, Max: 0x00005000, ABSOLUTE)

    Base Addr    Size         Type   Attr      Idx    E Section Name        Object

    0x20000000   0x0000000c   Data   RW          163    .data               stm32f10x_it.o
    0x2000000c   0x0000002e   Data   RW          280    .data               key.o
    0x2000003a   0x00000001   Data   RW          305    .data               filter.o
    0x2000003b   0x00000001   Data   RW          328    .data               tasks.o
    0x2000003c   0x00000008   Data   RW          384    .data               protocol.o
    0x20000044   0x0000000c   Data   RW          441    .data               led.o
    0x20000050   0x00000006   Data   RW          483    .data               uart.o
    0x20000056   0x00000002   PAD
    0x20000058   0x00000006   Data   RW          546    .data               timer3.o
    0x2000005e   0x00000018   Data   RW          631    .data               struct_all.o
    0x20000076   0x00000004   Data   RW          666    .data               dma_adc.o
    0x2000007a   0x0000000c   Data   RW          711    .data               spi_nrf24l01.o
    0x20000086   0x00000014   Data   RW         2397    .data               stm32f10x_rcc.o
    0x2000009a   0x00000002   PAD
    0x2000009c   0x00000028   Zero   RW          304    .bss                filter.o
    0x200000c4   0x00000164   Zero   RW          482    .bss                uart.o
    0x20000228   0x0000003c   Zero   RW          630    .bss                struct_all.o
    0x20000264   0x00000012   Zero   RW          665    .bss                dma_adc.o
    0x20000276   0x00000040   Zero   RW          710    .bss                spi_nrf24l01.o
    0x200002b6   0x00000002   PAD
    0x200002b8   0x00000060   Zero   RW         3821    .bss                c_w.l(libspace.o)
    0x20000318   0x00000200   Zero   RW            2    HEAP                startup_stm32f10x_md.o
    0x20000518   0x00000400   Zero   RW            1    STACK               startup_stm32f10x_md.o


==============================================================================

Image component sizes


      Code (inc. data)   RO Data    RW Data    ZI Data      Debug   Object Name

       412         16          0          4         18       1995   dma_adc.o
       814         64          0          1         40       1947   filter.o
       560         76          0         46          0       1685   key.o
       490         52          0         12          0       2423   led.o
       100         16          0          0          0     280742   main.o
        30          0          0          0          0        783   maths.o
       136         24          0          0          0       1547   misc.o
      1648         76          0          8          0       4984   protocol.o
      1480        212          0         12         64       8566   spi_nrf24l01.o
        64         26        236          0       1536        896   startup_stm32f10x_md.o
       518         30          0          0          0       8425   stm32f10x_adc.o
       416          8          0          0          0       3434   stm32f10x_dma.o
       200         18          0          0          0       2108   stm32f10x_exti.o
       338          4          0          0          0       2578   stm32f10x_gpio.o
       308         52          0         12          0       5745   stm32f10x_it.o
       396         56          0         20          0       6667   stm32f10x_rcc.o
       112          0          0          0          0       3818   stm32f10x_spi.o
       700        106          0          0          0       3649   stm32f10x_tim.o
       368          6          0          0          0       5378   stm32f10x_usart.o
         0          0          0         24         60       1544   struct_all.o
       324         26          0          0          0       1785   system_stm32f10x.o
       384         44          0          1          0       2627   tasks.o
       100         14          0          6          0        778   timer3.o
       646         60          0          6        356       3241   uart.o

    ----------------------------------------------------------------------
     10568        986        268        156       2076     357345   Object Totals
         0          0         32          0          0          0   (incl. Generated)
        24          0          0          4          2          0   (incl. Padding)

    ----------------------------------------------------------------------

      Code (inc. data)   RO Data    RW Data    ZI Data      Debug   Library Member Name

         8          0          0          0          0         68   __main.o
        52          8          0          0          0          0   __scatter.o
        26          0          0          0          0          0   __scatter_copy.o
        28          0          0          0          0          0   __scatter_zi.o
        12          0          0          0          0         72   exit.o
         6          0          0          0          0        152   heapauxi.o
         0          0          0          0          0          0   indicate_semi.o
         2          0          0          0          0          0   libinit.o
         2          0          0          0          0          0   libinit2.o
         2          0          0          0          0          0   libshutdown.o
         2          0          0          0          0          0   libshutdown2.o
         8          4          0          0         96         68   libspace.o
         0          0          0          0          0          0   rtentry.o
        12          0          0          0          0          0   rtentry2.o
         6          0          0          0          0          0   rtentry4.o
         2          0          0          0          0          0   rtexit.o
        10          0          0          0          0          0   rtexit2.o
        12          4          0          0          0         68   sys_exit.o
        74          0          0          0          0         80   sys_stackheap_outer.o
         2          0          0          0          0         68   use_no_semi.o
       388         76          0          0          0         96   fdiv.o
        62          4          0          0          0         84   ffixu.o
        38          0          0          0          0         68   fflt_clz.o
       258          4          0          0          0         84   fmul.o
       140          4          0          0          0         84   fnaninf.o
        10          0          0          0          0         68   fretinf.o
         0          0          0          0          0          0   usenofp.o

    ----------------------------------------------------------------------
      1172        104          0          0         96       1060   Library Totals
        10          0          0          0          0          0   (incl. Padding)

    ----------------------------------------------------------------------

      Code (inc. data)   RO Data    RW Data    ZI Data      Debug   Library Name

       266         16          0          0         96        576   c_w.l
       896         88          0          0          0        484   fz_ws.l

    ----------------------------------------------------------------------
      1172        104          0          0         96       1060   Library Totals

    ----------------------------------------------------------------------

==============================================================================


      Code (inc. data)   RO Data    RW Data    ZI Data      Debug   

     11740       1090        268        156       2172     352321   Grand Totals
     11740       1090        268        156       2172     352321   ELF Image Totals
     11740       1090        268        156          0          0   ROM Totals

==============================================================================

    Total RO  Size (Code + RO Data)                12008 (  11.73kB)
    Total RW  Size (RW Data + ZI Data)              2328 (   2.27kB)
    Total ROM Size (Code + RO Data + RW Data)      12164 (  11.88kB)

==============================================================================

