<html>
<body>
<pre>
<h1>µVision Build Log</h1>
<h2>Project:</h2>
E:\Fire_soft\V2.22-book-new\V2.22\RagingFire_Fly_V2.2.2\RVMDK\RagingFire_Fly.uvproj
Project File Date:  02/24/2016

<h2>Output:</h2>
Build target 'RagingFire_Fly'
assembling startup_stm32f10x_md.s...
compiling main.c...
compiling stm32f10x_it.c...
compiling system_stm32f10x.c...
compiling IMU.c...
compiling Filter.c...
compiling Tasks.c...
compiling Maths.c...
compiling Control.c...
compiling Protocol.c...
compiling Led.c...
compiling Uart.c...
compiling Motor.c...
compiling Timer3.c...
compiling EEPROM.c...
compiling Struct_All.c...
compiling DMA_ADC.c...
compiling I2C_MPU6050.c...
compiling SPI_NRF24L01.c...
compiling core_cm3.c...
compiling misc.c...
compiling stm32f10x_adc.c...
compiling stm32f10x_bkp.c...
compiling stm32f10x_can.c...
compiling stm32f10x_cec.c...
compiling stm32f10x_crc.c...
compiling stm32f10x_dac.c...
compiling stm32f10x_dbgmcu.c...
compiling stm32f10x_dma.c...
compiling stm32f10x_exti.c...
compiling stm32f10x_flash.c...
compiling stm32f10x_fsmc.c...
compiling stm32f10x_gpio.c...
compiling stm32f10x_i2c.c...
compiling stm32f10x_iwdg.c...
compiling stm32f10x_pwr.c...
compiling stm32f10x_rcc.c...
compiling stm32f10x_rtc.c...
compiling stm32f10x_sdio.c...
compiling stm32f10x_spi.c...
compiling stm32f10x_tim.c...
compiling stm32f10x_usart.c...
compiling stm32f10x_wwdg.c...
linking...
Program Size: Code=25396 RO-data=508 RW-data=248 ZI-data=2224  
FromELF: creating hex file...
".\Output\RagingFire_Fly.axf" - 0 Errors, 0 Warning(s).
