ARM Linker, 5.03 [Build 76] [MDK-ARM Professional]

==============================================================================

Section Cross References

    startup_stm32f10x_md.o(STACK) refers (Special) to heapauxi.o(.text) for __use_two_region_memory
    startup_stm32f10x_md.o(HEAP) refers (Special) to heapauxi.o(.text) for __use_two_region_memory
    startup_stm32f10x_md.o(RESET) refers (Special) to heapauxi.o(.text) for __use_two_region_memory
    startup_stm32f10x_md.o(RESET) refers to startup_stm32f10x_md.o(STACK) for __initial_sp
    startup_stm32f10x_md.o(RESET) refers to startup_stm32f10x_md.o(.text) for Reset_Handler
    startup_stm32f10x_md.o(RESET) refers to stm32f10x_it.o(i.NMI_Handler) for NMI_Handler
    startup_stm32f10x_md.o(RESET) refers to stm32f10x_it.o(i.HardFault_Handler) for HardFault_Handler
    startup_stm32f10x_md.o(RESET) refers to stm32f10x_it.o(i.MemManage_Handler) for MemManage_Handler
    startup_stm32f10x_md.o(RESET) refers to stm32f10x_it.o(i.BusFault_Handler) for BusFault_Handler
    startup_stm32f10x_md.o(RESET) refers to stm32f10x_it.o(i.UsageFault_Handler) for UsageFault_Handler
    startup_stm32f10x_md.o(RESET) refers to stm32f10x_it.o(i.SVC_Handler) for SVC_Handler
    startup_stm32f10x_md.o(RESET) refers to stm32f10x_it.o(i.DebugMon_Handler) for DebugMon_Handler
    startup_stm32f10x_md.o(RESET) refers to stm32f10x_it.o(i.PendSV_Handler) for PendSV_Handler
    startup_stm32f10x_md.o(RESET) refers to stm32f10x_it.o(i.EXTI0_IRQHandler) for EXTI0_IRQHandler
    startup_stm32f10x_md.o(RESET) refers to stm32f10x_it.o(i.TIM3_IRQHandler) for TIM3_IRQHandler
    startup_stm32f10x_md.o(RESET) refers to uart.o(i.USART1_IRQHandler) for USART1_IRQHandler
    startup_stm32f10x_md.o(.text) refers (Special) to heapauxi.o(.text) for __use_two_region_memory
    startup_stm32f10x_md.o(.text) refers to system_stm32f10x.o(i.SystemInit) for SystemInit
    startup_stm32f10x_md.o(.text) refers to __main.o(!!!main) for __main
    startup_stm32f10x_md.o(.text) refers to startup_stm32f10x_md.o(HEAP) for Heap_Mem
    startup_stm32f10x_md.o(.text) refers to startup_stm32f10x_md.o(STACK) for Stack_Mem
    main.o(i.main) refers to tasks.o(i.BSP_Int) for BSP_Int
    main.o(i.main) refers to tasks.o(i.Task_1000HZ) for Task_1000HZ
    main.o(i.main) refers to tasks.o(i.Task_500HZ) for Task_500HZ
    main.o(i.main) refers to tasks.o(i.Task_250HZ) for Task_250HZ
    main.o(i.main) refers to stm32f10x_it.o(.data) for Count_1ms
    stm32f10x_it.o(i.EXTI0_IRQHandler) refers to stm32f10x_exti.o(i.EXTI_GetITStatus) for EXTI_GetITStatus
    stm32f10x_it.o(i.EXTI0_IRQHandler) refers to stm32f10x_exti.o(i.EXTI_ClearITPendingBit) for EXTI_ClearITPendingBit
    stm32f10x_it.o(i.EXTI0_IRQHandler) refers to spi_nrf24l01.o(i.NRF24L01_IRQ) for NRF24L01_IRQ
    stm32f10x_it.o(i.TIM3_IRQHandler) refers to tasks.o(.data) for Bsp_Int_Ok
    stm32f10x_it.o(i.TIM3_IRQHandler) refers to timer3.o(.data) for Timer3_Count
    stm32f10x_it.o(i.TIM3_IRQHandler) refers to stm32f10x_it.o(.data) for Count_1ms
    system_stm32f10x.o(i.SetSysClock) refers to system_stm32f10x.o(i.SetSysClockTo72) for SetSysClockTo72
    system_stm32f10x.o(i.SystemCoreClockUpdate) refers to system_stm32f10x.o(.data) for SystemCoreClock
    system_stm32f10x.o(i.SystemInit) refers to system_stm32f10x.o(i.SetSysClock) for SetSysClock
    imu.o(i.Get_Eulerian_Angle) refers to fmul.o(x$fpl$fmul) for __aeabi_fmul
    imu.o(i.Get_Eulerian_Angle) refers to faddsub_clz.o(x$fpl$fsub) for __aeabi_fsub
    imu.o(i.Get_Eulerian_Angle) refers to faddsub_clz.o(x$fpl$fadd) for __aeabi_fadd
    imu.o(i.Get_Eulerian_Angle) refers to f2d.o(x$fpl$f2d) for __aeabi_f2d
    imu.o(i.Get_Eulerian_Angle) refers to atan2.o(i.atan2) for atan2
    imu.o(i.Get_Eulerian_Angle) refers to dmul.o(x$fpl$dmul) for __aeabi_dmul
    imu.o(i.Get_Eulerian_Angle) refers to d2f.o(x$fpl$d2f) for __aeabi_d2f
    imu.o(i.Get_Eulerian_Angle) refers to asin.o(i.asin) for asin
    imu.o(i.Get_Eulerian_Angle) refers to imu.o(.data) for q3
    imu.o(i.IMUupdate) refers to fmul.o(x$fpl$fmul) for __aeabi_fmul
    imu.o(i.IMUupdate) refers to faddsub_clz.o(x$fpl$fadd) for __aeabi_fadd
    imu.o(i.IMUupdate) refers to maths.o(i.invSqrt) for invSqrt
    imu.o(i.IMUupdate) refers to faddsub_clz.o(x$fpl$fsub) for __aeabi_fsub
    imu.o(i.IMUupdate) refers to fflt_clz.o(x$fpl$fflt) for __aeabi_i2f
    imu.o(i.IMUupdate) refers to imu.o(.data) for q0
    imu.o(i.IMUupdate) refers to struct_all.o(.data) for filter_gyro
    imu.o(i.IMUupdate) refers to struct_all.o(.bss) for out_angle
    filter.o(i.ACC_IIR_Filter) refers to fflt_clz.o(x$fpl$fflt) for __aeabi_i2f
    filter.o(i.ACC_IIR_Filter) refers to fmul.o(x$fpl$fmul) for __aeabi_fmul
    filter.o(i.ACC_IIR_Filter) refers to faddsub_clz.o(x$fpl$fadd) for __aeabi_fadd
    filter.o(i.ACC_IIR_Filter) refers to ffix.o(x$fpl$ffix) for __aeabi_f2iz
    filter.o(i.ACC_IIR_Filter) refers to filter.o(.data) for ACC_IIR_FACTOR
[...]
    i.NRF24L01_Set_TX                        0x08002e94   Section        0  spi_nrf24l01.o(i.NRF24L01_Set_TX)
    NRF24L01_Set_TX                          0x08002e95   Thumb Code    26  spi_nrf24l01.o(i.NRF24L01_Set_TX)
    i.NRF_Read_Buff                          0x08002eb4   Section        0  spi_nrf24l01.o(i.NRF_Read_Buff)
    i.NRF_Read_Reg                           0x08002ef4   Section        0  spi_nrf24l01.o(i.NRF_Read_Reg)
    i.NRF_Send_TX                            0x08002f1c   Section        0  spi_nrf24l01.o(i.NRF_Send_TX)
    i.NRF_Write_Buf                          0x08002f44   Section        0  spi_nrf24l01.o(i.NRF_Write_Buf)
    i.NRF_Write_Reg                          0x08002f80   Section        0  spi_nrf24l01.o(i.NRF_Write_Reg)
    i.NVIC_Init                              0x08002fac   Section        0  misc.o(i.NVIC_Init)
    i.NVIC_PriorityGroupConfig               0x08003020   Section        0  misc.o(i.NVIC_PriorityGroupConfig)
    i.Nrf_Connect                            0x08003034   Section        0  spi_nrf24l01.o(i.Nrf_Connect)
    i.Nvic_Init                              0x08003118   Section        0  tasks.o(i.Nvic_Init)
    i.PID_Reset                              0x0800317c   Section        0  struct_all.o(i.PID_Reset)
    i.PendSV_Handler                         0x08003204   Section        0  stm32f10x_it.o(i.PendSV_Handler)
    i.PrintHexU8                             0x08003208   Section        0  uart.o(i.PrintHexU8)
    i.PrintString                            0x08003244   Section        0  uart.o(i.PrintString)
    i.Print_MSP_ATTITUDE                     0x0800325c   Section        0  protocol.o(i.Print_MSP_ATTITUDE)
    i.Print_MSP_FLY_DATA                     0x080032f4   Section        0  protocol.o(i.Print_MSP_FLY_DATA)
    i.Print_MSP_RAW_IMU                      0x080034b4   Section        0  protocol.o(i.Print_MSP_RAW_IMU)
    i.RCC_ADCCLKConfig                       0x080035f8   Section        0  stm32f10x_rcc.o(i.RCC_ADCCLKConfig)
    i.RCC_AHBPeriphClockCmd                  0x08003610   Section        0  stm32f10x_rcc.o(i.RCC_AHBPeriphClockCmd)
    i.RCC_APB1PeriphClockCmd                 0x08003630   Section        0  stm32f10x_rcc.o(i.RCC_APB1PeriphClockCmd)
    i.RCC_APB1PeriphResetCmd                 0x08003650   Section        0  stm32f10x_rcc.o(i.RCC_APB1PeriphResetCmd)
    i.RCC_APB2PeriphClockCmd                 0x08003670   Section        0  stm32f10x_rcc.o(i.RCC_APB2PeriphClockCmd)
    i.RCC_APB2PeriphResetCmd                 0x08003690   Section        0  stm32f10x_rcc.o(i.RCC_APB2PeriphResetCmd)
    i.RCC_GetClocksFreq                      0x080036b0   Section        0  stm32f10x_rcc.o(i.RCC_GetClocksFreq)
    i.RC_LOCK                                0x08003788   Section        0  control.o(i.RC_LOCK)
    i.RC_Limit                               0x080038d4   Section        0  control.o(i.RC_Limit)
    i.SPI1_Init                              0x080039d4   Section        0  spi_nrf24l01.o(i.SPI1_Init)
    i.SPI_Cmd                                0x08003af4   Section        0  stm32f10x_spi.o(i.SPI_Cmd)
    i.SPI_I2S_GetFlagStatus                  0x08003b0c   Section        0  stm32f10x_spi.o(i.SPI_I2S_GetFlagStatus)
    i.SPI_I2S_ReceiveData                    0x08003b1e   Section        0  stm32f10x_spi.o(i.SPI_I2S_ReceiveData)
    i.SPI_I2S_SendData                       0x08003b24   Section        0  stm32f10x_spi.o(i.SPI_I2S_SendData)
    i.SPI_Init                               0x08003b28   Section        0  stm32f10x_spi.o(i.SPI_Init)
    i.SPI_RW                                 0x08003b64   Section        0  spi_nrf24l01.o(i.SPI_RW)
    i.SVC_Handler                            0x08003b9c   Section        0  stm32f10x_it.o(i.SVC_Handler)
    i.Send_Data_Back                         0x08003ba0   Section        0  spi_nrf24l01.o(i.Send_Data_Back)
    i.SetSysClock                            0x08003be8   Section        0  system_stm32f10x.o(i.SetSysClock)
    SetSysClock                              0x08003be9   Thumb Code     8  system_stm32f10x.o(i.SetSysClock)
    i.SetSysClockTo72                        0x08003bf0   Section        0  system_stm32f10x.o(i.SetSysClockTo72)
    SetSysClockTo72                          0x08003bf1   Thumb Code   212  system_stm32f10x.o(i.SetSysClockTo72)
    i.Single_ReadI2C                         0x08003ccc   Section        0  i2c_mpu6050.o(i.Single_ReadI2C)
    Single_ReadI2C                           0x08003ccd   Thumb Code    76  i2c_mpu6050.o(i.Single_ReadI2C)
    i.Single_WriteI2C                        0x08003d18   Section        0  i2c_mpu6050.o(i.Single_WriteI2C)
    Single_WriteI2C                          0x08003d19   Thumb Code    64  i2c_mpu6050.o(i.Single_WriteI2C)
    i.SystemInit                             0x08003d58   Section        0  system_stm32f10x.o(i.SystemInit)
    i.TIM3_IRQHandler                        0x08003db8   Section        0  stm32f10x_it.o(i.TIM3_IRQHandler)
    i.TIM_ARRPreloadConfig                   0x08003e18   Section        0  stm32f10x_tim.o(i.TIM_ARRPreloadConfig)
    i.TIM_ClearFlag                          0x08003e30   Section        0  stm32f10x_tim.o(i.TIM_ClearFlag)
    i.TIM_Cmd                                0x08003e36   Section        0  stm32f10x_tim.o(i.TIM_Cmd)
    i.TIM_DeInit                             0x08003e50   Section        0  stm32f10x_tim.o(i.TIM_DeInit)
    i.TIM_ITConfig                           0x08004038   Section        0  stm32f10x_tim.o(i.TIM_ITConfig)
    i.TIM_OC1Init                            0x0800404c   Section        0  stm32f10x_tim.o(i.TIM_OC1Init)
    i.TIM_OC1PreloadConfig                   0x080040e4   Section        0  stm32f10x_tim.o(i.TIM_OC1PreloadConfig)
    i.TIM_OC2Init                            0x080040f8   Section        0  stm32f10x_tim.o(i.TIM_OC2Init)
    i.TIM_OC2PreloadConfig                   0x0800419c   Section        0  stm32f10x_tim.o(i.TIM_OC2PreloadConfig)
    i.TIM_OC3Init                            0x080041b8   Section        0  stm32f10x_tim.o(i.TIM_OC3Init)
    i.TIM_OC3PreloadConfig                   0x08004258   Section        0  stm32f10x_tim.o(i.TIM_OC3PreloadConfig)
    i.TIM_OC4Init                            0x0800426c   Section        0  stm32f10x_tim.o(i.TIM_OC4Init)
    i.TIM_OC4PreloadConfig                   0x080042e8   Section        0  stm32f10x_tim.o(i.TIM_OC4PreloadConfig)
    i.TIM_TimeBaseInit                       0x08004304   Section        0  stm32f10x_tim.o(i.TIM_TimeBaseInit)
    i.Task_1000HZ                            0x080043a8   Section        0  tasks.o(i.Task_1000HZ)
    i.Task_250HZ                             0x08004440   Section        0  tasks.o(i.Task_250HZ)
    i.Task_500HZ                             0x08004470   Section        0  tasks.o(i.Task_500HZ)
    i.Tim2_init                              0x080044a4   Section        0  motor.o(i.Tim2_init)
    Tim2_init                                0x080044a5   Thumb Code   160  motor.o(i.Tim2_init)
    i.Timer3_Init                            0x08004544   Section        0  timer3.o(i.Timer3_Init)
    i.USART1_IRQHandler                      0x080045a8   Section        0  uart.o(i.USART1_IRQHandler)
    i.USART_ClearFlag                        0x08004620   Section        0  stm32f10x_usart.o(i.USART_ClearFlag)
    i.USART_Cmd                              0x08004632   Section        0  stm32f10x_usart.o(i.USART_Cmd)
    i.USART_GetFlagStatus                    0x0800464a   Section        0  stm32f10x_usart.o(i.USART_GetFlagStatus)
    i.USART_ITConfig                         0x08004664   Section        0  stm32f10x_usart.o(i.USART_ITConfig)
    i.USART_Init                             0x080046b0   Section        0  stm32f10x_usart.o(i.USART_Init)
    i.USART_ReceiveData                      0x08004788   Section        0  stm32f10x_usart.o(i.USART_ReceiveData)
    i.Uart1_Init                             0x08004794   Section        0  uart.o(i.Uart1_Init)
    i.UsageFault_Handler                     0x0800482c   Section        0  stm32f10x_it.o(i.UsageFault_Handler)
    i.__ARM_fpclassify                       0x08004830   Section        0  fpclassify.o(i.__ARM_fpclassify)
    i.__EE_Init                              0x08004858   Section        0  eeprom.o(i.__EE_Init)
    i.__kernel_poly                          0x08004a50   Section        0  poly.o(i.__kernel_poly)
    i.__mathlib_dbl_underflow                0x08004afc   Section        0  dunder.o(i.__mathlib_dbl_underflow)
    i.__set_PRIMASK                          0x08004b0c   Section        0  struct_all.o(i.__set_PRIMASK)
    __set_PRIMASK                            0x08004b0d   Thumb Code     6  struct_all.o(i.__set_PRIMASK)
    i.asin                                   0x08004b14   Section        0  asin.o(i.asin)
    i.atan                                   0x08004d90   Section        0  atan.o(i.atan)
    i.atan2                                  0x08004fb4   Section        0  atan2.o(i.atan2)
    i.invSqrt                                0x08005134   Section        0  maths.o(i.invSqrt)
    i.main                                   0x08005180   Section        0  main.o(i.main)
    i.sqrt                                   0x080051cc   Section        0  sqrt.o(i.sqrt)
    x$fpl$d2f                                0x08005218   Section       98  d2f.o(x$fpl$d2f)
    x$fpl$dadd                               0x0800527c   Section      336  daddsub_clz.o(x$fpl$dadd)
    _dadd1                                   0x0800528d   Thumb Code     0  daddsub_clz.o(x$fpl$dadd)
    x$fpl$dcheck1                            0x080053cc   Section       16  dcheck1.o(x$fpl$dcheck1)
    x$fpl$ddiv                               0x080053dc   Section      688  ddiv.o(x$fpl$ddiv)
    ddiv_entry                               0x080053e3   Thumb Code     0  ddiv.o(x$fpl$ddiv)
    x$fpl$dmul                               0x0800568c   Section      340  dmul.o(x$fpl$dmul)
    x$fpl$dnaninf                            0x080057e0   Section      156  dnaninf.o(x$fpl$dnaninf)
    x$fpl$dretinf                            0x0800587c   Section       12  dretinf.o(x$fpl$dretinf)
    x$fpl$drsb                               0x08005888   Section       22  daddsub_clz.o(x$fpl$drsb)
    x$fpl$dsqrt                              0x080058a0   Section      460  dsqrt_noumaal.o(x$fpl$dsqrt)
    x$fpl$dsub                               0x08005a6c   Section      468  daddsub_clz.o(x$fpl$dsub)
    _dsub1                                   0x08005a7d   Thumb Code     0  daddsub_clz.o(x$fpl$dsub)
    x$fpl$f2d                                0x08005c40   Section       86  f2d.o(x$fpl$f2d)
    x$fpl$fadd                               0x08005c98   Section      196  faddsub_clz.o(x$fpl$fadd)
    _fadd1                                   0x08005ca7   Thumb Code     0  faddsub_clz.o(x$fpl$fadd)
    x$fpl$fcmpinf                            0x08005d5c   Section       24  fcmpi.o(x$fpl$fcmpinf)
    x$fpl$fdiv                               0x08005d74   Section      388  fdiv.o(x$fpl$fdiv)
    _fdiv1                                   0x08005d75   Thumb Code     0  fdiv.o(x$fpl$fdiv)
    x$fpl$ffix                               0x08005ef8   Section       54  ffix.o(x$fpl$ffix)
    x$fpl$ffixu                              0x08005f30   Section       62  ffixu.o(x$fpl$ffixu)
    x$fpl$fflt                               0x08005f70   Section       48  fflt_clz.o(x$fpl$fflt)
    x$fpl$ffltu                              0x08005fa0   Section       38  fflt_clz.o(x$fpl$ffltu)
    x$fpl$fleqf                              0x08005fc8   Section      104  fleqf.o(x$fpl$fleqf)
    x$fpl$fmul                               0x08006030   Section      258  fmul.o(x$fpl$fmul)
    x$fpl$fnaninf                            0x08006132   Section      140  fnaninf.o(x$fpl$fnaninf)
    x$fpl$fretinf                            0x080061be   Section       10  fretinf.o(x$fpl$fretinf)
    x$fpl$frleqf                             0x080061c8   Section       98  frleqf.o(x$fpl$frleqf)
    x$fpl$frsb                               0x0800622a   Section       20  faddsub_clz.o(x$fpl$frsb)
    x$fpl$fsub                               0x08006240   Section      234  faddsub_clz.o(x$fpl$fsub)
    _fsub1                                   0x0800624f   Thumb Code     0  faddsub_clz.o(x$fpl$fsub)
    x$fpl$retnan                             0x0800632a   Section      100  retnan.o(x$fpl$retnan)
    x$fpl$scalbn                             0x0800638e   Section       92  scalbn.o(x$fpl$scalbn)
    x$fpl$trapveneer                         0x080063ea   Section       48  trapv.o(x$fpl$trapveneer)
    x$fpl$usenofp                            0x0800641a   Section        0  usenofp.o(x$fpl$usenofp)
    .constdata                               0x08006420   Section       80  asin.o(.constdata)
    pS                                       0x08006420   Data          48  asin.o(.constdata)
    qS                                       0x08006450   Data          32  asin.o(.constdata)
    .constdata                               0x08006470   Section      152  atan.o(.constdata)
    atanhi                                   0x08006470   Data          32  atan.o(.constdata)
    atanlo                                   0x08006490   Data          32  atan.o(.constdata)
    aTodd                                    0x080064b0   Data          40  atan.o(.constdata)
    aTeven                                   0x080064d8   Data          48  atan.o(.constdata)
    .constdata                               0x08006508   Section        8  qnan.o(.constdata)
    .data                                    0x20000000   Section        3  stm32f10x_it.o(.data)
    .data                                    0x20000004   Section       28  imu.o(.data)
    .data                                    0x20000020   Section       20  filter.o(.data)
    Filter_x                                 0x20000020   Data           4  filter.o(.data)
    Filter_y                                 0x20000024   Data           4  filter.o(.data)
    Filter_z                                 0x20000028   Data           4  filter.o(.data)
    Filter_count                             0x2000002c   Data           1  filter.o(.data)
    ACC_IIR_FACTOR                           0x20000030   Data           4  filter.o(.data)
    .data                                    0x20000034   Section        1  tasks.o(.data)
    .data                                    0x20000035   Section        4  control.o(.data)
    count0                                   0x20000036   Data           1  control.o(.data)
    count1                                   0x20000037   Data           1  control.o(.data)
    count2                                   0x20000038   Data           1  control.o(.data)
    .data                                    0x2000003c   Section       12  led.o(.data)
    Light_On                                 0x2000003c   Data           1  led.o(.data)
    Last_time                                0x20000040   Data           4  led.o(.data)
    Now_time                                 0x20000044   Data           4  led.o(.data)
    .data                                    0x20000048   Section        2  uart.o(.data)
    .data                                    0x2000004c   Section        6  timer3.o(.data)
    .data                                    0x20000054   Section        8  eeprom.o(.data)
    .data                                    0x2000005c   Section       74  struct_all.o(.data)
    .data                                    0x200000a6   Section        8  dma_adc.o(.data)
    Battery                                  0x200000a6   Data           2  dma_adc.o(.data)
    .data                                    0x200000b0   Section       37  i2c_mpu6050.o(.data)
    ACC_X                                    0x200000b8   Data           4  i2c_mpu6050.o(.data)
    ACC_Y                                    0x200000bc   Data           4  i2c_mpu6050.o(.data)
    ACC_Z                                    0x200000c0   Data           4  i2c_mpu6050.o(.data)
    count_acc                                0x200000c4   Data           1  i2c_mpu6050.o(.data)
    GYRO_X                                   0x200000c8   Data           4  i2c_mpu6050.o(.data)
    GYRO_Y                                   0x200000cc   Data           4  i2c_mpu6050.o(.data)
    GYRO_Z                                   0x200000d0   Data           4  i2c_mpu6050.o(.data)
    count_gyro                               0x200000d4   Data           1  i2c_mpu6050.o(.data)
    .data                                    0x200000d6   Section       14  spi_nrf24l01.o(.data)
    TX_ADDRESS                               0x200000d6   Data           5  spi_nrf24l01.o(.data)
    RX_ADDRESS                               0x200000db   Data           5  spi_nrf24l01.o(.data)
    turn_count                               0x200000e0   Data           1  spi_nrf24l01.o(.data)
    Nrf_Erro                                 0x200000e2   Data           2  spi_nrf24l01.o(.data)
    .data                                    0x200000e4   Section       20  stm32f10x_rcc.o(.data)
    APBAHBPrescTable                         0x200000e4   Data          16  stm32f10x_rcc.o(.data)
    ADCPrescTable                            0x200000f4   Data           4  stm32f10x_rcc.o(.data)
    .bss                                     0x200000f8   Section       48  control.o(.bss)
    control_angle                            0x200000f8   Data          12  control.o(.bss)
    last_angle                               0x20000104   Data          12  control.o(.bss)
    control_gyro                             0x20000110   Data          12  control.o(.bss)
    last_gyro                                0x2000011c   Data          12  control.o(.bss)
    .bss                                     0x20000128   Section      306  uart.o(.bss)
    TxBuff                                   0x20000128   Data         256  uart.o(.bss)
    .bss                                     0x2000025c   Section      152  struct_all.o(.bss)
    .bss                                     0x200002f4   Section       14  i2c_mpu6050.o(.bss)
    MPU6050_Buffer                           0x200002f4   Data          14  i2c_mpu6050.o(.bss)
    .bss                                     0x20000302   Section       64  spi_nrf24l01.o(.bss)
    .bss                                     0x20000344   Section       96  libspace.o(.bss)
    HEAP                                     0x200003a8   Section      512  startup_stm32f10x_md.o(HEAP)
    Heap_Mem                                 0x200003a8   Data         512  startup_stm32f10x_md.o(HEAP)
    STACK                                    0x200005a8   Section     1024  startup_stm32f10x_md.o(STACK)
    Stack_Mem                                0x200005a8   Data        1024  startup_stm32f10x_md.o(STACK)
    __initial_sp                             0x200009a8   Data           0  startup_stm32f10x_md.o(STACK)

    Global Symbols

    Symbol Name                              Value     Ov Type        Size  Object(Section)

    BuildAttributes$$THM_ISAv4$P$D$K$B$S$PE$A:L22UL41UL21$X:L11$S22US41US21$IEEE1$IW$USESV6$~STKCKD$USESV7$~SHL$OTIME$ROPI$IEEEX$EBA8$UX$STANDARDLIB$REQ8$PRES8$EABIv2 0x00000000   Number         0  anon$$obj.o ABSOLUTE
    __ARM_use_no_argv                        0x00000000   Number         0  main.o ABSOLUTE
    __ARM_exceptions_init                     - Undefined Weak Reference
    __alloca_initialize                       - Undefined Weak Reference
    __cpp_initialize__aeabi_                  - Undefined Weak Reference
    __cxa_finalize                            - Undefined Weak Reference
    __rt_locale                               - Undefined Weak Reference
    __sigvec_lookup                           - Undefined Weak Reference
    _atexit_init                              - Undefined Weak Reference
    _call_atexit_fns                          - Undefined Weak Reference
    _clock_init                               - Undefined Weak Reference
    _fp_trap_init                             - Undefined Weak Reference
    _fp_trap_shutdown                         - Undefined Weak Reference
    _get_lc_collate                           - Undefined Weak Reference
    _get_lc_ctype                             - Undefined Weak Reference
    _get_lc_monetary                          - Undefined Weak Reference
    _get_lc_numeric                           - Undefined Weak Reference
    _get_lc_time                              - Undefined Weak Reference
    _getenv_init                              - Undefined Weak Reference
    _handle_redirection                       - Undefined Weak Reference
    _init_alloc                               - Undefined Weak Reference
    _init_user_alloc                          - Undefined Weak Reference
    _initio                                   - Undefined Weak Reference
    _rand_init                                - Undefined Weak Reference
    _signal_finish                            - Undefined Weak Reference
    _signal_init                              - Undefined Weak Reference
    _terminate_alloc                          - Undefined Weak Reference
    _terminate_user_alloc                     - Undefined Weak Reference
    _terminateio                              - Undefined Weak Reference
    __Vectors_Size                           0x000000ec   Number         0  startup_stm32f10x_md.o ABSOLUTE
    __Vectors                                0x08000000   Data           4  startup_stm32f10x_md.o(RESET)
    __Vectors_End                            0x080000ec   Data           0  startup_stm32f10x_md.o(RESET)
    __main                                   0x080000ed   Thumb Code     8  __main.o(!!!main)
    __scatterload                            0x080000f5   Thumb Code     0  __scatter.o(!!!scatter)
    __scatterload_rt2                        0x080000f5   Thumb Code    44  __scatter.o(!!!scatter)
    __scatterload_rt2_thumb_only             0x080000f5   Thumb Code     0  __scatter.o(!!!scatter)
    __scatterload_null                       0x08000103   Thumb Code     0  __scatter.o(!!!scatter)
    __scatterload_copy                       0x08000129   Thumb Code    26  __scatter_copy.o(!!handler_copy)
    __scatterload_zeroinit                   0x08000145   Thumb Code    28  __scatter_zi.o(!!handler_zi)
    __rt_lib_init                            0x08000161   Thumb Code     0  libinit.o(.ARM.Collect$$libinit$$00000000)
    __rt_lib_init_alloca_1                   0x08000163   Thumb Code     0  libinit2.o(.ARM.Collect$$libinit$$0000002C)
    __rt_lib_init_argv_1                     0x08000163   Thumb Code     0  libinit2.o(.ARM.Collect$$libinit$$0000002A)
    __rt_lib_init_atexit_1                   0x08000163   Thumb Code     0  libinit2.o(.ARM.Collect$$libinit$$00000019)
    __rt_lib_init_clock_1                    0x08000163   Thumb Code     0  libinit2.o(.ARM.Collect$$libinit$$0000001F)
    __rt_lib_init_cpp_1                      0x08000163   Thumb Code     0  libinit2.o(.ARM.Collect$$libinit$$00000030)
    __rt_lib_init_exceptions_1               0x08000163   Thumb Code     0  libinit2.o(.ARM.Collect$$libinit$$0000002E)
    __rt_lib_init_fp_1                       0x08000163   Thumb Code     0  libinit2.o(.ARM.Collect$$libinit$$00000002)
    __rt_lib_init_fp_trap_1                  0x08000163   Thumb Code     0  libinit2.o(.ARM.Collect$$libinit$$0000001D)
    __rt_lib_init_getenv_1                   0x08000163   Thumb Code     0  libinit2.o(.ARM.Collect$$libinit$$00000021)
    __rt_lib_init_heap_1                     0x08000163   Thumb Code     0  libinit2.o(.ARM.Collect$$libinit$$00000008)
    __rt_lib_init_lc_collate_1               0x08000163   Thumb Code     0  libinit2.o(.ARM.Collect$$libinit$$0000000F)
    __rt_lib_init_lc_ctype_1                 0x08000163   Thumb Code     0  libinit2.o(.ARM.Collect$$libinit$$00000011)
    __rt_lib_init_lc_monetary_1              0x08000163   Thumb Code     0  libinit2.o(.ARM.Collect$$libinit$$00000013)
    __rt_lib_init_lc_numeric_1               0x08000163   Thumb Code     0  libinit2.o(.ARM.Collect$$libinit$$00000015)
    __rt_lib_init_lc_time_1                  0x08000163   Thumb Code     0  libinit2.o(.ARM.Collect$$libinit$$00000017)
    __rt_lib_init_rand_1                     0x08000163   Thumb Code     0  libinit2.o(.ARM.Collect$$libinit$$0000000C)
    __rt_lib_init_return                     0x08000163   Thumb Code     0  libinit2.o(.ARM.Collect$$libinit$$00000031)
    __rt_lib_init_signal_1                   0x08000163   Thumb Code     0  libinit2.o(.ARM.Collect$$libinit$$0000001B)
    __rt_lib_init_stdio_1                    0x08000163   Thumb Code     0  libinit2.o(.ARM.Collect$$libinit$$00000023)
    __rt_lib_init_user_alloc_1               0x08000163   Thumb Code     0  libinit2.o(.ARM.Collect$$libinit$$0000000A)
    __rt_lib_shutdown                        0x08000165   Thumb Code     0  libshutdown.o(.ARM.Collect$$libshutdown$$00000000)
    __rt_lib_shutdown_fp_trap_1              0x08000167   Thumb Code     0  libshutdown2.o(.ARM.Collect$$libshutdown$$00000006)
    __rt_lib_shutdown_heap_1                 0x08000167   Thumb Code     0  libshutdown2.o(.ARM.Collect$$libshutdown$$0000000E)
    __rt_lib_shutdown_return                 0x08000167   Thumb Code     0  libshutdown2.o(.ARM.Collect$$libshutdown$$0000000F)
    __rt_lib_shutdown_signal_1               0x08000167   Thumb Code     0  libshutdown2.o(.ARM.Collect$$libshutdown$$00000009)
    __rt_lib_shutdown_stdio_1                0x08000167   Thumb Code     0  libshutdown2.o(.ARM.Collect$$libshutdown$$00000003)
    __rt_lib_shutdown_user_alloc_1           0x08000167   Thumb Code     0  libshutdown2.o(.ARM.Collect$$libshutdown$$0000000B)
    __rt_entry                               0x08000169   Thumb Code     0  rtentry.o(.ARM.Collect$$rtentry$$00000000)
    __rt_entry_presh_1                       0x08000169   Thumb Code     0  rtentry2.o(.ARM.Collect$$rtentry$$00000002)
    __rt_entry_sh                            0x08000169   Thumb Code     0  rtentry4.o(.ARM.Collect$$rtentry$$00000004)
    __rt_entry_li                            0x0800016f   Thumb Code     0  rtentry2.o(.ARM.Collect$$rtentry$$0000000A)
    __rt_entry_postsh_1                      0x0800016f   Thumb Code     0  rtentry2.o(.ARM.Collect$$rtentry$$00000009)
    __rt_entry_main                          0x08000173   Thumb Code     0  rtentry2.o(.ARM.Collect$$rtentry$$0000000D)
    __rt_entry_postli_1                      0x08000173   Thumb Code     0  rtentry2.o(.ARM.Collect$$rtentry$$0000000C)
    __rt_exit                                0x0800017b   Thumb Code     0  rtexit.o(.ARM.Collect$$rtexit$$00000000)
    __rt_exit_ls                             0x0800017d   Thumb Code     0  rtexit2.o(.ARM.Collect$$rtexit$$00000003)
    __rt_exit_prels_1                        0x0800017d   Thumb Code     0  rtexit2.o(.ARM.Collect$$rtexit$$00000002)
    __rt_exit_exit                           0x08000181   Thumb Code     0  rtexit2.o(.ARM.Collect$$rtexit$$00000004)
    Reset_Handler                            0x08000189   Thumb Code     8  startup_stm32f10x_md.o(.text)
    SysTick_Handler                          0x080001a1   Thumb Code     2  startup_stm32f10x_md.o(.text)
    ADC1_2_IRQHandler                        0x080001a3   Thumb Code     0  startup_stm32f10x_md.o(.text)
    CAN1_RX1_IRQHandler                      0x080001a3   Thumb Code     0  startup_stm32f10x_md.o(.text)
    CAN1_SCE_IRQHandler                      0x080001a3   Thumb Code     0  startup_stm32f10x_md.o(.text)
    DMA1_Channel1_IRQHandler                 0x080001a3   Thumb Code     0  startup_stm32f10x_md.o(.text)
    DMA1_Channel2_IRQHandler                 0x080001a3   Thumb Code     0  startup_stm32f10x_md.o(.text)
    DMA1_Channel3_IRQHandler                 0x080001a3   Thumb Code     0  startup_stm32f10x_md.o(.text)
    DMA1_Channel4_IRQHandler                 0x080001a3   Thumb Code     0  startup_stm32f10x_md.o(.text)
    DMA1_Channel5_IRQHandler                 0x080001a3   Thumb Code     0  startup_stm32f10x_md.o(.text)
    DMA1_Channel6_IRQHandler                 0x080001a3   Thumb Code     0  startup_stm32f10x_md.o(.text)
    DMA1_Channel7_IRQHandler                 0x080001a3   Thumb Code     0  startup_stm32f10x_md.o(.text)
    EXTI15_10_IRQHandler                     0x080001a3   Thumb Code     0  startup_stm32f10x_md.o(.text)
    EXTI1_IRQHandler                         0x080001a3   Thumb Code     0  startup_stm32f10x_md.o(.text)
    EXTI2_IRQHandler                         0x080001a3   Thumb Code     0  startup_stm32f10x_md.o(.text)
    EXTI3_IRQHandler                         0x080001a3   Thumb Code     0  startup_stm32f10x_md.o(.text)
    EXTI4_IRQHandler                         0x080001a3   Thumb Code     0  startup_stm32f10x_md.o(.text)
    EXTI9_5_IRQHandler                       0x080001a3   Thumb Code     0  startup_stm32f10x_md.o(.text)
    FLASH_IRQHandler                         0x080001a3   Thumb Code     0  startup_stm32f10x_md.o(.text)
    I2C1_ER_IRQHandler                       0x080001a3   Thumb Code     0  startup_stm32f10x_md.o(.text)
    I2C1_EV_IRQHandler                       0x080001a3   Thumb Code     0  startup_stm32f10x_md.o(.text)
    I2C2_ER_IRQHandler                       0x080001a3   Thumb Code     0  startup_stm32f10x_md.o(.text)
    I2C2_EV_IRQHandler                       0x080001a3   Thumb Code     0  startup_stm32f10x_md.o(.text)
    PVD_IRQHandler                           0x080001a3   Thumb Code     0  startup_stm32f10x_md.o(.text)
    RCC_IRQHandler                           0x080001a3   Thumb Code     0  startup_stm32f10x_md.o(.text)
    RTCAlarm_IRQHandler                      0x080001a3   Thumb Code     0  startup_stm32f10x_md.o(.text)
    RTC_IRQHandler                           0x080001a3   Thumb Code     0  startup_stm32f10x_md.o(.text)
    SPI1_IRQHandler                          0x080001a3   Thumb Code     0  startup_stm32f10x_md.o(.text)
    SPI2_IRQHandler                          0x080001a3   Thumb Code     0  startup_stm32f10x_md.o(.text)
    TAMPER_IRQHandler                        0x080001a3   Thumb Code     0  startup_stm32f10x_md.o(.text)
    TIM1_BRK_IRQHandler                      0x080001a3   Thumb Code     0  startup_stm32f10x_md.o(.text)
    TIM1_CC_IRQHandler                       0x080001a3   Thumb Code     0  startup_stm32f10x_md.o(.text)
    TIM1_TRG_COM_IRQHandler                  0x080001a3   Thumb Code     0  startup_stm32f10x_md.o(.text)
    TIM1_UP_IRQHandler                       0x080001a3   Thumb Code     0  startup_stm32f10x_md.o(.text)
    TIM2_IRQHandler                          0x080001a3   Thumb Code     0  startup_stm32f10x_md.o(.text)
    TIM4_IRQHandler                          0x080001a3   Thumb Code     0  startup_stm32f10x_md.o(.text)
    USART2_IRQHandler                        0x080001a3   Thumb Code     0  startup_stm32f10x_md.o(.text)
    USART3_IRQHandler                        0x080001a3   Thumb Code     0  startup_stm32f10x_md.o(.text)
    USBWakeUp_IRQHandler                     0x080001a3   Thumb Code     0  startup_stm32f10x_md.o(.text)
    USB_HP_CAN1_TX_IRQHandler                0x080001a3   Thumb Code     0  startup_stm32f10x_md.o(.text)
    USB_LP_CAN1_RX0_IRQHandler               0x080001a3   Thumb Code     0  startup_stm32f10x_md.o(.text)
    WWDG_IRQHandler                          0x080001a3   Thumb Code     0  startup_stm32f10x_md.o(.text)
    __user_initial_stackheap                 0x080001a5   Thumb Code     0  startup_stm32f10x_md.o(.text)
    __use_two_region_memory                  0x080001c9   Thumb Code     2  heapauxi.o(.text)
    __rt_heap_escrow$2region                 0x080001cb   Thumb Code     2  heapauxi.o(.text)
    __rt_heap_expand$2region                 0x080001cd   Thumb Code     2  heapauxi.o(.text)
    __read_errno                             0x080001cf   Thumb Code    10  _rserrno.o(.text)
    __set_errno                              0x080001d9   Thumb Code    12  _rserrno.o(.text)
    __aeabi_errno_addr                       0x080001e5   Thumb Code     8  rt_errno_addr_intlibspace.o(.text)
    __errno$intlibspace                      0x080001e5   Thumb Code     0  rt_errno_addr_intlibspace.o(.text)
    __rt_errno_addr$intlibspace              0x080001e5   Thumb Code     0  rt_errno_addr_intlibspace.o(.text)
    __user_libspace                          0x080001ed   Thumb Code     8  libspace.o(.text)
    __user_perproc_libspace                  0x080001ed   Thumb Code     0  libspace.o(.text)
    __user_perthread_libspace                0x080001ed   Thumb Code     0  libspace.o(.text)
    __user_setup_stackheap                   0x080001f5   Thumb Code    74  sys_stackheap_outer.o(.text)
    exit                                     0x0800023f   Thumb Code    12  exit.o(.text)
    _sys_exit                                0x0800024d   Thumb Code     8  sys_exit.o(.text)
    __I$use$semihosting                      0x08000259   Thumb Code     0  use_no_semi.o(.text)
    __use_no_semihosting_swi                 0x08000259   Thumb Code     2  use_no_semi.o(.text)
    __semihosting_library_function           0x0800025b   Thumb Code     0  indicate_semi.o(.text)
    ACC_IIR_Filter                           0x0800025d   Thumb Code   174  filter.o(i.ACC_IIR_Filter)
    ADC1_Init                                0x08000349   Thumb Code    12  dma_adc.o(i.ADC1_Init)
    ADC_Cmd                                  0x08000449   Thumb Code    22  stm32f10x_adc.o(i.ADC_Cmd)
    ADC_DMACmd                               0x0800045f   Thumb Code    22  stm32f10x_adc.o(i.ADC_DMACmd)
    ADC_DeInit                               0x08000475   Thumb Code    78  stm32f10x_adc.o(i.ADC_DeInit)
    ADC_GetCalibrationStatus                 0x080004d1   Thumb Code    20  stm32f10x_adc.o(i.ADC_GetCalibrationStatus)
    ADC_GetResetCalibrationStatus            0x080004e5   Thumb Code    20  stm32f10x_adc.o(i.ADC_GetResetCalibrationStatus)
    ADC_Init                                 0x080004f9   Thumb Code    70  stm32f10x_adc.o(i.ADC_Init)
    ADC_RegularChannelConfig                 0x08000549   Thumb Code   184  stm32f10x_adc.o(i.ADC_RegularChannelConfig)
    ADC_ResetCalibration                     0x08000601   Thumb Code    10  stm32f10x_adc.o(i.ADC_ResetCalibration)
    ADC_SoftwareStartConvCmd                 0x0800060b   Thumb Code    22  stm32f10x_adc.o(i.ADC_SoftwareStartConvCmd)
    ADC_StartCalibration                     0x08000621   Thumb Code    10  stm32f10x_adc.o(i.ADC_StartCalibration)
    ADC_TempSensorVrefintCmd                 0x0800062d   Thumb Code    30  stm32f10x_adc.o(i.ADC_TempSensorVrefintCmd)
    BSP_Int                                  0x08000651   Thumb Code    98  tasks.o(i.BSP_Int)
    BusFault_Handler                         0x080006dd   Thumb Code     4  stm32f10x_it.o(i.BusFault_Handler)
    Calculate_FilteringCoefficient           0x080006e1   Thumb Code    54  filter.o(i.Calculate_FilteringCoefficient)
    Control_Angle                            0x08000721   Thumb Code   606  control.o(i.Control_Angle)
    Control_Gyro                             0x080009a9   Thumb Code  1290  control.o(i.Control_Gyro)
    DMA_Cmd                                  0x08000ec1   Thumb Code    24  stm32f10x_dma.o(i.DMA_Cmd)
    DMA_DeInit                               0x08000ed9   Thumb Code   324  stm32f10x_dma.o(i.DMA_DeInit)
    DMA_Init                                 0x08001025   Thumb Code    60  stm32f10x_dma.o(i.DMA_Init)
    DebugMon_Handler                         0x08001061   Thumb Code     2  stm32f10x_it.o(i.DebugMon_Handler)
    Delay_led                                0x08001063   Thumb Code    30  led.o(i.Delay_led)
    Do_ACC_Offset                            0x08001081   Thumb Code     8  i2c_mpu6050.o(i.Do_ACC_Offset)
    Do_GYRO_Offset                           0x0800108d   Thumb Code     8  i2c_mpu6050.o(i.Do_GYRO_Offset)
    EEPROM_INIT                              0x08001099   Thumb Code    64  struct_all.o(i.EEPROM_INIT)
    EEPROM_READ_ACC_OFFSET                   0x080010e1   Thumb Code    60  struct_all.o(i.EEPROM_READ_ACC_OFFSET)
    EEPROM_READ_GYRO_OFFSET                  0x08001131   Thumb Code    60  struct_all.o(i.EEPROM_READ_GYRO_OFFSET)
    EEPROM_READ_PID                          0x08001181   Thumb Code   290  struct_all.o(i.EEPROM_READ_PID)
    EEPROM_SAVE_ACC_OFFSET                   0x080012d1   Thumb Code    58  struct_all.o(i.EEPROM_SAVE_ACC_OFFSET)
    EEPROM_SAVE_GYRO_OFFSET                  0x08001315   Thumb Code    58  struct_all.o(i.EEPROM_SAVE_GYRO_OFFSET)
    EEPROM_SAVE_PID                          0x08001359   Thumb Code   280  struct_all.o(i.EEPROM_SAVE_PID)
    EE_Init                                  0x08001529   Thumb Code    16  eeprom.o(i.EE_Init)
    EE_ReadVariable                          0x0800162d   Thumb Code    88  eeprom.o(i.EE_ReadVariable)
    EE_WriteVariable                         0x08001715   Thumb Code    36  eeprom.o(i.EE_WriteVariable)
    EXTI0_IRQHandler                         0x08001739   Thumb Code    22  stm32f10x_it.o(i.EXTI0_IRQHandler)
    EXTI_ClearITPendingBit                   0x08001751   Thumb Code     6  stm32f10x_exti.o(i.EXTI_ClearITPendingBit)
    EXTI_GetITStatus                         0x0800175d   Thumb Code    34  stm32f10x_exti.o(i.EXTI_GetITStatus)
    EXTI_Init                                0x08001785   Thumb Code   142  stm32f10x_exti.o(i.EXTI_Init)
    FLASH_ErasePage                          0x08001819   Thumb Code    72  stm32f10x_flash.o(i.FLASH_ErasePage)
    FLASH_GetBank1Status                     0x08001865   Thumb Code    48  stm32f10x_flash.o(i.FLASH_GetBank1Status)
    FLASH_ProgramHalfWord                    0x08001899   Thumb Code    60  stm32f10x_flash.o(i.FLASH_ProgramHalfWord)
    FLASH_Unlock                             0x080018d9   Thumb Code    12  stm32f10x_flash.o(i.FLASH_Unlock)
    FLASH_WaitForLastOperation               0x080018f1   Thumb Code    38  stm32f10x_flash.o(i.FLASH_WaitForLastOperation)
    GPIO_EXTILineConfig                      0x08001919   Thumb Code    60  stm32f10x_gpio.o(i.GPIO_EXTILineConfig)
    GPIO_Init                                0x08001959   Thumb Code   274  stm32f10x_gpio.o(i.GPIO_Init)
    GPIO_PinRemapConfig                      0x08001a6d   Thumb Code   138  stm32f10x_gpio.o(i.GPIO_PinRemapConfig)
    Get_Checksum                             0x08001afd   Thumb Code    30  maths.o(i.Get_Checksum)
    Get_Eulerian_Angle                       0x08001b1d   Thumb Code   260  imu.o(i.Get_Eulerian_Angle)
    Get_Radian                               0x08001c35   Thumb Code    62  maths.o(i.Get_Radian)
    Gyro_Filter                              0x08001c79   Thumb Code   156  filter.o(i.Gyro_Filter)
    HardFault_Handler                        0x08001d25   Thumb Code     4  stm32f10x_it.o(i.HardFault_Handler)
    I2C2_Int                                 0x08001d29   Thumb Code   102  i2c_mpu6050.o(i.I2C2_Int)
    IMUupdate                                0x08002049   Thumb Code   978  imu.o(i.IMUupdate)
    InitCurrWrAddress                        0x0800244d   Thumb Code    92  eeprom.o(i.InitCurrWrAddress)
    InitMPU6050                              0x080024b1   Thumb Code   112  i2c_mpu6050.o(i.InitMPU6050)
    LED3_ON_Frequency                        0x08002551   Thumb Code   124  led.o(i.LED3_ON_Frequency)
    LED_Init                                 0x080025e5   Thumb Code    82  led.o(i.LED_Init)
    LED_ON_OFF                               0x08002649   Thumb Code   128  led.o(i.LED_ON_OFF)
    MPU6050_Compose                          0x080026d1   Thumb Code   152  i2c_mpu6050.o(i.MPU6050_Compose)
    MPU6050_Offset                           0x0800277d   Thumb Code   398  i2c_mpu6050.o(i.MPU6050_Offset)
    MPU6050_SequenceRead                     0x08002949   Thumb Code   104  i2c_mpu6050.o(i.MPU6050_SequenceRead)
    MPU6050_SingleRead                       0x080029b5   Thumb Code   124  i2c_mpu6050.o(i.MPU6050_SingleRead)
    MemManage_Handler                        0x08002a35   Thumb Code     4  stm32f10x_it.o(i.MemManage_Handler)
    Motor_Init                               0x08002a39   Thumb Code    48  motor.o(i.Motor_Init)
    Motor_Out                                0x08002a89   Thumb Code    82  motor.o(i.Motor_Out)
    NMI_Handler                              0x08002ae1   Thumb Code     2  stm32f10x_it.o(i.NMI_Handler)
    NRF24L01_Check                           0x08002cfd   Thumb Code    70  spi_nrf24l01.o(i.NRF24L01_Check)
    NRF24L01_IRQ                             0x08002d81   Thumb Code    90  spi_nrf24l01.o(i.NRF24L01_IRQ)
    NRF24L01_Init                            0x08002de5   Thumb Code   132  spi_nrf24l01.o(i.NRF24L01_Init)
    NRF_Read_Buff                            0x08002eb5   Thumb Code    58  spi_nrf24l01.o(i.NRF_Read_Buff)
    NRF_Read_Reg                             0x08002ef5   Thumb Code    36  spi_nrf24l01.o(i.NRF_Read_Reg)
    NRF_Send_TX                              0x08002f1d   Thumb Code    36  spi_nrf24l01.o(i.NRF_Send_TX)
    NRF_Write_Buf                            0x08002f45   Thumb Code    56  spi_nrf24l01.o(i.NRF_Write_Buf)
    NRF_Write_Reg                            0x08002f81   Thumb Code    38  spi_nrf24l01.o(i.NRF_Write_Reg)
    NVIC_Init                                0x08002fad   Thumb Code   102  misc.o(i.NVIC_Init)
    NVIC_PriorityGroupConfig                 0x08003021   Thumb Code    10  misc.o(i.NVIC_PriorityGroupConfig)
    Nrf_Connect                              0x08003035   Thumb Code   192  spi_nrf24l01.o(i.Nrf_Connect)
    Nvic_Init                                0x08003119   Thumb Code   100  tasks.o(i.Nvic_Init)
    PID_Reset                                0x0800317d   Thumb Code    94  struct_all.o(i.PID_Reset)
    PendSV_Handler                           0x08003205   Thumb Code     2  stm32f10x_it.o(i.PendSV_Handler)
    PrintHexU8                               0x08003209   Thumb Code    46  uart.o(i.PrintHexU8)
    PrintString                              0x08003245   Thumb Code    24  uart.o(i.PrintString)
    Print_MSP_ATTITUDE                       0x0800325d   Thumb Code   144  protocol.o(i.Print_MSP_ATTITUDE)
    Print_MSP_FLY_DATA                       0x080032f5   Thumb Code   416  protocol.o(i.Print_MSP_FLY_DATA)
    Print_MSP_RAW_IMU                        0x080034b5   Thumb Code   310  protocol.o(i.Print_MSP_RAW_IMU)
    RCC_ADCCLKConfig                         0x080035f9   Thumb Code    18  stm32f10x_rcc.o(i.RCC_ADCCLKConfig)
    RCC_AHBPeriphClockCmd                    0x08003611   Thumb Code    26  stm32f10x_rcc.o(i.RCC_AHBPeriphClockCmd)
    RCC_APB1PeriphClockCmd                   0x08003631   Thumb Code    26  stm32f10x_rcc.o(i.RCC_APB1PeriphClockCmd)
    RCC_APB1PeriphResetCmd                   0x08003651   Thumb Code    26  stm32f10x_rcc.o(i.RCC_APB1PeriphResetCmd)
    RCC_APB2PeriphClockCmd                   0x08003671   Thumb Code    26  stm32f10x_rcc.o(i.RCC_APB2PeriphClockCmd)
    RCC_APB2PeriphResetCmd                   0x08003691   Thumb Code    26  stm32f10x_rcc.o(i.RCC_APB2PeriphResetCmd)
    RCC_GetClocksFreq                        0x080036b1   Thumb Code   192  stm32f10x_rcc.o(i.RCC_GetClocksFreq)
    RC_LOCK                                  0x08003789   Thumb Code   306  control.o(i.RC_LOCK)
    RC_Limit                                 0x080038d5   Thumb Code   254  control.o(i.RC_Limit)
    SPI1_Init                                0x080039d5   Thumb Code   246  spi_nrf24l01.o(i.SPI1_Init)
    SPI_Cmd                                  0x08003af5   Thumb Code    24  stm32f10x_spi.o(i.SPI_Cmd)
    SPI_I2S_GetFlagStatus                    0x08003b0d   Thumb Code    18  stm32f10x_spi.o(i.SPI_I2S_GetFlagStatus)
    SPI_I2S_ReceiveData                      0x08003b1f   Thumb Code     6  stm32f10x_spi.o(i.SPI_I2S_ReceiveData)
    SPI_I2S_SendData                         0x08003b25   Thumb Code     4  stm32f10x_spi.o(i.SPI_I2S_SendData)
    SPI_Init                                 0x08003b29   Thumb Code    60  stm32f10x_spi.o(i.SPI_Init)
    SPI_RW                                   0x08003b65   Thumb Code    50  spi_nrf24l01.o(i.SPI_RW)
    SVC_Handler                              0x08003b9d   Thumb Code     2  stm32f10x_it.o(i.SVC_Handler)
    Send_Data_Back                           0x08003ba1   Thumb Code    66  spi_nrf24l01.o(i.Send_Data_Back)
    SystemInit                               0x08003d59   Thumb Code    78  system_stm32f10x.o(i.SystemInit)
    TIM3_IRQHandler                          0x08003db9   Thumb Code    70  stm32f10x_it.o(i.TIM3_IRQHandler)
    TIM_ARRPreloadConfig                     0x08003e19   Thumb Code    24  stm32f10x_tim.o(i.TIM_ARRPreloadConfig)
    TIM_ClearFlag                            0x08003e31   Thumb Code     6  stm32f10x_tim.o(i.TIM_ClearFlag)
    TIM_Cmd                                  0x08003e37   Thumb Code    24  stm32f10x_tim.o(i.TIM_Cmd)
    TIM_DeInit                               0x08003e51   Thumb Code   424  stm32f10x_tim.o(i.TIM_DeInit)
    TIM_ITConfig                             0x08004039   Thumb Code    18  stm32f10x_tim.o(i.TIM_ITConfig)
    TIM_OC1Init                              0x0800404d   Thumb Code   132  stm32f10x_tim.o(i.TIM_OC1Init)
    TIM_OC1PreloadConfig                     0x080040e5   Thumb Code    18  stm32f10x_tim.o(i.TIM_OC1PreloadConfig)
    TIM_OC2Init                              0x080040f9   Thumb Code   154  stm32f10x_tim.o(i.TIM_OC2Init)
    TIM_OC2PreloadConfig                     0x0800419d   Thumb Code    26  stm32f10x_tim.o(i.TIM_OC2PreloadConfig)
    TIM_OC3Init                              0x080041b9   Thumb Code   150  stm32f10x_tim.o(i.TIM_OC3Init)
    TIM_OC3PreloadConfig                     0x08004259   Thumb Code    18  stm32f10x_tim.o(i.TIM_OC3PreloadConfig)
    TIM_OC4Init                              0x0800426d   Thumb Code   114  stm32f10x_tim.o(i.TIM_OC4Init)
    TIM_OC4PreloadConfig                     0x080042e9   Thumb Code    26  stm32f10x_tim.o(i.TIM_OC4PreloadConfig)
    TIM_TimeBaseInit                         0x08004305   Thumb Code   122  stm32f10x_tim.o(i.TIM_TimeBaseInit)
    Task_1000HZ                              0x080043a9   Thumb Code   124  tasks.o(i.Task_1000HZ)
    Task_250HZ                               0x08004441   Thumb Code    36  tasks.o(i.Task_250HZ)
    Task_500HZ                               0x08004471   Thumb Code    34  tasks.o(i.Task_500HZ)
    Timer3_Init                              0x08004545   Thumb Code    86  timer3.o(i.Timer3_Init)
    USART1_IRQHandler                        0x080045a9   Thumb Code   102  uart.o(i.USART1_IRQHandler)
    USART_ClearFlag                          0x08004621   Thumb Code    18  stm32f10x_usart.o(i.USART_ClearFlag)
    USART_Cmd                                0x08004633   Thumb Code    24  stm32f10x_usart.o(i.USART_Cmd)
    USART_GetFlagStatus                      0x0800464b   Thumb Code    26  stm32f10x_usart.o(i.USART_GetFlagStatus)
    USART_ITConfig                           0x08004665   Thumb Code    74  stm32f10x_usart.o(i.USART_ITConfig)
    USART_Init                               0x080046b1   Thumb Code   210  stm32f10x_usart.o(i.USART_Init)
    USART_ReceiveData                        0x08004789   Thumb Code    10  stm32f10x_usart.o(i.USART_ReceiveData)
    Uart1_Init                               0x08004795   Thumb Code   144  uart.o(i.Uart1_Init)
    UsageFault_Handler                       0x0800482d   Thumb Code     4  stm32f10x_it.o(i.UsageFault_Handler)
    __ARM_fpclassify                         0x08004831   Thumb Code    40  fpclassify.o(i.__ARM_fpclassify)
    __EE_Init                                0x08004859   Thumb Code   486  eeprom.o(i.__EE_Init)
    __kernel_poly                            0x08004a51   Thumb Code   170  poly.o(i.__kernel_poly)
    __mathlib_dbl_underflow                  0x08004afd   Thumb Code    10  dunder.o(i.__mathlib_dbl_underflow)
    asin                                     0x08004b15   Thumb Code   584  asin.o(i.asin)
    atan                                     0x08004d91   Thumb Code   478  atan.o(i.atan)
    atan2                                    0x08004fb5   Thumb Code   346  atan2.o(i.atan2)
    invSqrt                                  0x08005135   Thumb Code    72  maths.o(i.invSqrt)
    main                                     0x08005181   Thumb Code    62  main.o(i.main)
    sqrt                                     0x080051cd   Thumb Code    76  sqrt.o(i.sqrt)
    __aeabi_d2f                              0x08005219   Thumb Code     0  d2f.o(x$fpl$d2f)
    _d2f                                     0x08005219   Thumb Code    98  d2f.o(x$fpl$d2f)
    __aeabi_dadd                             0x0800527d   Thumb Code     0  daddsub_clz.o(x$fpl$dadd)
    _dadd                                    0x0800527d   Thumb Code   332  daddsub_clz.o(x$fpl$dadd)
    __fpl_dcheck_NaN1                        0x080053cd   Thumb Code    10  dcheck1.o(x$fpl$dcheck1)
    __aeabi_ddiv                             0x080053dd   Thumb Code     0  ddiv.o(x$fpl$ddiv)
    _ddiv                                    0x080053dd   Thumb Code   552  ddiv.o(x$fpl$ddiv)
    __aeabi_dmul                             0x0800568d   Thumb Code     0  dmul.o(x$fpl$dmul)
    _dmul                                    0x0800568d   Thumb Code   332  dmul.o(x$fpl$dmul)
    __fpl_dnaninf                            0x080057e1   Thumb Code   156  dnaninf.o(x$fpl$dnaninf)
    __fpl_dretinf                            0x0800587d   Thumb Code    12  dretinf.o(x$fpl$dretinf)
    __aeabi_drsub                            0x08005889   Thumb Code     0  daddsub_clz.o(x$fpl$drsb)
    _drsb                                    0x08005889   Thumb Code    22  daddsub_clz.o(x$fpl$drsb)
    _dsqrt                                   0x080058a1   Thumb Code   456  dsqrt_noumaal.o(x$fpl$dsqrt)
    __aeabi_dsub                             0x08005a6d   Thumb Code     0  daddsub_clz.o(x$fpl$dsub)
    _dsub                                    0x08005a6d   Thumb Code   464  daddsub_clz.o(x$fpl$dsub)
    __aeabi_f2d                              0x08005c41   Thumb Code     0  f2d.o(x$fpl$f2d)
    _f2d                                     0x08005c41   Thumb Code    86  f2d.o(x$fpl$f2d)
    __aeabi_fadd                             0x08005c99   Thumb Code     0  faddsub_clz.o(x$fpl$fadd)
    _fadd                                    0x08005c99   Thumb Code   196  faddsub_clz.o(x$fpl$fadd)
    __fpl_fcmp_Inf                           0x08005d5d   Thumb Code    24  fcmpi.o(x$fpl$fcmpinf)
    __aeabi_fdiv                             0x08005d75   Thumb Code     0  fdiv.o(x$fpl$fdiv)
    _fdiv                                    0x08005d75   Thumb Code   384  fdiv.o(x$fpl$fdiv)
    __aeabi_f2iz                             0x08005ef9   Thumb Code     0  ffix.o(x$fpl$ffix)
    _ffix                                    0x08005ef9   Thumb Code    54  ffix.o(x$fpl$ffix)
    __aeabi_f2uiz                            0x08005f31   Thumb Code     0  ffixu.o(x$fpl$ffixu)
    _ffixu                                   0x08005f31   Thumb Code    62  ffixu.o(x$fpl$ffixu)
    __aeabi_i2f                              0x08005f71   Thumb Code     0  fflt_clz.o(x$fpl$fflt)
    _fflt                                    0x08005f71   Thumb Code    48  fflt_clz.o(x$fpl$fflt)
    __aeabi_ui2f                             0x08005fa1   Thumb Code     0  fflt_clz.o(x$fpl$ffltu)
    _ffltu                                   0x08005fa1   Thumb Code    38  fflt_clz.o(x$fpl$ffltu)
    __aeabi_cfcmple                          0x08005fc9   Thumb Code     0  fleqf.o(x$fpl$fleqf)
    _fcmple                                  0x08005fc9   Thumb Code   104  fleqf.o(x$fpl$fleqf)
    __fpl_fcmple_InfNaN                      0x0800601b   Thumb Code     0  fleqf.o(x$fpl$fleqf)
    __aeabi_fmul                             0x08006031   Thumb Code     0  fmul.o(x$fpl$fmul)
    _fmul                                    0x08006031   Thumb Code   258  fmul.o(x$fpl$fmul)
    __fpl_fnaninf                            0x08006133   Thumb Code   140  fnaninf.o(x$fpl$fnaninf)
    __fpl_fretinf                            0x080061bf   Thumb Code    10  fretinf.o(x$fpl$fretinf)
    __aeabi_cfrcmple                         0x080061c9   Thumb Code     0  frleqf.o(x$fpl$frleqf)
    _frcmple                                 0x080061c9   Thumb Code    98  frleqf.o(x$fpl$frleqf)
    __aeabi_frsub                            0x0800622b   Thumb Code     0  faddsub_clz.o(x$fpl$frsb)
    _frsb                                    0x0800622b   Thumb Code    20  faddsub_clz.o(x$fpl$frsb)
    __aeabi_fsub                             0x08006241   Thumb Code     0  faddsub_clz.o(x$fpl$fsub)
    _fsub                                    0x08006241   Thumb Code   234  faddsub_clz.o(x$fpl$fsub)
    __fpl_return_NaN                         0x0800632b   Thumb Code   100  retnan.o(x$fpl$retnan)
    __ARM_scalbn                             0x0800638f   Thumb Code    92  scalbn.o(x$fpl$scalbn)
    __fpl_cmpreturn                          0x080063eb   Thumb Code    48  trapv.o(x$fpl$trapveneer)
    __I$use$fp                               0x0800641a   Number         0  usenofp.o(x$fpl$usenofp)
    __mathlib_zero                           0x08006508   Data           8  qnan.o(.constdata)
    Region$$Table$$Base                      0x08006510   Number         0  anon$$obj.o(Region$$Table)
    Region$$Table$$Limit                     0x08006530   Number         0  anon$$obj.o(Region$$Table)
    Count_1ms                                0x20000000   Data           1  stm32f10x_it.o(.data)
    Count_2ms                                0x20000001   Data           1  stm32f10x_it.o(.data)
    Count_4ms                                0x20000002   Data           1  stm32f10x_it.o(.data)
    q0                                       0x20000004   Data           4  imu.o(.data)
    q1                                       0x20000008   Data           4  imu.o(.data)
    q2                                       0x2000000c   Data           4  imu.o(.data)
    q3                                       0x20000010   Data           4  imu.o(.data)
    exInt                                    0x20000014   Data           4  imu.o(.data)
    eyInt                                    0x20000018   Data           4  imu.o(.data)
    ezInt                                    0x2000001c   Data           4  imu.o(.data)
    Bsp_Int_Ok                               0x20000034   Data           1  tasks.o(.data)
    Rc_Lock                                  0x20000035   Data           1  control.o(.data)
    TxCount                                  0x20000048   Data           1  uart.o(.data)
    Count                                    0x20000049   Data           1  uart.o(.data)
    Timer3_Count                             0x2000004c   Data           4  timer3.o(.data)
    Timer3_Frequency                         0x20000050   Data           2  timer3.o(.data)
    DataVar                                  0x20000054   Data           2  eeprom.o(.data)
    CurWrAddress                             0x20000058   Data           4  eeprom.o(.data)
    VirtAddVarTab                            0x2000005c   Data          32  struct_all.o(.data)
    acc                                      0x2000007c   Data           6  struct_all.o(.data)
    gyro                                     0x20000082   Data           6  struct_all.o(.data)
    filter_acc                               0x20000088   Data           6  struct_all.o(.data)
    filter_gyro                              0x2000008e   Data           6  struct_all.o(.data)
    offset_acc                               0x20000094   Data           6  struct_all.o(.data)
    offset_gyro                              0x2000009a   Data           6  struct_all.o(.data)
    data_x                                   0x200000a0   Data           2  struct_all.o(.data)
    data_y                                   0x200000a2   Data           2  struct_all.o(.data)
    data_z                                   0x200000a4   Data           2  struct_all.o(.data)
    ADC_Value                                0x200000a8   Data           4  dma_adc.o(.data)
    Battery_Fly                              0x200000ac   Data           2  dma_adc.o(.data)
    GYRO_Offset                              0x200000b0   Data           1  i2c_mpu6050.o(.data)
    ACC_Offset                               0x200000b1   Data           1  i2c_mpu6050.o(.data)
    I2C_Erro                                 0x200000b4   Data           4  i2c_mpu6050.o(.data)
    RxBuffer                                 0x20000228   Data          50  uart.o(.bss)
    SI_acc                                   0x2000025c   Data          12  struct_all.o(.bss)
    SI_gyro                                  0x20000268   Data          12  struct_all.o(.bss)
    Rc                                       0x20000274   Data          16  struct_all.o(.bss)
    out_angle                                0x20000284   Data          12  struct_all.o(.bss)
    pitch                                    0x20000290   Data          20  struct_all.o(.bss)
    roll                                     0x200002a4   Data          20  struct_all.o(.bss)
    gyro_pitch                               0x200002b8   Data          20  struct_all.o(.bss)
    gyro_roll                                0x200002cc   Data          20  struct_all.o(.bss)
    gyro_yaw                                 0x200002e0   Data          20  struct_all.o(.bss)
    NRF24L01_RXDATA                          0x20000302   Data          32  spi_nrf24l01.o(.bss)
    NRF24L01_TXDATA                          0x20000322   Data          32  spi_nrf24l01.o(.bss)
    __libspace_start                         0x20000344   Data          96  libspace.o(.bss)
    __temporary_stack_top$libspace           0x200003a4   Data           0  libspace.o(.bss)



==============================================================================

Memory Map of the image

  Image Entry point : 0x080000ed

  Load Region LR_IROM1 (Base: 0x08000000, Size: 0x00006628, Max: 0x00010000, ABSOLUTE)

    Execution Region ER_IROM1 (Base: 0x08000000, Size: 0x00006530, Max: 0x00010000, ABSOLUTE)

    Base Addr    Size         Type   Attr      Idx    E Section Name        Object

    0x08000000   0x000000ec   Data   RO            3    RESET               startup_stm32f10x_md.o
    0x080000ec   0x00000008   Code   RO         3951  * !!!main             c_w.l(__main.o)
    0x080000f4   0x00000034   Code   RO         4226    !!!scatter          c_w.l(__scatter.o)
    0x08000128   0x0000001a   Code   RO         4228    !!handler_copy      c_w.l(__scatter_copy.o)
    0x08000142   0x00000002   PAD
    0x08000144   0x0000001c   Code   RO         4230    !!handler_zi        c_w.l(__scatter_zi.o)
    0x08000160   0x00000002   Code   RO         4096    .ARM.Collect$$libinit$$00000000  c_w.l(libinit.o)
    0x08000162   0x00000000   Code   RO         4104    .ARM.Collect$$libinit$$00000002  c_w.l(libinit2.o)
    0x08000162   0x00000000   Code   RO         4107    .ARM.Collect$$libinit$$00000008  c_w.l(libinit2.o)
    0x08000162   0x00000000   Code   RO         4109    .ARM.Collect$$libinit$$0000000A  c_w.l(libinit2.o)
    0x08000162   0x00000000   Code   RO         4111    .ARM.Collect$$libinit$$0000000C  c_w.l(libinit2.o)
    0x08000162   0x00000000   Code   RO         4114    .ARM.Collect$$libinit$$0000000F  c_w.l(libinit2.o)
    0x08000162   0x00000000   Code   RO         4116    .ARM.Collect$$libinit$$00000011  c_w.l(libinit2.o)
    0x08000162   0x00000000   Code   RO         4118    .ARM.Collect$$libinit$$00000013  c_w.l(libinit2.o)
    0x08000162   0x00000000   Code   RO         4120    .ARM.Collect$$libinit$$00000015  c_w.l(libinit2.o)
    0x08000162   0x00000000   Code   RO         4122    .ARM.Collect$$libinit$$00000017  c_w.l(libinit2.o)
    0x08000162   0x00000000   Code   RO         4124    .ARM.Collect$$libinit$$00000019  c_w.l(libinit2.o)
    0x08000162   0x00000000   Code   RO         4126    .ARM.Collect$$libinit$$0000001B  c_w.l(libinit2.o)
    0x08000162   0x00000000   Code   RO         4128    .ARM.Collect$$libinit$$0000001D  c_w.l(libinit2.o)
    0x08000162   0x00000000   Code   RO         4130    .ARM.Collect$$libinit$$0000001F  c_w.l(libinit2.o)
    0x08000162   0x00000000   Code   RO         4132    .ARM.Collect$$libinit$$00000021  c_w.l(libinit2.o)
    0x08000162   0x00000000   Code   RO         4134    .ARM.Collect$$libinit$$00000023  c_w.l(libinit2.o)
    0x08000162   0x00000000   Code   RO         4138    .ARM.Collect$$libinit$$0000002A  c_w.l(libinit2.o)
    0x08000162   0x00000000   Code   RO         4140    .ARM.Collect$$libinit$$0000002C  c_w.l(libinit2.o)
    0x08000162   0x00000000   Code   RO         4142    .ARM.Collect$$libinit$$0000002E  c_w.l(libinit2.o)
    0x08000162   0x00000000   Code   RO         4144    .ARM.Collect$$libinit$$00000030  c_w.l(libinit2.o)
    0x08000162   0x00000002   Code   RO         4145    .ARM.Collect$$libinit$$00000031  c_w.l(libinit2.o)
    0x08000164   0x00000002   Code   RO         4167    .ARM.Collect$$libshutdown$$00000000  c_w.l(libshutdown.o)
    0x08000166   0x00000000   Code   RO         4181    .ARM.Collect$$libshutdown$$00000003  c_w.l(libshutdown2.o)
    0x08000166   0x00000000   Code   RO         4184    .ARM.Collect$$libshutdown$$00000006  c_w.l(libshutdown2.o)
    0x08000166   0x00000000   Code   RO         4187    .ARM.Collect$$libshutdown$$00000009  c_w.l(libshutdown2.o)
    0x08000166   0x00000000   Code   RO         4189    .ARM.Collect$$libshutdown$$0000000B  c_w.l(libshutdown2.o)
    0x08000166   0x00000000   Code   RO         4192    .ARM.Collect$$libshutdown$$0000000E  c_w.l(libshutdown2.o)
    0x08000166   0x00000002   Code   RO         4193    .ARM.Collect$$libshutdown$$0000000F  c_w.l(libshutdown2.o)
    0x08000168   0x00000000   Code   RO         4007    .ARM.Collect$$rtentry$$00000000  c_w.l(rtentry.o)
    0x08000168   0x00000000   Code   RO         4059    .ARM.Collect$$rtentry$$00000002  c_w.l(rtentry2.o)
    0x08000168   0x00000006   Code   RO         4071    .ARM.Collect$$rtentry$$00000004  c_w.l(rtentry4.o)
    0x0800016e   0x00000000   Code   RO         4061    .ARM.Collect$$rtentry$$00000009  c_w.l(rtentry2.o)
    0x0800016e   0x00000004   Code   RO         4062    .ARM.Collect$$rtentry$$0000000A  c_w.l(rtentry2.o)
    0x08000172   0x00000000   Code   RO         4064    .ARM.Collect$$rtentry$$0000000C  c_w.l(rtentry2.o)
    0x08000172   0x00000008   Code   RO         4065    .ARM.Collect$$rtentry$$0000000D  c_w.l(rtentry2.o)
    0x0800017a   0x00000002   Code   RO         4101    .ARM.Collect$$rtexit$$00000000  c_w.l(rtexit.o)
    0x0800017c   0x00000000   Code   RO         4149    .ARM.Collect$$rtexit$$00000002  c_w.l(rtexit2.o)
    0x0800017c   0x00000004   Code   RO         4150    .ARM.Collect$$rtexit$$00000003  c_w.l(rtexit2.o)
    0x08000180   0x00000006   Code   RO         4151    .ARM.Collect$$rtexit$$00000004  c_w.l(rtexit2.o)
    0x08000186   0x00000002   PAD
    0x08000188   0x00000040   Code   RO            4    .text               startup_stm32f10x_md.o
    0x080001c8   0x00000006   Code   RO         3949    .text               c_w.l(heapauxi.o)
    0x080001ce   0x00000016   Code   RO         4008    .text               c_w.l(_rserrno.o)
    0x080001e4   0x00000008   Code   RO         4076    .text               c_w.l(rt_errno_addr_intlibspace.o)
    0x080001ec   0x00000008   Code   RO         4084    .text               c_w.l(libspace.o)
    0x080001f4   0x0000004a   Code   RO         4087    .text               c_w.l(sys_stackheap_outer.o)
    0x0800023e   0x0000000c   Code   RO         4089    .text               c_w.l(exit.o)
    0x0800024a   0x00000002   PAD
    0x0800024c   0x0000000c   Code   RO         4159    .text               c_w.l(sys_exit.o)
    0x08000258   0x00000002   Code   RO         4170    .text               c_w.l(use_no_semi.o)
    0x0800025a   0x00000000   Code   RO         4172    .text               c_w.l(indicate_semi.o)
    0x0800025a   0x00000002   PAD
    0x0800025c   0x000000b4   Code   RO          293    i.ACC_IIR_Filter    filter.o
    0x08000310   0x00000038   Code   RO          719    i.ADC1_GPIO_Config  dma_adc.o
    0x08000348   0x0000000c   Code   RO          720    i.ADC1_Init         dma_adc.o
    0x08000354   0x000000f4   Code   RO          721    i.ADC1_Mode_Config  dma_adc.o
    0x08000448   0x00000016   Code   RO         1022    i.ADC_Cmd           stm32f10x_adc.o
    0x0800045e   0x00000016   Code   RO         1023    i.ADC_DMACmd        stm32f10x_adc.o
    0x08000474   0x0000005c   Code   RO         1024    i.ADC_DeInit        stm32f10x_adc.o
    0x080004d0   0x00000014   Code   RO         1030    i.ADC_GetCalibrationStatus  stm32f10x_adc.o
    0x080004e4   0x00000014   Code   RO         1036    i.ADC_GetResetCalibrationStatus  stm32f10x_adc.o
    0x080004f8   0x00000050   Code   RO         1040    i.ADC_Init          stm32f10x_adc.o
    0x08000548   0x000000b8   Code   RO         1044    i.ADC_RegularChannelConfig  stm32f10x_adc.o
    0x08000600   0x0000000a   Code   RO         1045    i.ADC_ResetCalibration  stm32f10x_adc.o
    0x0800060a   0x00000016   Code   RO         1047    i.ADC_SoftwareStartConvCmd  stm32f10x_adc.o
    0x08000620   0x0000000a   Code   RO         1049    i.ADC_StartCalibration  stm32f10x_adc.o
    0x0800062a   0x00000002   PAD
    0x0800062c   0x00000024   Code   RO         1051    i.ADC_TempSensorVrefintCmd  stm32f10x_adc.o
    0x08000650   0x0000008c   Code   RO          319    i.BSP_Int           tasks.o
    0x080006dc   0x00000004   Code   RO          158    i.BusFault_Handler  stm32f10x_it.o
    0x080006e0   0x00000040   Code   RO          294    i.Calculate_FilteringCoefficient  filter.o
    0x08000720   0x00000288   Code   RO          385    i.Control_Angle     control.o
    0x080009a8   0x00000518   Code   RO          386    i.Control_Gyro      control.o
    0x08000ec0   0x00000018   Code   RO         1707    i.DMA_Cmd           stm32f10x_dma.o
    0x08000ed8   0x0000014c   Code   RO         1708    i.DMA_DeInit        stm32f10x_dma.o
    0x08001024   0x0000003c   Code   RO         1713    i.DMA_Init          stm32f10x_dma.o
    0x08001060   0x00000002   Code   RO          159    i.DebugMon_Handler  stm32f10x_it.o
    0x08001062   0x0000001e   Code   RO          446    i.Delay_led         led.o
    0x08001080   0x0000000c   Code   RO          753    i.Do_ACC_Offset     i2c_mpu6050.o
    0x0800108c   0x0000000c   Code   RO          754    i.Do_GYRO_Offset    i2c_mpu6050.o
    0x08001098   0x00000048   Code   RO          646    i.EEPROM_INIT       struct_all.o
    0x080010e0   0x00000050   Code   RO          647    i.EEPROM_READ_ACC_OFFSET  struct_all.o
    0x08001130   0x00000050   Code   RO          648    i.EEPROM_READ_GYRO_OFFSET  struct_all.o
    0x08001180   0x00000150   Code   RO          649    i.EEPROM_READ_PID   struct_all.o
    0x080012d0   0x00000044   Code   RO          650    i.EEPROM_SAVE_ACC_OFFSET  struct_all.o
    0x08001314   0x00000044   Code   RO          651    i.EEPROM_SAVE_GYRO_OFFSET  struct_all.o
    0x08001358   0x0000013c   Code   RO          652    i.EEPROM_SAVE_PID   struct_all.o
    0x08001494   0x00000058   Code   RO          583    i.EE_FindValidPage  eeprom.o
    0x080014ec   0x0000003c   Code   RO          584    i.EE_Format         eeprom.o
    0x08001528   0x00000010   Code   RO          585    i.EE_Init           eeprom.o
    0x08001538   0x000000f4   Code   RO          586    i.EE_PageTransfer   eeprom.o
    0x0800162c   0x00000060   Code   RO          587    i.EE_ReadVariable   eeprom.o
    0x0800168c   0x00000088   Code   RO          588    i.EE_VerifyPageFullWriteVariable  eeprom.o
    0x08001714   0x00000024   Code   RO          589    i.EE_WriteVariable  eeprom.o
    0x08001738   0x00000016   Code   RO          160    i.EXTI0_IRQHandler  stm32f10x_it.o
    0x0800174e   0x00000002   PAD
    0x08001750   0x0000000c   Code   RO         1778    i.EXTI_ClearITPendingBit  stm32f10x_exti.o
    0x0800175c   0x00000028   Code   RO         1782    i.EXTI_GetITStatus  stm32f10x_exti.o
    0x08001784   0x00000094   Code   RO         1783    i.EXTI_Init         stm32f10x_exti.o
    0x08001818   0x0000004c   Code   RO         1836    i.FLASH_ErasePage   stm32f10x_flash.o
    0x08001864   0x00000034   Code   RO         1837    i.FLASH_GetBank1Status  stm32f10x_flash.o
    0x08001898   0x00000040   Code   RO         1849    i.FLASH_ProgramHalfWord  stm32f10x_flash.o
    0x080018d8   0x00000018   Code   RO         1854    i.FLASH_Unlock      stm32f10x_flash.o
    0x080018f0   0x00000026   Code   RO         1858    i.FLASH_WaitForLastOperation  stm32f10x_flash.o
    0x08001916   0x00000002   PAD
    0x08001918   0x00000040   Code   RO         2128    i.GPIO_EXTILineConfig  stm32f10x_gpio.o
    0x08001958   0x00000112   Code   RO         2131    i.GPIO_Init         stm32f10x_gpio.o
    0x08001a6a   0x00000002   PAD
    0x08001a6c   0x00000090   Code   RO         2133    i.GPIO_PinRemapConfig  stm32f10x_gpio.o
    0x08001afc   0x0000001e   Code   RO          361    i.Get_Checksum      maths.o
    0x08001b1a   0x00000002   PAD
    0x08001b1c   0x00000118   Code   RO          268    i.Get_Eulerian_Angle  imu.o
    0x08001c34   0x00000044   Code   RO          362    i.Get_Radian        maths.o
    0x08001c78   0x000000ac   Code   RO          295    i.Gyro_Filter       filter.o
    0x08001d24   0x00000004   Code   RO          161    i.HardFault_Handler  stm32f10x_it.o
    0x08001d28   0x00000088   Code   RO          755    i.I2C2_Int          i2c_mpu6050.o
    0x08001db0   0x00000048   Code   RO          756    i.I2C_ACK           i2c_mpu6050.o
    0x08001df8   0x00000044   Code   RO          757    i.I2C_NACK          i2c_mpu6050.o
    0x08001e3c   0x0000006c   Code   RO          758    i.I2C_ReadByte      i2c_mpu6050.o
    0x08001ea8   0x0000007c   Code   RO          759    i.I2C_Start         i2c_mpu6050.o
    0x08001f24   0x00000044   Code   RO          760    i.I2C_Stop          i2c_mpu6050.o
    0x08001f68   0x00000064   Code   RO          761    i.I2C_WaitAck       i2c_mpu6050.o
    0x08001fcc   0x00000070   Code   RO          762    i.I2C_WriteByte     i2c_mpu6050.o
    0x0800203c   0x0000000a   Code   RO          763    i.I2C_delay         i2c_mpu6050.o
    0x08002046   0x00000002   PAD
    0x08002048   0x00000404   Code   RO          269    i.IMUupdate         imu.o
    0x0800244c   0x00000064   Code   RO          590    i.InitCurrWrAddress  eeprom.o
    0x080024b0   0x000000a0   Code   RO          764    i.InitMPU6050       i2c_mpu6050.o
    0x08002550   0x00000094   Code   RO          447    i.LED3_ON_Frequency  led.o
    0x080025e4   0x00000064   Code   RO          448    i.LED_Init          led.o
    0x08002648   0x00000088   Code   RO          449    i.LED_ON_OFF        led.o
    0x080026d0   0x000000ac   Code   RO          765    i.MPU6050_Compose   i2c_mpu6050.o
    0x0800277c   0x000001cc   Code   RO          766    i.MPU6050_Offset    i2c_mpu6050.o
    0x08002948   0x0000006c   Code   RO          768    i.MPU6050_SequenceRead  i2c_mpu6050.o
    0x080029b4   0x00000080   Code   RO          769    i.MPU6050_SingleRead  i2c_mpu6050.o
    0x08002a34   0x00000004   Code   RO          162    i.MemManage_Handler  stm32f10x_it.o
    0x08002a38   0x00000050   Code   RO          541    i.Motor_Init        motor.o
    0x08002a88   0x00000058   Code   RO          542    i.Motor_Out         motor.o
    0x08002ae0   0x00000002   Code   RO          163    i.NMI_Handler       stm32f10x_it.o
    0x08002ae2   0x00000002   PAD
    0x08002ae4   0x00000218   Code   RO          870    i.NRF24L01_Analyse  spi_nrf24l01.o
    0x08002cfc   0x00000084   Code   RO          871    i.NRF24L01_Check    spi_nrf24l01.o
    0x08002d80   0x00000064   Code   RO          872    i.NRF24L01_IRQ      spi_nrf24l01.o
    0x08002de4   0x00000090   Code   RO          873    i.NRF24L01_Init     spi_nrf24l01.o
    0x08002e74   0x00000020   Code   RO          874    i.NRF24L01_Set_RX   spi_nrf24l01.o
    0x08002e94   0x00000020   Code   RO          875    i.NRF24L01_Set_TX   spi_nrf24l01.o
    0x08002eb4   0x00000040   Code   RO          876    i.NRF_Read_Buff     spi_nrf24l01.o
    0x08002ef4   0x00000028   Code   RO          877    i.NRF_Read_Reg      spi_nrf24l01.o
    0x08002f1c   0x00000028   Code   RO          878    i.NRF_Send_TX       spi_nrf24l01.o
    0x08002f44   0x0000003c   Code   RO          879    i.NRF_Write_Buf     spi_nrf24l01.o
    0x08002f80   0x0000002c   Code   RO          880    i.NRF_Write_Reg     spi_nrf24l01.o
    0x08002fac   0x00000074   Code   RO          980    i.NVIC_Init         misc.o
    0x08003020   0x00000014   Code   RO          981    i.NVIC_PriorityGroupConfig  misc.o
    0x08003034   0x000000e4   Code   RO          881    i.Nrf_Connect       spi_nrf24l01.o
    0x08003118   0x00000064   Code   RO          320    i.Nvic_Init         tasks.o
    0x0800317c   0x00000088   Code   RO          653    i.PID_Reset         struct_all.o
    0x08003204   0x00000002   Code   RO          164    i.PendSV_Handler    stm32f10x_it.o
    0x08003206   0x00000002   PAD
    0x08003208   0x0000003c   Code   RO          478    i.PrintHexU8        uart.o
    0x08003244   0x00000018   Code   RO          481    i.PrintString       uart.o
    0x0800325c   0x00000098   Code   RO          422    i.Print_MSP_ATTITUDE  protocol.o
    0x080032f4   0x000001c0   Code   RO          423    i.Print_MSP_FLY_DATA  protocol.o
    0x080034b4   0x00000144   Code   RO          424    i.Print_MSP_RAW_IMU  protocol.o
    0x080035f8   0x00000018   Code   RO         2545    i.RCC_ADCCLKConfig  stm32f10x_rcc.o
    0x08003610   0x00000020   Code   RO         2546    i.RCC_AHBPeriphClockCmd  stm32f10x_rcc.o
    0x08003630   0x00000020   Code   RO         2547    i.RCC_APB1PeriphClockCmd  stm32f10x_rcc.o
    0x08003650   0x00000020   Code   RO         2548    i.RCC_APB1PeriphResetCmd  stm32f10x_rcc.o
    0x08003670   0x00000020   Code   RO         2549    i.RCC_APB2PeriphClockCmd  stm32f10x_rcc.o
    0x08003690   0x00000020   Code   RO         2550    i.RCC_APB2PeriphResetCmd  stm32f10x_rcc.o
    0x080036b0   0x000000d8   Code   RO         2557    i.RCC_GetClocksFreq  stm32f10x_rcc.o
    0x08003788   0x0000014c   Code   RO          387    i.RC_LOCK           control.o
    0x080038d4   0x000000fe   Code   RO          388    i.RC_Limit          control.o
    0x080039d2   0x00000002   PAD
    0x080039d4   0x00000120   Code   RO          882    i.SPI1_Init         spi_nrf24l01.o
    0x08003af4   0x00000018   Code   RO         3026    i.SPI_Cmd           stm32f10x_spi.o
    0x08003b0c   0x00000012   Code   RO         3034    i.SPI_I2S_GetFlagStatus  stm32f10x_spi.o
    0x08003b1e   0x00000006   Code   RO         3037    i.SPI_I2S_ReceiveData  stm32f10x_spi.o
    0x08003b24   0x00000004   Code   RO         3038    i.SPI_I2S_SendData  stm32f10x_spi.o
    0x08003b28   0x0000003c   Code   RO         3039    i.SPI_Init          stm32f10x_spi.o
    0x08003b64   0x00000038   Code   RO          883    i.SPI_RW            spi_nrf24l01.o
    0x08003b9c   0x00000002   Code   RO          165    i.SVC_Handler       stm32f10x_it.o
    0x08003b9e   0x00000002   PAD
    0x08003ba0   0x00000048   Code   RO          884    i.Send_Data_Back    spi_nrf24l01.o
    0x08003be8   0x00000008   Code   RO          234    i.SetSysClock       system_stm32f10x.o
    0x08003bf0   0x000000dc   Code   RO          235    i.SetSysClockTo72   system_stm32f10x.o
    0x08003ccc   0x0000004c   Code   RO          770    i.Single_ReadI2C    i2c_mpu6050.o
    0x08003d18   0x00000040   Code   RO          771    i.Single_WriteI2C   i2c_mpu6050.o
    0x08003d58   0x00000060   Code   RO          237    i.SystemInit        system_stm32f10x.o
    0x08003db8   0x00000060   Code   RO          166    i.TIM3_IRQHandler   stm32f10x_it.o
    0x08003e18   0x00000018   Code   RO         3169    i.TIM_ARRPreloadConfig  stm32f10x_tim.o
    0x08003e30   0x00000006   Code   RO         3175    i.TIM_ClearFlag     stm32f10x_tim.o
    0x08003e36   0x00000018   Code   RO         3181    i.TIM_Cmd           stm32f10x_tim.o
    0x08003e4e   0x00000002   PAD
    0x08003e50   0x000001e8   Code   RO         3186    i.TIM_DeInit        stm32f10x_tim.o
    0x08004038   0x00000012   Code   RO         3206    i.TIM_ITConfig      stm32f10x_tim.o
    0x0800404a   0x00000002   PAD
    0x0800404c   0x00000098   Code   RO         3210    i.TIM_OC1Init       stm32f10x_tim.o
    0x080040e4   0x00000012   Code   RO         3213    i.TIM_OC1PreloadConfig  stm32f10x_tim.o
    0x080040f6   0x00000002   PAD
    0x080040f8   0x000000a4   Code   RO         3215    i.TIM_OC2Init       stm32f10x_tim.o
    0x0800419c   0x0000001a   Code   RO         3218    i.TIM_OC2PreloadConfig  stm32f10x_tim.o
    0x080041b6   0x00000002   PAD
    0x080041b8   0x000000a0   Code   RO         3220    i.TIM_OC3Init       stm32f10x_tim.o
    0x08004258   0x00000012   Code   RO         3223    i.TIM_OC3PreloadConfig  stm32f10x_tim.o
    0x0800426a   0x00000002   PAD
    0x0800426c   0x0000007c   Code   RO         3225    i.TIM_OC4Init       stm32f10x_tim.o
    0x080042e8   0x0000001a   Code   RO         3227    i.TIM_OC4PreloadConfig  stm32f10x_tim.o
    0x08004302   0x00000002   PAD
    0x08004304   0x000000a4   Code   RO         3252    i.TIM_TimeBaseInit  stm32f10x_tim.o
    0x080043a8   0x00000098   Code   RO          321    i.Task_1000HZ       tasks.o
    0x08004440   0x00000030   Code   RO          322    i.Task_250HZ        tasks.o
    0x08004470   0x00000034   Code   RO          323    i.Task_500HZ        tasks.o
    0x080044a4   0x000000a0   Code   RO          543    i.Tim2_init         motor.o
    0x08004544   0x00000064   Code   RO          564    i.Timer3_Init       timer3.o
    0x080045a8   0x00000078   Code   RO          484    i.USART1_IRQHandler  uart.o
    0x08004620   0x00000012   Code   RO         3713    i.USART_ClearFlag   stm32f10x_usart.o
    0x08004632   0x00000018   Code   RO         3717    i.USART_Cmd         stm32f10x_usart.o
    0x0800464a   0x0000001a   Code   RO         3720    i.USART_GetFlagStatus  stm32f10x_usart.o
    0x08004664   0x0000004a   Code   RO         3723    i.USART_ITConfig    stm32f10x_usart.o
    0x080046ae   0x00000002   PAD
    0x080046b0   0x000000d8   Code   RO         3724    i.USART_Init        stm32f10x_usart.o
    0x08004788   0x0000000a   Code   RO         3731    i.USART_ReceiveData  stm32f10x_usart.o
    0x08004792   0x00000002   PAD
    0x08004794   0x00000098   Code   RO          485    i.Uart1_Init        uart.o
    0x0800482c   0x00000004   Code   RO          167    i.UsageFault_Handler  stm32f10x_it.o
    0x08004830   0x00000028   Code   RO         4045    i.__ARM_fpclassify  m_ws.l(fpclassify.o)
    0x08004858   0x000001f8   Code   RO          591    i.__EE_Init         eeprom.o
    0x08004a50   0x000000aa   Code   RO         4047    i.__kernel_poly     m_ws.l(poly.o)
    0x08004afa   0x00000002   PAD
    0x08004afc   0x00000010   Code   RO         4043    i.__mathlib_dbl_underflow  m_ws.l(dunder.o)
    0x08004b0c   0x00000006   Code   RO          654    i.__set_PRIMASK     struct_all.o
    0x08004b12   0x00000002   PAD
    0x08004b14   0x0000027c   Code   RO         3990    i.asin              m_ws.l(asin.o)
    0x08004d90   0x00000224   Code   RO         4034    i.atan              m_ws.l(atan.o)
    0x08004fb4   0x00000180   Code   RO         4000    i.atan2             m_ws.l(atan2.o)
    0x08005134   0x0000004c   Code   RO          363    i.invSqrt           maths.o
    0x08005180   0x0000004c   Code   RO           10    i.main              main.o
    0x080051cc   0x0000004c   Code   RO         4051    i.sqrt              m_ws.l(sqrt.o)
    0x08005218   0x00000062   Code   RO         3953    x$fpl$d2f           fz_ws.l(d2f.o)
    0x0800527a   0x00000002   PAD
    0x0800527c   0x00000150   Code   RO         4010    x$fpl$dadd          fz_ws.l(daddsub_clz.o)
    0x080053cc   0x00000010   Code   RO         4078    x$fpl$dcheck1       fz_ws.l(dcheck1.o)
    0x080053dc   0x000002b0   Code   RO         4017    x$fpl$ddiv          fz_ws.l(ddiv.o)
    0x0800568c   0x00000154   Code   RO         3955    x$fpl$dmul          fz_ws.l(dmul.o)
    0x080057e0   0x0000009c   Code   RO         4020    x$fpl$dnaninf       fz_ws.l(dnaninf.o)
    0x0800587c   0x0000000c   Code   RO         4022    x$fpl$dretinf       fz_ws.l(dretinf.o)
    0x08005888   0x00000016   Code   RO         4011    x$fpl$drsb          fz_ws.l(daddsub_clz.o)
    0x0800589e   0x00000002   PAD
    0x080058a0   0x000001cc   Code   RO         4082    x$fpl$dsqrt         fz_ws.l(dsqrt_noumaal.o)
    0x08005a6c   0x000001d4   Code   RO         4012    x$fpl$dsub          fz_ws.l(daddsub_clz.o)
    0x08005c40   0x00000056   Code   RO         3957    x$fpl$f2d           fz_ws.l(f2d.o)
    0x08005c96   0x00000002   PAD
    0x08005c98   0x000000c4   Code   RO         3959    x$fpl$fadd          fz_ws.l(faddsub_clz.o)
    0x08005d5c   0x00000018   Code   RO         4024    x$fpl$fcmpinf       fz_ws.l(fcmpi.o)
    0x08005d74   0x00000184   Code   RO         3966    x$fpl$fdiv          fz_ws.l(fdiv.o)
    0x08005ef8   0x00000036   Code   RO         3969    x$fpl$ffix          fz_ws.l(ffix.o)
    0x08005f2e   0x00000002   PAD
    0x08005f30   0x0000003e   Code   RO         3973    x$fpl$ffixu         fz_ws.l(ffixu.o)
    0x08005f6e   0x00000002   PAD
    0x08005f70   0x00000030   Code   RO         3978    x$fpl$fflt          fz_ws.l(fflt_clz.o)
    0x08005fa0   0x00000026   Code   RO         3977    x$fpl$ffltu         fz_ws.l(fflt_clz.o)
    0x08005fc6   0x00000002   PAD
    0x08005fc8   0x00000068   Code   RO         3983    x$fpl$fleqf         fz_ws.l(fleqf.o)
    0x08006030   0x00000102   Code   RO         3985    x$fpl$fmul          fz_ws.l(fmul.o)
    0x08006132   0x0000008c   Code   RO         4026    x$fpl$fnaninf       fz_ws.l(fnaninf.o)
    0x080061be   0x0000000a   Code   RO         4028    x$fpl$fretinf       fz_ws.l(fretinf.o)
    0x080061c8   0x00000062   Code   RO         3987    x$fpl$frleqf        fz_ws.l(frleqf.o)
    0x0800622a   0x00000014   Code   RO         3960    x$fpl$frsb          fz_ws.l(faddsub_clz.o)
    0x0800623e   0x00000002   PAD
    0x08006240   0x000000ea   Code   RO         3961    x$fpl$fsub          fz_ws.l(faddsub_clz.o)
    0x0800632a   0x00000064   Code   RO         4099    x$fpl$retnan        fz_ws.l(retnan.o)
    0x0800638e   0x0000005c   Code   RO         4030    x$fpl$scalbn        fz_ws.l(scalbn.o)
    0x080063ea   0x00000030   Code   RO         4146    x$fpl$trapveneer    fz_ws.l(trapv.o)
    0x0800641a   0x00000000   Code   RO         4032    x$fpl$usenofp       fz_ws.l(usenofp.o)
    0x0800641a   0x00000006   PAD
    0x08006420   0x00000050   Data   RO         3991    .constdata          m_ws.l(asin.o)
    0x08006470   0x00000098   Data   RO         4035    .constdata          m_ws.l(atan.o)
    0x08006508   0x00000008   Data   RO         4049    .constdata          m_ws.l(qnan.o)
    0x08006510   0x00000020   Data   RO         4224    Region$$Table       anon$$obj.o


    Execution Region RW_IRAM1 (Base: 0x20000000, Size: 0x000009a8, Max: 0x00005000, ABSOLUTE)

    Base Addr    Size         Type   Attr      Idx    E Section Name        Object

    0x20000000   0x00000003   Data   RW          168    .data               stm32f10x_it.o
    0x20000003   0x00000001   PAD
    0x20000004   0x0000001c   Data   RW          270    .data               imu.o
    0x20000020   0x00000014   Data   RW          296    .data               filter.o
    0x20000034   0x00000001   Data   RW          324    .data               tasks.o
    0x20000035   0x00000004   Data   RW          390    .data               control.o
    0x20000039   0x00000003   PAD
    0x2000003c   0x0000000c   Data   RW          450    .data               led.o
    0x20000048   0x00000002   Data   RW          487    .data               uart.o
    0x2000004a   0x00000002   PAD
    0x2000004c   0x00000006   Data   RW          565    .data               timer3.o
    0x20000052   0x00000002   PAD
    0x20000054   0x00000008   Data   RW          592    .data               eeprom.o
    0x2000005c   0x0000004a   Data   RW          656    .data               struct_all.o
    0x200000a6   0x00000008   Data   RW          723    .data               dma_adc.o
    0x200000ae   0x00000002   PAD
    0x200000b0   0x00000025   Data   RW          773    .data               i2c_mpu6050.o
    0x200000d5   0x00000001   PAD
    0x200000d6   0x0000000e   Data   RW          886    .data               spi_nrf24l01.o
    0x200000e4   0x00000014   Data   RW         2577    .data               stm32f10x_rcc.o
    0x200000f8   0x00000030   Zero   RW          389    .bss                control.o
    0x20000128   0x00000132   Zero   RW          486    .bss                uart.o
    0x2000025a   0x00000002   PAD
    0x2000025c   0x00000098   Zero   RW          655    .bss                struct_all.o
    0x200002f4   0x0000000e   Zero   RW          772    .bss                i2c_mpu6050.o
    0x20000302   0x00000040   Zero   RW          885    .bss                spi_nrf24l01.o
    0x20000342   0x00000002   PAD
    0x20000344   0x00000060   Zero   RW         4085    .bss                c_w.l(libspace.o)
    0x200003a4   0x00000004   PAD
    0x200003a8   0x00000200   Zero   RW            2    HEAP                startup_stm32f10x_md.o
    0x200005a8   0x00000400   Zero   RW            1    STACK               startup_stm32f10x_md.o


==============================================================================

Image component sizes


      Code (inc. data)   RO Data    RW Data    ZI Data      Debug   Object Name

      2538        134          0          4         48       3690   control.o
       312         20          0          8          0       1944   dma_adc.o
      1280         84          0          8          0       7158   eeprom.o
       416         32          0         20          0       2424   filter.o
      1990        212          0         37         14       9783   i2c_mpu6050.o
      1308         70          0         28          0       2089   imu.o
       414         50          0         12          0       2052   led.o
        76         14          0          0          0     287661   main.o
       174         10          0          0          0       1866   maths.o
       136         24          0          0          0       1555   misc.o
       328         38          0          0          0       1621   motor.o
       924         54          0          0          0       1818   protocol.o
      1868        256          0         14         64       9223   spi_nrf24l01.o
        64         26        236          0       1536        896   startup_stm32f10x_md.o
       518         30          0          0          0       8441   stm32f10x_adc.o
       416          8          0          0          0       3434   stm32f10x_dma.o
       200         18          0          0          0       2112   stm32f10x_exti.o
       254         24          0          0          0       2925   stm32f10x_flash.o
       482         10          0          0          0       3408   stm32f10x_gpio.o
       142         26          0          3          0       4341   stm32f10x_it.o
       400         60          0         20          0       6667   stm32f10x_rcc.o
       112          0          0          0          0       3818   stm32f10x_spi.o
      1412        156          0          0          0       9372   stm32f10x_tim.o
       368          6          0          0          0       5386   stm32f10x_usart.o
      1162        192          0         74        152      21568   struct_all.o
       324         26          0          0          0       1793   system_stm32f10x.o
       492        100          0          1          0       2435   tasks.o
       100         14          0          6          0        778   timer3.o
       356         40          0          2        306       2545   uart.o

    ----------------------------------------------------------------------
     18604       1734        268        248       2124     412803   Object Totals
         0          0         32          0          0          0   (incl. Generated)
        38          0          0         11          4          0   (incl. Padding)

    ----------------------------------------------------------------------

      Code (inc. data)   RO Data    RW Data    ZI Data      Debug   Library Member Name

         8          0          0          0          0         68   __main.o
        52          8          0          0          0          0   __scatter.o
        26          0          0          0          0          0   __scatter_copy.o
        28          0          0          0          0          0   __scatter_zi.o
        22          0          0          0          0        100   _rserrno.o
        12          0          0          0          0         72   exit.o
         6          0          0          0          0        152   heapauxi.o
         0          0          0          0          0          0   indicate_semi.o
         2          0          0          0          0          0   libinit.o
         2          0          0          0          0          0   libinit2.o
         2          0          0          0          0          0   libshutdown.o
         2          0          0          0          0          0   libshutdown2.o
         8          4          0          0         96         68   libspace.o
         8          4          0          0          0         68   rt_errno_addr_intlibspace.o
         0          0          0          0          0          0   rtentry.o
        12          0          0          0          0          0   rtentry2.o
         6          0          0          0          0          0   rtentry4.o
         2          0          0          0          0          0   rtexit.o
        10          0          0          0          0          0   rtexit2.o
        12          4          0          0          0         68   sys_exit.o
        74          0          0          0          0         80   sys_stackheap_outer.o
         2          0          0          0          0         68   use_no_semi.o
        98          4          0          0          0         92   d2f.o
       826         16          0          0          0        348   daddsub_clz.o
        16          4          0          0          0         68   dcheck1.o
       688        140          0          0          0        208   ddiv.o
       340         12          0          0          0        104   dmul.o
       156          4          0          0          0         92   dnaninf.o
        12          0          0          0          0         68   dretinf.o
       460         56          0          0          0        120   dsqrt_noumaal.o
        86          4          0          0          0         84   f2d.o
       450          8          0          0          0        236   faddsub_clz.o
        24          0          0          0          0         68   fcmpi.o
       388         76          0          0          0         96   fdiv.o
        54          4          0          0          0         84   ffix.o
        62          4          0          0          0         84   ffixu.o
        86          0          0          0          0        136   fflt_clz.o
       104          4          0          0          0         84   fleqf.o
       258          4          0          0          0         84   fmul.o
       140          4          0          0          0         84   fnaninf.o
        10          0          0          0          0         68   fretinf.o
        98          0          0          0          0         68   frleqf.o
       100          0          0          0          0         68   retnan.o
        92          0          0          0          0         68   scalbn.o
        48          0          0          0          0         68   trapv.o
         0          0          0          0          0          0   usenofp.o
       636         52         80          0          0        168   asin.o
       548         70        152          0          0        124   atan.o
       384         38          0          0          0        144   atan2.o
        16          6          0          0          0         68   dunder.o
        40          0          0          0          0         68   fpclassify.o
       170          0          0          0          0         96   poly.o
         0          0          8          0          0          0   qnan.o
        76          0          0          0          0         84   sqrt.o

    ----------------------------------------------------------------------
      6792        530        240          0        100       3976   Library Totals
        30          0          0          0          4          0   (incl. Padding)

    ----------------------------------------------------------------------

      Code (inc. data)   RO Data    RW Data    ZI Data      Debug   Library Name

       296         20          0          0         96        744   c_w.l
      4596        344          0          0          0       2480   fz_ws.l
      1870        166        240          0          0        752   m_ws.l

    ----------------------------------------------------------------------
      6792        530        240          0        100       3976   Library Totals

    ----------------------------------------------------------------------

==============================================================================


      Code (inc. data)   RO Data    RW Data    ZI Data      Debug   

     25396       2264        508        248       2224     406431   Grand Totals
     25396       2264        508        248       2224     406431   ELF Image Totals
     25396       2264        508        248          0          0   ROM Totals

==============================================================================

    Total RO  Size (Code + RO Data)                25904 (  25.30kB)
    Total RW  Size (RW Data + ZI Data)              2472 (   2.41kB)
    Total ROM Size (Code + RO Data + RW Data)      26152 (  25.54kB)

==============================================================================

